Archive member included to satisfy reference by file (symbol)

C:/ST/STM32CubeIDE_1.17.0/STM32CubeIDE/plugins/com.st.stm32cube.ide.mcu.externaltools.gnu-tools-for-stm32.13.3.rel1.win32_1.0.0.202411081344/tools/bin/../lib/gcc/arm-none-eabi/13.3.1/../../../../arm-none-eabi/lib/thumb/v7e-m+fp/hard\libc_nano.a(libc_a-exit.o)
                              C:/ST/STM32CubeIDE_1.17.0/STM32CubeIDE/plugins/com.st.stm32cube.ide.mcu.externaltools.gnu-tools-for-stm32.13.3.rel1.win32_1.0.0.202411081344/tools/bin/../lib/gcc/arm-none-eabi/13.3.1/../../../../arm-none-eabi/lib/thumb/v7e-m+fp/hard/crt0.o (exit)
C:/ST/STM32CubeIDE_1.17.0/STM32CubeIDE/plugins/com.st.stm32cube.ide.mcu.externaltools.gnu-tools-for-stm32.13.3.rel1.win32_1.0.0.202411081344/tools/bin/../lib/gcc/arm-none-eabi/13.3.1/../../../../arm-none-eabi/lib/thumb/v7e-m+fp/hard\libc_nano.a(libc_a-rand.o)
                              ./Core/Src/mcu.o (rand)
C:/ST/STM32CubeIDE_1.17.0/STM32CubeIDE/plugins/com.st.stm32cube.ide.mcu.externaltools.gnu-tools-for-stm32.13.3.rel1.win32_1.0.0.202411081344/tools/bin/../lib/gcc/arm-none-eabi/13.3.1/../../../../arm-none-eabi/lib/thumb/v7e-m+fp/hard\libc_nano.a(libc_a-nano-vfprintf_float.o)
                              (_printf_float)
C:/ST/STM32CubeIDE_1.17.0/STM32CubeIDE/plugins/com.st.stm32cube.ide.mcu.externaltools.gnu-tools-for-stm32.13.3.rel1.win32_1.0.0.202411081344/tools/bin/../lib/gcc/arm-none-eabi/13.3.1/../../../../arm-none-eabi/lib/thumb/v7e-m+fp/hard\libc_nano.a(libc_a-nano-vfprintf_i.o)
                              C:/ST/STM32CubeIDE_1.17.0/STM32CubeIDE/plugins/com.st.stm32cube.ide.mcu.externaltools.gnu-tools-for-stm32.13.3.rel1.win32_1.0.0.202411081344/tools/bin/../lib/gcc/arm-none-eabi/13.3.1/../../../../arm-none-eabi/lib/thumb/v7e-m+fp/hard\libc_nano.a(libc_a-nano-vfprintf_float.o) (_printf_common)
C:/ST/STM32CubeIDE_1.17.0/STM32CubeIDE/plugins/com.st.stm32cube.ide.mcu.externaltools.gnu-tools-for-stm32.13.3.rel1.win32_1.0.0.202411081344/tools/bin/../lib/gcc/arm-none-eabi/13.3.1/../../../../arm-none-eabi/lib/thumb/v7e-m+fp/hard\libc_nano.a(libc_a-findfp.o)
                              C:/ST/STM32CubeIDE_1.17.0/STM32CubeIDE/plugins/com.st.stm32cube.ide.mcu.externaltools.gnu-tools-for-stm32.13.3.rel1.win32_1.0.0.202411081344/tools/bin/../lib/gcc/arm-none-eabi/13.3.1/../../../../arm-none-eabi/lib/thumb/v7e-m+fp/hard\libc_nano.a(libc_a-exit.o) (__stdio_exit_handler)
C:/ST/STM32CubeIDE_1.17.0/STM32CubeIDE/plugins/com.st.stm32cube.ide.mcu.externaltools.gnu-tools-for-stm32.13.3.rel1.win32_1.0.0.202411081344/tools/bin/../lib/gcc/arm-none-eabi/13.3.1/../../../../arm-none-eabi/lib/thumb/v7e-m+fp/hard\libc_nano.a(libc_a-fwalk.o)
                              C:/ST/STM32CubeIDE_1.17.0/STM32CubeIDE/plugins/com.st.stm32cube.ide.mcu.externaltools.gnu-tools-for-stm32.13.3.rel1.win32_1.0.0.202411081344/tools/bin/../lib/gcc/arm-none-eabi/13.3.1/../../../../arm-none-eabi/lib/thumb/v7e-m+fp/hard\libc_nano.a(libc_a-findfp.o) (_fwalk_sglue)
C:/ST/STM32CubeIDE_1.17.0/STM32CubeIDE/plugins/com.st.stm32cube.ide.mcu.externaltools.gnu-tools-for-stm32.13.3.rel1.win32_1.0.0.202411081344/tools/bin/../lib/gcc/arm-none-eabi/13.3.1/../../../../arm-none-eabi/lib/thumb/v7e-m+fp/hard\libc_nano.a(libc_a-sprintf.o)
                              ./Core/Src/main.o (sprintf)
C:/ST/STM32CubeIDE_1.17.0/STM32CubeIDE/plugins/com.st.stm32cube.ide.mcu.externaltools.gnu-tools-for-stm32.13.3.rel1.win32_1.0.0.202411081344/tools/bin/../lib/gcc/arm-none-eabi/13.3.1/../../../../arm-none-eabi/lib/thumb/v7e-m+fp/hard\libc_nano.a(libc_a-stdio.o)
                              C:/ST/STM32CubeIDE_1.17.0/STM32CubeIDE/plugins/com.st.stm32cube.ide.mcu.externaltools.gnu-tools-for-stm32.13.3.rel1.win32_1.0.0.202411081344/tools/bin/../lib/gcc/arm-none-eabi/13.3.1/../../../../arm-none-eabi/lib/thumb/v7e-m+fp/hard\libc_nano.a(libc_a-findfp.o) (__sread)
C:/ST/STM32CubeIDE_1.17.0/STM32CubeIDE/plugins/com.st.stm32cube.ide.mcu.externaltools.gnu-tools-for-stm32.13.3.rel1.win32_1.0.0.202411081344/tools/bin/../lib/gcc/arm-none-eabi/13.3.1/../../../../arm-none-eabi/lib/thumb/v7e-m+fp/hard\libc_nano.a(libc_a-memset.o)
                              C:/ST/STM32CubeIDE_1.17.0/STM32CubeIDE/plugins/com.st.stm32cube.ide.mcu.externaltools.gnu-tools-for-stm32.13.3.rel1.win32_1.0.0.202411081344/tools/bin/../lib/gcc/arm-none-eabi/13.3.1/../../../../arm-none-eabi/lib/thumb/v7e-m+fp/hard/crt0.o (memset)
C:/ST/STM32CubeIDE_1.17.0/STM32CubeIDE/plugins/com.st.stm32cube.ide.mcu.externaltools.gnu-tools-for-stm32.13.3.rel1.win32_1.0.0.202411081344/tools/bin/../lib/gcc/arm-none-eabi/13.3.1/../../../../arm-none-eabi/lib/thumb/v7e-m+fp/hard\libc_nano.a(libc_a-lcltime.o)
                              ./Core/Src/main.o (localtime)
C:/ST/STM32CubeIDE_1.17.0/STM32CubeIDE/plugins/com.st.stm32cube.ide.mcu.externaltools.gnu-tools-for-stm32.13.3.rel1.win32_1.0.0.202411081344/tools/bin/../lib/gcc/arm-none-eabi/13.3.1/../../../../arm-none-eabi/lib/thumb/v7e-m+fp/hard\libc_nano.a(libc_a-lcltime_r.o)
[...]
Memory Configuration

Name             Origin             Length             Attributes
FLASH            0x08000000         0x00080000         xr
RAM1             0x20000008         0x0002fff8         xrw
RAM_SHARED       0x20030000         0x00002800         xrw
*default*        0x00000000         0xffffffff

Linker script and memory map

LOAD C:/ST/STM32CubeIDE_1.17.0/STM32CubeIDE/plugins/com.st.stm32cube.ide.mcu.externaltools.gnu-tools-for-stm32.13.3.rel1.win32_1.0.0.202411081344/tools/bin/../lib/gcc/arm-none-eabi/13.3.1/thumb/v7e-m+fp/hard/crti.o
LOAD C:/ST/STM32CubeIDE_1.17.0/STM32CubeIDE/plugins/com.st.stm32cube.ide.mcu.externaltools.gnu-tools-for-stm32.13.3.rel1.win32_1.0.0.202411081344/tools/bin/../lib/gcc/arm-none-eabi/13.3.1/thumb/v7e-m+fp/hard/crtbegin.o
LOAD C:/ST/STM32CubeIDE_1.17.0/STM32CubeIDE/plugins/com.st.stm32cube.ide.mcu.externaltools.gnu-tools-for-stm32.13.3.rel1.win32_1.0.0.202411081344/tools/bin/../lib/gcc/arm-none-eabi/13.3.1/../../../../arm-none-eabi/lib/thumb/v7e-m+fp/hard/crt0.o
LOAD ./Core/Src/canfdspi_api.o
LOAD ./Core/Src/eeprom_emul.o
LOAD ./Core/Src/flash_interface.o
LOAD ./Core/Src/main.o
LOAD ./Core/Src/mcu.o
LOAD ./Core/Src/stm32wbxx_hal_msp.o
LOAD ./Core/Src/stm32wbxx_it.o
LOAD ./Core/Src/syscalls.o
LOAD ./Core/Src/sysmem.o
LOAD ./Core/Src/system_stm32wbxx.o
LOAD ./Core/Src/vcu.o
LOAD ./Core/Startup/startup_stm32wb55rgvx.o
LOAD ./Drivers/STM32WBxx_HAL_Driver/Src/stm32wbxx_hal.o
LOAD ./Drivers/STM32WBxx_HAL_Driver/Src/stm32wbxx_hal_cortex.o
LOAD ./Drivers/STM32WBxx_HAL_Driver/Src/stm32wbxx_hal_crc.o
LOAD ./Drivers/STM32WBxx_HAL_Driver/Src/stm32wbxx_hal_crc_ex.o
LOAD ./Drivers/STM32WBxx_HAL_Driver/Src/stm32wbxx_hal_dma.o
LOAD ./Drivers/STM32WBxx_HAL_Driver/Src/stm32wbxx_hal_dma_ex.o
LOAD ./Drivers/STM32WBxx_HAL_Driver/Src/stm32wbxx_hal_exti.o
LOAD ./Drivers/STM32WBxx_HAL_Driver/Src/stm32wbxx_hal_flash.o
LOAD ./Drivers/STM32WBxx_HAL_Driver/Src/stm32wbxx_hal_flash_ex.o
LOAD ./Drivers/STM32WBxx_HAL_Driver/Src/stm32wbxx_hal_gpio.o
LOAD ./Drivers/STM32WBxx_HAL_Driver/Src/stm32wbxx_hal_hsem.o
LOAD ./Drivers/STM32WBxx_HAL_Driver/Src/stm32wbxx_hal_pcd.o
LOAD ./Drivers/STM32WBxx_HAL_Driver/Src/stm32wbxx_hal_pcd_ex.o
LOAD ./Drivers/STM32WBxx_HAL_Driver/Src/stm32wbxx_hal_pka.o
LOAD ./Drivers/STM32WBxx_HAL_Driver/Src/stm32wbxx_hal_pwr.o
LOAD ./Drivers/STM32WBxx_HAL_Driver/Src/stm32wbxx_hal_pwr_ex.o
LOAD ./Drivers/STM32WBxx_HAL_Driver/Src/stm32wbxx_hal_rcc.o
LOAD ./Drivers/STM32WBxx_HAL_Driver/Src/stm32wbxx_hal_rcc_ex.o
LOAD ./Drivers/STM32WBxx_HAL_Driver/Src/stm32wbxx_hal_rtc.o
LOAD ./Drivers/STM32WBxx_HAL_Driver/Src/stm32wbxx_hal_rtc_ex.o
LOAD ./Drivers/STM32WBxx_HAL_Driver/Src/stm32wbxx_hal_spi.o
LOAD ./Drivers/STM32WBxx_HAL_Driver/Src/stm32wbxx_hal_spi_ex.o
LOAD ./Drivers/STM32WBxx_HAL_Driver/Src/stm32wbxx_hal_tim.o
LOAD ./Drivers/STM32WBxx_HAL_Driver/Src/stm32wbxx_hal_tim_ex.o
LOAD ./Drivers/STM32WBxx_HAL_Driver/Src/stm32wbxx_hal_uart.o
LOAD ./Drivers/STM32WBxx_HAL_Driver/Src/stm32wbxx_hal_uart_ex.o
LOAD ./Drivers/STM32WBxx_HAL_Driver/Src/stm32wbxx_ll_rcc.o
LOAD ./Drivers/STM32WBxx_HAL_Driver/Src/stm32wbxx_ll_usb.o
START GROUP
LOAD C:/ST/STM32CubeIDE_1.17.0/STM32CubeIDE/plugins/com.st.stm32cube.ide.mcu.externaltools.gnu-tools-for-stm32.13.3.rel1.win32_1.0.0.202411081344/tools/bin/../lib/gcc/arm-none-eabi/13.3.1/../../../../arm-none-eabi/lib/thumb/v7e-m+fp/hard\libc_nano.a
LOAD C:/ST/STM32CubeIDE_1.17.0/STM32CubeIDE/plugins/com.st.stm32cube.ide.mcu.externaltools.gnu-tools-for-stm32.13.3.rel1.win32_1.0.0.202411081344/tools/bin/../lib/gcc/arm-none-eabi/13.3.1/../../../../arm-none-eabi/lib/thumb/v7e-m+fp/hard\libm.a
END GROUP
START GROUP
LOAD C:/ST/STM32CubeIDE_1.17.0/STM32CubeIDE/plugins/com.st.stm32cube.ide.mcu.externaltools.gnu-tools-for-stm32.13.3.rel1.win32_1.0.0.202411081344/tools/bin/../lib/gcc/arm-none-eabi/13.3.1/thumb/v7e-m+fp/hard\libgcc.a
LOAD C:/ST/STM32CubeIDE_1.17.0/STM32CubeIDE/plugins/com.st.stm32cube.ide.mcu.externaltools.gnu-tools-for-stm32.13.3.rel1.win32_1.0.0.202411081344/tools/bin/../lib/gcc/arm-none-eabi/13.3.1/../../../../arm-none-eabi/lib/thumb/v7e-m+fp/hard\libc_nano.a
END GROUP
START GROUP
LOAD C:/ST/STM32CubeIDE_1.17.0/STM32CubeIDE/plugins/com.st.stm32cube.ide.mcu.externaltools.gnu-tools-for-stm32.13.3.rel1.win32_1.0.0.202411081344/tools/bin/../lib/gcc/arm-none-eabi/13.3.1/thumb/v7e-m+fp/hard\libgcc.a
LOAD C:/ST/STM32CubeIDE_1.17.0/STM32CubeIDE/plugins/com.st.stm32cube.ide.mcu.externaltools.gnu-tools-for-stm32.13.3.rel1.win32_1.0.0.202411081344/tools/bin/../lib/gcc/arm-none-eabi/13.3.1/../../../../arm-none-eabi/lib/thumb/v7e-m+fp/hard\libc_nano.a
LOAD C:/ST/STM32CubeIDE_1.17.0/STM32CubeIDE/plugins/com.st.stm32cube.ide.mcu.externaltools.gnu-tools-for-stm32.13.3.rel1.win32_1.0.0.202411081344/tools/bin/../lib/gcc/arm-none-eabi/13.3.1/../../../../arm-none-eabi/lib/thumb/v7e-m+fp/hard\libnosys.a
END GROUP
START GROUP
LOAD C:/ST/STM32CubeIDE_1.17.0/STM32CubeIDE/plugins/com.st.stm32cube.ide.mcu.externaltools.gnu-tools-for-stm32.13.3.rel1.win32_1.0.0.202411081344/tools/bin/../lib/gcc/arm-none-eabi/13.3.1/thumb/v7e-m+fp/hard\libgcc.a
LOAD C:/ST/STM32CubeIDE_1.17.0/STM32CubeIDE/plugins/com.st.stm32cube.ide.mcu.externaltools.gnu-tools-for-stm32.13.3.rel1.win32_1.0.0.202411081344/tools/bin/../lib/gcc/arm-none-eabi/13.3.1/../../../../arm-none-eabi/lib/thumb/v7e-m+fp/hard\libc_nano.a
LOAD C:/ST/STM32CubeIDE_1.17.0/STM32CubeIDE/plugins/com.st.stm32cube.ide.mcu.externaltools.gnu-tools-for-stm32.13.3.rel1.win32_1.0.0.202411081344/tools/bin/../lib/gcc/arm-none-eabi/13.3.1/../../../../arm-none-eabi/lib/thumb/v7e-m+fp/hard\libnosys.a
END GROUP
LOAD C:/ST/STM32CubeIDE_1.17.0/STM32CubeIDE/plugins/com.st.stm32cube.ide.mcu.externaltools.gnu-tools-for-stm32.13.3.rel1.win32_1.0.0.202411081344/tools/bin/../lib/gcc/arm-none-eabi/13.3.1/thumb/v7e-m+fp/hard/crtend.o
LOAD C:/ST/STM32CubeIDE_1.17.0/STM32CubeIDE/plugins/com.st.stm32cube.ide.mcu.externaltools.gnu-tools-for-stm32.13.3.rel1.win32_1.0.0.202411081344/tools/bin/../lib/gcc/arm-none-eabi/13.3.1/thumb/v7e-m+fp/hard/crtn.o
                0x20030000                        _estack = (ORIGIN (RAM1) + LENGTH (RAM1))
                0x00000200                        _Min_Heap_Size = 0x200
                0x00000400                        _Min_Stack_Size = 0x400

.isr_vector     0x08000000      0x13c
                0x08000000                        . = ALIGN (0x4)
 *(.isr_vector)
 .isr_vector    0x08000000      0x13c ./Core/Startup/startup_stm32wb55rgvx.o
                0x08000000                g_pfnVectors
                0x0800013c                        . = ALIGN (0x4)

.text           0x08000140    0x18af0
                0x08000140                        . = ALIGN (0x4)
 *(.text)
 .text          0x08000140       0x40 C:/ST/STM32CubeIDE_1.17.0/STM32CubeIDE/plugins/com.st.stm32cube.ide.mcu.externaltools.gnu-tools-for-stm32.13.3.rel1.win32_1.0.0.202411081344/tools/bin/../lib/gcc/arm-none-eabi/13.3.1/thumb/v7e-m+fp/hard/crtbegin.o
 .text          0x08000180       0x14 C:/ST/STM32CubeIDE_1.17.0/STM32CubeIDE/plugins/com.st.stm32cube.ide.mcu.externaltools.gnu-tools-for-stm32.13.3.rel1.win32_1.0.0.202411081344/tools/bin/../lib/gcc/arm-none-eabi/13.3.1/../../../../arm-none-eabi/lib/thumb/v7e-m+fp/hard\libc_nano.a(libc_a-strcmp.o)
                0x08000180                strcmp
 *fill*         0x08000194        0xc 
 .text          0x080001a0       0xa0 C:/ST/STM32CubeIDE_1.17.0/STM32CubeIDE/plugins/com.st.stm32cube.ide.mcu.externaltools.gnu-tools-for-stm32.13.3.rel1.win32_1.0.0.202411081344/tools/bin/../lib/gcc/arm-none-eabi/13.3.1/../../../../arm-none-eabi/lib/thumb/v7e-m+fp/hard\libc_nano.a(libc_a-memchr.o)
                0x080001a0                memchr
 .text          0x08000240       0x10 C:/ST/STM32CubeIDE_1.17.0/STM32CubeIDE/plugins/com.st.stm32cube.ide.mcu.externaltools.gnu-tools-for-stm32.13.3.rel1.win32_1.0.0.202411081344/tools/bin/../lib/gcc/arm-none-eabi/13.3.1/../../../../arm-none-eabi/lib/thumb/v7e-m+fp/hard\libc_nano.a(libc_a-strlen.o)
                0x08000240                strlen
 .text          0x08000250      0x378 C:/ST/STM32CubeIDE_1.17.0/STM32CubeIDE/plugins/com.st.stm32cube.ide.mcu.externaltools.gnu-tools-for-stm32.13.3.rel1.win32_1.0.0.202411081344/tools/bin/../lib/gcc/arm-none-eabi/13.3.1/thumb/v7e-m+fp/hard\libgcc.a(_arm_addsubdf3.o)
                0x08000250                __aeabi_drsub
                0x08000258                __aeabi_dsub
                0x08000258                __subdf3
                0x0800025c                __aeabi_dadd
                0x0800025c                __adddf3
                0x080004d4                __floatunsidf
                0x080004d4                __aeabi_ui2d
                0x080004f4                __floatsidf
                0x080004f4                __aeabi_i2d
                0x08000518                __aeabi_f2d
                0x08000518                __extendsfdf2
                0x0800055c                __floatundidf
                0x0800055c                __aeabi_ul2d
                0x0800056c                __floatdidf
                0x0800056c                __aeabi_l2d
 .text          0x080005c8      0x424 C:/ST/STM32CubeIDE_1.17.0/STM32CubeIDE/plugins/com.st.stm32cube.ide.mcu.externaltools.gnu-tools-for-stm32.13.3.rel1.win32_1.0.0.202411081344/tools/bin/../lib/gcc/arm-none-eabi/13.3.1/thumb/v7e-m+fp/hard\libgcc.a(_arm_muldivdf3.o)
                0x080005c8                __aeabi_dmul
                0x080005c8                __muldf3
                0x0800081c                __divdf3
                0x0800081c                __aeabi_ddiv
 .text          0x080009ec      0x110 C:/ST/STM32CubeIDE_1.17.0/STM32CubeIDE/plugins/com.st.stm32cube.ide.mcu.externaltools.gnu-tools-for-stm32.13.3.rel1.win32_1.0.0.202411081344/tools/bin/../lib/gcc/arm-none-eabi/13.3.1/thumb/v7e-m+fp/hard\libgcc.a(_arm_cmpdf2.o)
                0x080009ec                __gtdf2
                0x080009ec                __gedf2
                0x080009f4                __ltdf2
                0x080009f4                __ledf2
                0x080009fc                __nedf2
                0x080009fc                __eqdf2
                0x080009fc                __cmpdf2
                0x08000a78                __aeabi_cdrcmple
                0x08000a88                __aeabi_cdcmpeq
                0x08000a88                __aeabi_cdcmple
                0x08000a98                __aeabi_dcmpeq
                0x08000aac                __aeabi_dcmplt
                0x08000ac0                __aeabi_dcmple
                0x08000ad4                __aeabi_dcmpge
                0x08000ae8                __aeabi_dcmpgt
 .text          0x08000afc       0x2c C:/ST/STM32CubeIDE_1.17.0/STM32CubeIDE/plugins/com.st.stm32cube.ide.mcu.externaltools.gnu-tools-for-stm32.13.3.rel1.win32_1.0.0.202411081344/tools/bin/../lib/gcc/arm-none-eabi/13.3.1/thumb/v7e-m+fp/hard\libgcc.a(_arm_unorddf2.o)
                0x08000afc                __unorddf2
                0x08000afc                __aeabi_dcmpun
 .text          0x08000b28       0x50 C:/ST/STM32CubeIDE_1.17.0/STM32CubeIDE/plugins/com.st.stm32cube.ide.mcu.externaltools.gnu-tools-for-stm32.13.3.rel1.win32_1.0.0.202411081344/tools/bin/../lib/gcc/arm-none-eabi/13.3.1/thumb/v7e-m+fp/hard\libgcc.a(_arm_fixdfsi.o)
                0x08000b28                __aeabi_d2iz
                0x08000b28                __fixdfsi
 .text          0x08000b78       0x40 C:/ST/STM32CubeIDE_1.17.0/STM32CubeIDE/plugins/com.st.stm32cube.ide.mcu.externaltools.gnu-tools-for-stm32.13.3.rel1.win32_1.0.0.202411081344/tools/bin/../lib/gcc/arm-none-eabi/13.3.1/thumb/v7e-m+fp/hard\libgcc.a(_arm_fixunsdfsi.o)
                0x08000b78                __aeabi_d2uiz
                0x08000b78                __fixunsdfsi
 .text          0x08000bb8       0xa0 C:/ST/STM32CubeIDE_1.17.0/STM32CubeIDE/plugins/com.st.stm32cube.ide.mcu.externaltools.gnu-tools-for-stm32.13.3.rel1.win32_1.0.0.202411081344/tools/bin/../lib/gcc/arm-none-eabi/13.3.1/thumb/v7e-m+fp/hard\libgcc.a(_arm_truncdfsf2.o)
                0x08000bb8                __truncdfsf2
                0x08000bb8                __aeabi_d2f
 .text          0x08000c58       0xa0 C:/ST/STM32CubeIDE_1.17.0/STM32CubeIDE/plugins/com.st.stm32cube.ide.mcu.externaltools.gnu-tools-for-stm32.13.3.rel1.win32_1.0.0.202411081344/tools/bin/../lib/gcc/arm-none-eabi/13.3.1/thumb/v7e-m+fp/hard\libgcc.a(_aeabi_ldivmod.o)
                0x08000c58                __aeabi_ldivmod
 .text          0x08000cf8       0x30 C:/ST/STM32CubeIDE_1.17.0/STM32CubeIDE/plugins/com.st.stm32cube.ide.mcu.externaltools.gnu-tools-for-stm32.13.3.rel1.win32_1.0.0.202411081344/tools/bin/../lib/gcc/arm-none-eabi/13.3.1/thumb/v7e-m+fp/hard\libgcc.a(_aeabi_uldivmod.o)
                0x08000cf8                __aeabi_uldivmod
 .text          0x08000d28      0x2f8 C:/ST/STM32CubeIDE_1.17.0/STM32CubeIDE/plugins/com.st.stm32cube.ide.mcu.externaltools.gnu-tools-for-stm32.13.3.rel1.win32_1.0.0.202411081344/tools/bin/../lib/gcc/arm-none-eabi/13.3.1/thumb/v7e-m+fp/hard\libgcc.a(_udivmoddi4.o)
                0x08000d28                __udivmoddi4
 .text          0x08001020        0x4 C:/ST/STM32CubeIDE_1.17.0/STM32CubeIDE/plugins/com.st.stm32cube.ide.mcu.externaltools.gnu-tools-for-stm32.13.3.rel1.win32_1.0.0.202411081344/tools/bin/../lib/gcc/arm-none-eabi/13.3.1/thumb/v7e-m+fp/hard\libgcc.a(_dvmd_tls.o)
                0x08001020                __aeabi_idiv0
                0x08001020                __aeabi_ldiv0
 *(.text*)
 .text.DRV_CANFDSPI_Reset
                0x08001024       0xf8 ./Core/Src/canfdspi_api.o
                0x08001024                DRV_CANFDSPI_Reset
 .text.DRV_CANFDSPI_ReadByte
                0x0800111c      0x11c ./Core/Src/canfdspi_api.o
                0x0800111c                DRV_CANFDSPI_ReadByte
 .text.DRV_CANFDSPI_WriteByte
                0x08001238      0x118 ./Core/Src/canfdspi_api.o
                0x08001238                DRV_CANFDSPI_WriteByte
 .text.DRV_CANFDSPI_ReadWord
                0x08001350      0x150 ./Core/Src/canfdspi_api.o
                0x08001350                DRV_CANFDSPI_ReadWord
 .text.DRV_CANFDSPI_WriteWord
                0x080014a0      0x134 ./Core/Src/canfdspi_api.o
                0x080014a0                DRV_CANFDSPI_WriteWord
 .text.DRV_CANFDSPI_ReadHalfWord
                0x080015d4      0x154 ./Core/Src/canfdspi_api.o
                0x080015d4                DRV_CANFDSPI_ReadHalfWord
 .text.DRV_CANFDSPI_WriteHalfWord
                0x08001728      0x134 ./Core/Src/canfdspi_api.o
                0x08001728                DRV_CANFDSPI_WriteHalfWord
 .text.DRV_CANFDSPI_ReadByteArray
                0x0800185c      0x164 ./Core/Src/canfdspi_api.o
                0x0800185c                DRV_CANFDSPI_ReadByteArray
 .text.DRV_CANFDSPI_WriteByteArray
                0x080019c0      0x148 ./Core/Src/canfdspi_api.o
                0x080019c0                DRV_CANFDSPI_WriteByteArray
 .text.DRV_CANFDSPI_ReadWordArray
                0x08001b08      0x1a0 ./Core/Src/canfdspi_api.o
                0x08001b08                DRV_CANFDSPI_ReadWordArray
 .text.DRV_CANFDSPI_Configure
                0x08001ca8      0x11c ./Core/Src/canfdspi_api.o
                0x08001ca8                DRV_CANFDSPI_Configure
 .text.DRV_CANFDSPI_ConfigureObjectReset
                0x08001dc4       0xf8 ./Core/Src/canfdspi_api.o
                0x08001dc4                DRV_CANFDSPI_ConfigureObjectReset
 .text.DRV_CANFDSPI_OperationModeSelect
                0x08001ebc       0x76 ./Core/Src/canfdspi_api.o
                0x08001ebc                DRV_CANFDSPI_OperationModeSelect
 *fill*         0x08001f32        0x2 
 .text.DRV_CANFDSPI_TransmitChannelConfigure
                0x08001f34       0xb0 ./Core/Src/canfdspi_api.o
                0x08001f34                DRV_CANFDSPI_TransmitChannelConfigure
 .text.DRV_CANFDSPI_TransmitChannelConfigureObjectReset
                0x08001fe4       0x78 ./Core/Src/canfdspi_api.o
                0x08001fe4                DRV_CANFDSPI_TransmitChannelConfigureObjectReset
 .text.DRV_CANFDSPI_TransmitChannelLoad
                0x0800205c      0x1e4 ./Core/Src/canfdspi_api.o
                0x0800205c                DRV_CANFDSPI_TransmitChannelLoad
 .text.DRV_CANFDSPI_TransmitChannelFlush
                0x08002240       0x54 ./Core/Src/canfdspi_api.o
                0x08002240                DRV_CANFDSPI_TransmitChannelFlush
 .text.DRV_CANFDSPI_TransmitChannelUpdate
                0x08002294       0x6c ./Core/Src/canfdspi_api.o
                0x08002294                DRV_CANFDSPI_TransmitChannelUpdate
 .text.DRV_CANFDSPI_FilterObjectConfigure
                0x08002300       0x44 ./Core/Src/canfdspi_api.o
                0x08002300                DRV_CANFDSPI_FilterObjectConfigure
 .text.DRV_CANFDSPI_FilterMaskConfigure
                0x08002344       0x48 ./Core/Src/canfdspi_api.o
                0x08002344                DRV_CANFDSPI_FilterMaskConfigure
 .text.DRV_CANFDSPI_FilterToFifoLink
                0x0800238c       0x70 ./Core/Src/canfdspi_api.o
                0x0800238c                DRV_CANFDSPI_FilterToFifoLink
 .text.DRV_CANFDSPI_ReceiveChannelConfigure
                0x080023fc       0x98 ./Core/Src/canfdspi_api.o
                0x080023fc                DRV_CANFDSPI_ReceiveChannelConfigure
 .text.DRV_CANFDSPI_ReceiveChannelConfigureObjectReset
                0x08002494       0x54 ./Core/Src/canfdspi_api.o
                0x08002494                DRV_CANFDSPI_ReceiveChannelConfigureObjectReset
 .text.DRV_CANFDSPI_ReceiveMessageGet
                0x080024e8      0x200 ./Core/Src/canfdspi_api.o
                0x080024e8                DRV_CANFDSPI_ReceiveMessageGet
 .text.DRV_CANFDSPI_ReceiveChannelUpdate
                0x080026e8       0x52 ./Core/Src/canfdspi_api.o
                0x080026e8                DRV_CANFDSPI_ReceiveChannelUpdate
 .text.DRV_CANFDSPI_ModuleEventEnable
                0x0800273a       0x80 ./Core/Src/canfdspi_api.o
                0x0800273a                DRV_CANFDSPI_ModuleEventEnable
 .text.DRV_CANFDSPI_TransmitChannelEventGet
                0x080027ba       0x66 ./Core/Src/canfdspi_api.o
                0x080027ba                DRV_CANFDSPI_TransmitChannelEventGet
 .text.DRV_CANFDSPI_ReceiveChannelEventGet
                0x08002820       0x72 ./Core/Src/canfdspi_api.o
                0x08002820                DRV_CANFDSPI_ReceiveChannelEventGet
 .text.DRV_CANFDSPI_ReceiveChannelEventEnable
                0x08002892       0x9c ./Core/Src/canfdspi_api.o
                0x08002892                DRV_CANFDSPI_ReceiveChannelEventEnable
 .text.DRV_CANFDSPI_ErrorCountStateGet
                0x0800292e       0x64 ./Core/Src/canfdspi_api.o
                0x0800292e                DRV_CANFDSPI_ErrorCountStateGet
 .text.DRV_CANFDSPI_EccEnable
                0x08002992       0x68 ./Core/Src/canfdspi_api.o
                0x08002992                DRV_CANFDSPI_EccEnable
 .text.DRV_CANFDSPI_RamInit
                0x080029fa       0x80 ./Core/Src/canfdspi_api.o
                0x080029fa                DRV_CANFDSPI_RamInit
 .text.DRV_CANFDSPI_BitTimeConfigure
                0x08002a7a       0xd8 ./Core/Src/canfdspi_api.o
                0x08002a7a                DRV_CANFDSPI_BitTimeConfigure
 *fill*         0x08002b52        0x2 
 .text.DRV_CANFDSPI_BitTimeConfigureNominal40MHz
                0x08002b54      0x10c ./Core/Src/canfdspi_api.o
                0x08002b54                DRV_CANFDSPI_BitTimeConfigureNominal40MHz
 .text.DRV_CANFDSPI_BitTimeConfigureData40MHz
                0x08002c60      0x470 ./Core/Src/canfdspi_api.o
                0x08002c60                DRV_CANFDSPI_BitTimeConfigureData40MHz
 .text.DRV_CANFDSPI_BitTimeConfigureNominal20MHz
                0x080030d0      0x118 ./Core/Src/canfdspi_api.o
                0x080030d0                DRV_CANFDSPI_BitTimeConfigureNominal20MHz
 .text.DRV_CANFDSPI_BitTimeConfigureData20MHz
                0x080031e8      0x354 ./Core/Src/canfdspi_api.o
                0x080031e8                DRV_CANFDSPI_BitTimeConfigureData20MHz
 .text.DRV_CANFDSPI_BitTimeConfigureNominal10MHz
                0x0800353c      0x118 ./Core/Src/canfdspi_api.o
                0x0800353c                DRV_CANFDSPI_BitTimeConfigureNominal10MHz
 .text.DRV_CANFDSPI_BitTimeConfigureData10MHz
                0x08003654      0x264 ./Core/Src/canfdspi_api.o
                0x08003654                DRV_CANFDSPI_BitTimeConfigureData10MHz
 .text.DRV_CANFDSPI_GpioModeConfigure
                0x080038b8       0x90 ./Core/Src/canfdspi_api.o
                0x080038b8                DRV_CANFDSPI_GpioModeConfigure
 .text.DRV_CANFDSPI_DlcToDataBytes
                0x08003948       0x80 ./Core/Src/canfdspi_api.o
                0x08003948                DRV_CANFDSPI_DlcToDataBytes
 .text.LL_AHB1_GRP1_EnableClock
                0x080039c8       0x32 ./Core/Src/eeprom_emul.o
 .text.LL_CRC_ResetCRCCalculationUnit
                0x080039fa       0x20 ./Core/Src/eeprom_emul.o
 .text.LL_CRC_SetPolynomialSize
                0x08003a1a       0x26 ./Core/Src/eeprom_emul.o
 .text.LL_CRC_SetPolynomialCoef
                0x08003a40       0x1c ./Core/Src/eeprom_emul.o
 .text.LL_CRC_FeedData32
                0x08003a5c       0x1c ./Core/Src/eeprom_emul.o
 .text.LL_CRC_FeedData16
                0x08003a78       0x22 ./Core/Src/eeprom_emul.o
 .text.LL_CRC_ReadData16
                0x08003a9a       0x1a ./Core/Src/eeprom_emul.o
 .text.EE_Init  0x08003ab4      0x9d4 ./Core/Src/eeprom_emul.o
                0x08003ab4                EE_Init
 .text.EE_Format
                0x08004488      0x140 ./Core/Src/eeprom_emul.o
                0x08004488                EE_Format
 .text.EE_ReadVariable32bits
                0x080045c8       0x4a ./Core/Src/eeprom_emul.o
                0x080045c8                EE_ReadVariable32bits
 .text.EE_WriteVariable32bits
                0x08004612       0x34 ./Core/Src/eeprom_emul.o
                0x08004612                EE_WriteVariable32bits
 *fill*         0x08004646        0x2 
 .text.EE_CleanUp
                0x08004648      0x124 ./Core/Src/eeprom_emul.o
                0x08004648                EE_CleanUp
 .text.EE_CleanUp_IT
                0x0800476c      0x124 ./Core/Src/eeprom_emul.o
                0x0800476c                EE_CleanUp_IT
 .text.ReadVariable
                0x08004890      0x1a8 ./Core/Src/eeprom_emul.o
 .text.WriteVariable
                0x08004a38       0x3e ./Core/Src/eeprom_emul.o
 .text.VerifyPageFullyErased
                0x08004a76       0x4a ./Core/Src/eeprom_emul.o
 .text.FindPage
                0x08004ac0      0x228 ./Core/Src/eeprom_emul.o
 .text.PagesTransfer
                0x08004ce8      0x44c ./Core/Src/eeprom_emul.o
 .text.VerifyPagesFullWriteVariable
                0x08005134      0x10c ./Core/Src/eeprom_emul.o
 .text.SetPageState
                0x08005240      0x184 ./Core/Src/eeprom_emul.o
 .text.GetPageState
                0x080053c4       0xc4 ./Core/Src/eeprom_emul.o
 .text.ConfigureCrc
                0x08005488       0x28 ./Core/Src/eeprom_emul.o
                0x08005488                ConfigureCrc
 .text.CalculateCrc
                0x080054b0       0x38 ./Core/Src/eeprom_emul.o
                0x080054b0                CalculateCrc
 .text.FI_WriteDoubleWord
                0x080054e8       0x22 ./Core/Src/flash_interface.o
                0x080054e8                FI_WriteDoubleWord
 .text.FI_PageErase
                0x0800550a       0x44 ./Core/Src/flash_interface.o
                0x0800550a                FI_PageErase
 .text.FI_PageErase_IT
                0x0800554e       0x3a ./Core/Src/flash_interface.o
                0x0800554e                FI_PageErase_IT
 .text.FI_CacheFlush
                0x08005588       0x44 ./Core/Src/flash_interface.o
                0x08005588                FI_CacheFlush
 .text.FI_CheckBankConfig
                0x080055cc       0x10 ./Core/Src/flash_interface.o
                0x080055cc                FI_CheckBankConfig
 .text.LL_RCC_LSE_SetDriveCapability
                0x080055dc       0x2c ./Core/Src/main.o
 .text.LL_AHB2_GRP1_EnableClock
                0x08005608       0x32 ./Core/Src/main.o
 *fill*         0x0800563a        0x2 
 .text.serialOut
                0x0800563c       0x74 ./Core/Src/main.o
                0x0800563c                serialOut
 .text.getTimeBCD
                0x080056b0       0x68 ./Core/Src/main.o
                0x080056b0                getTimeBCD
 .text.writeRTC
                0x08005718       0xf4 ./Core/Src/main.o
                0x08005718                writeRTC
 .text.readRTC  0x0800580c       0xb4 ./Core/Src/main.o
                0x0800580c                readRTC
 .text.LoadAllEEPROM
                0x080058c0       0x48 ./Core/Src/main.o
                0x080058c0                LoadAllEEPROM
 .text.StoreEEPROM
                0x08005908       0x90 ./Core/Src/main.o
                0x08005908                StoreEEPROM
 .text.switchLedOn
                0x08005998       0x9c ./Core/Src/main.o
                0x08005998                switchLedOn
 .text.switchLedOff
                0x08005a34       0x9c ./Core/Src/main.o
                0x08005a34                switchLedOff
 .text.HAL_GPIO_EXTI_Callback
                0x08005ad0      0x12c ./Core/Src/main.o
                0x08005ad0                HAL_GPIO_EXTI_Callback
 .text.HAL_TIM_PeriodElapsedCallback
                0x08005bfc       0xcc ./Core/Src/main.o
                0x08005bfc                HAL_TIM_PeriodElapsedCallback
 .text.eepromDefaults
                0x08005cc8       0xd8 ./Core/Src/main.o
                0x08005cc8                eepromDefaults
 .text.main     0x08005da0      0x188 ./Core/Src/main.o
                0x08005da0                main
 .text.SystemClock_Config
                0x08005f28       0xd8 ./Core/Src/main.o
                0x08005f28                SystemClock_Config
 .text.PeriphCommonClock_Config
                0x08006000       0x3a ./Core/Src/main.o
                0x08006000                PeriphCommonClock_Config
 *fill*         0x0800603a        0x2 
 .text.MX_LPUART1_UART_Init
                0x0800603c       0x98 ./Core/Src/main.o
 .text.MX_USART1_UART_Init
                0x080060d4       0x98 ./Core/Src/main.o
 .text.MX_PKA_Init
                0x0800616c       0x28 ./Core/Src/main.o
 .text.MX_RTC_Init
                0x08006194       0x50 ./Core/Src/main.o
 .text.MX_SPI1_Init
                0x080061e4       0x7c ./Core/Src/main.o
 .text.MX_SPI2_Init
                0x08006260       0x7c ./Core/Src/main.o
 .text.MX_TIM1_Init
                0x080062dc      0x15c ./Core/Src/main.o
 .text.MX_USB_PCD_Init
                0x08006438       0x50 ./Core/Src/main.o
 .text.MX_GPIO_Init
                0x08006488      0x91c ./Core/Src/main.o
 .text.Error_Handler
                0x08006da4       0x20 ./Core/Src/main.o
                0x08006da4                Error_Handler
 .text.MCU_ShouldLogMessage
                0x08006dc4      0x238 ./Core/Src/mcu.o
 .text.PCU_Initialize
                0x08006ffc      0x398 ./Core/Src/mcu.o
                0x08006ffc                PCU_Initialize
 .text.PCU_Tasks
                0x08007394      0xef8 ./Core/Src/mcu.o
                0x08007394                PCU_Tasks
 .text.DRV_CANFDSPI_Init
                0x0800828c      0x164 ./Core/Src/mcu.o
                0x0800828c                DRV_CANFDSPI_Init
 .text.MCU_UpdateStats
                0x080083f0      0xa1c ./Core/Src/mcu.o
                0x080083f0                MCU_UpdateStats
 .text.MCU_ReceiveMessages
                0x08008e0c      0x1c0 ./Core/Src/mcu.o
                0x08008e0c                MCU_ReceiveMessages
 .text.MCU_TransmitMessageQueue
                0x08008fcc      0x140 ./Core/Src/mcu.o
                0x08008fcc                MCU_TransmitMessageQueue
 .text.MCU_RegisterModule
                0x0800910c      0x47c ./Core/Src/mcu.o
                0x0800910c                MCU_RegisterModule
 .text.MCU_DeRegisterModule
                0x08009588       0xbc ./Core/Src/mcu.o
                0x08009588                MCU_DeRegisterModule
 .text.MCU_DeRegisterAllModules
                0x08009644       0xec ./Core/Src/mcu.o
                0x08009644                MCU_DeRegisterAllModules
 .text.MCU_IsolateAllModules
                0x08009730       0xb4 ./Core/Src/mcu.o
                0x08009730                MCU_IsolateAllModules
 .text.MCU_RequestModuleAnnouncement
                0x080097e4       0xa8 ./Core/Src/mcu.o
                0x080097e4                MCU_RequestModuleAnnouncement
 .text.MCU_ProcessModuleTime
                0x0800988c       0xf4 ./Core/Src/mcu.o
                0x0800988c                MCU_ProcessModuleTime
 .text.MCU_RequestHardware
                0x08009980      0x164 ./Core/Src/mcu.o
                0x08009980                MCU_RequestHardware
 *fill*         0x08009ae4        0x4 
 .text.MCU_ProcessModuleHardware
                0x08009ae8      0x5bc ./Core/Src/mcu.o
                0x08009ae8                MCU_ProcessModuleHardware
 .text.MCU_RequestModuleStatus
                0x0800a0a4      0x17c ./Core/Src/mcu.o
                0x0800a0a4                MCU_RequestModuleStatus
 .text.MCU_FindMaxVoltageModule
                0x0800a220      0x128 ./Core/Src/mcu.o
                0x0800a220                MCU_FindMaxVoltageModule
 .text.MCU_ProcessModuleStatus1
                0x0800a348      0x6e8 ./Core/Src/mcu.o
                0x0800a348                MCU_ProcessModuleStatus1
 .text.MCU_ProcessModuleStatus2
                0x0800aa30      0x454 ./Core/Src/mcu.o
                0x0800aa30                MCU_ProcessModuleStatus2
 *fill*         0x0800ae84        0x4 
 .text.MCU_ProcessModuleStatus3
                0x0800ae88      0x3dc ./Core/Src/mcu.o
                0x0800ae88                MCU_ProcessModuleStatus3
 .text.MCU_ProcessCellCommStatus1
                0x0800b264      0x104 ./Core/Src/mcu.o
                0x0800b264                MCU_ProcessCellCommStatus1
 .text.MCU_TransmitState
                0x0800b368      0x17c ./Core/Src/mcu.o
                0x0800b368                MCU_TransmitState
 .text.MCU_TransmitMaxState
                0x0800b4e4       0xa0 ./Core/Src/mcu.o
                0x0800b4e4                MCU_TransmitMaxState
 .text.MCU_ProcessCellDetail
                0x0800b584      0x284 ./Core/Src/mcu.o
                0x0800b584                MCU_ProcessCellDetail
 .text.MCU_ModuleIndexFromId
                0x0800b808       0x70 ./Core/Src/mcu.o
                0x0800b808                MCU_ModuleIndexFromId
 .text.MCU_UpdateModuleCounts
                0x0800b878       0x94 ./Core/Src/mcu.o
                0x0800b878                MCU_UpdateModuleCounts
 .text.MCU_TicksSinceLastMessage
                0x0800b90c       0xe8 ./Core/Src/mcu.o
                0x0800b90c                MCU_TicksSinceLastMessage
 .text.MCU_TicksSinceLastStateTx
                0x0800b9f4       0xe8 ./Core/Src/mcu.o
                0x0800b9f4                MCU_TicksSinceLastStateTx
 .text.MCU_ElapsedTicks
                0x0800badc       0x6c ./Core/Src/mcu.o
                0x0800badc                MCU_ElapsedTicks
 .text.CAN_TestRegisterAccess
                0x0800bb48       0xf4 ./Core/Src/mcu.o
                0x0800bb48                CAN_TestRegisterAccess
 .text.CAN_TestRamAccess
                0x0800bc3c       0xec ./Core/Src/mcu.o
                0x0800bc3c                CAN_TestRamAccess
 .text.LL_RCC_EnableRTC
                0x0800bd28       0x22 ./Core/Src/stm32wbxx_hal_msp.o
 .text.LL_AHB2_GRP1_EnableClock
                0x0800bd4a       0x32 ./Core/Src/stm32wbxx_hal_msp.o
 .text.LL_AHB3_GRP1_EnableClock
                0x0800bd7c       0x32 ./Core/Src/stm32wbxx_hal_msp.o
 .text.LL_APB1_GRP1_EnableClock
                0x0800bdae       0x32 ./Core/Src/stm32wbxx_hal_msp.o
 .text.LL_APB1_GRP2_EnableClock
                0x0800bde0       0x32 ./Core/Src/stm32wbxx_hal_msp.o
 .text.LL_APB2_GRP1_EnableClock
                0x0800be12       0x32 ./Core/Src/stm32wbxx_hal_msp.o
 .text.HAL_MspInit
                0x0800be44       0x20 ./Core/Src/stm32wbxx_hal_msp.o
                0x0800be44                HAL_MspInit
 .text.HAL_UART_MspInit
                0x0800be64       0xf4 ./Core/Src/stm32wbxx_hal_msp.o
                0x0800be64                HAL_UART_MspInit
 .text.HAL_PKA_MspInit
                0x0800bf58       0x28 ./Core/Src/stm32wbxx_hal_msp.o
                0x0800bf58                HAL_PKA_MspInit
 .text.HAL_RTC_MspInit
                0x0800bf80       0x58 ./Core/Src/stm32wbxx_hal_msp.o
                0x0800bf80                HAL_RTC_MspInit
 .text.HAL_SPI_MspInit
                0x0800bfd8       0xec ./Core/Src/stm32wbxx_hal_msp.o
                0x0800bfd8                HAL_SPI_MspInit
 .text.HAL_TIM_Base_MspInit
                0x0800c0c4       0x38 ./Core/Src/stm32wbxx_hal_msp.o
                0x0800c0c4                HAL_TIM_Base_MspInit
 .text.HAL_PCD_MspInit
                0x0800c0fc       0xac ./Core/Src/stm32wbxx_hal_msp.o
                0x0800c0fc                HAL_PCD_MspInit
 .text.NMI_Handler
                0x0800c1a8        0x8 ./Core/Src/stm32wbxx_it.o
                0x0800c1a8                NMI_Handler
 .text.HardFault_Handler
                0x0800c1b0        0x8 ./Core/Src/stm32wbxx_it.o
                0x0800c1b0                HardFault_Handler
 .text.MemManage_Handler
                0x0800c1b8        0x8 ./Core/Src/stm32wbxx_it.o
                0x0800c1b8                MemManage_Handler
 .text.BusFault_Handler
                0x0800c1c0        0x8 ./Core/Src/stm32wbxx_it.o
                0x0800c1c0                BusFault_Handler
 .text.UsageFault_Handler
                0x0800c1c8        0x8 ./Core/Src/stm32wbxx_it.o
                0x0800c1c8                UsageFault_Handler
 .text.SVC_Handler
                0x0800c1d0        0xe ./Core/Src/stm32wbxx_it.o
                0x0800c1d0                SVC_Handler
 .text.DebugMon_Handler
                0x0800c1de        0xe ./Core/Src/stm32wbxx_it.o
                0x0800c1de                DebugMon_Handler
 .text.PendSV_Handler
                0x0800c1ec        0xe ./Core/Src/stm32wbxx_it.o
                0x0800c1ec                PendSV_Handler
 .text.SysTick_Handler
                0x0800c1fa        0xc ./Core/Src/stm32wbxx_it.o
                0x0800c1fa                SysTick_Handler
 *fill*         0x0800c206        0x2 
 .text.EXTI0_IRQHandler
                0x0800c208       0x34 ./Core/Src/stm32wbxx_it.o
                0x0800c208                EXTI0_IRQHandler
 .text.EXTI1_IRQHandler
                0x0800c23c       0x24 ./Core/Src/stm32wbxx_it.o
                0x0800c23c                EXTI1_IRQHandler
 .text.EXTI2_IRQHandler
                0x0800c260       0x24 ./Core/Src/stm32wbxx_it.o
                0x0800c260                EXTI2_IRQHandler
 .text.EXTI4_IRQHandler
                0x0800c284       0x34 ./Core/Src/stm32wbxx_it.o
                0x0800c284                EXTI4_IRQHandler
 .text.EXTI9_5_IRQHandler
                0x0800c2b8       0x68 ./Core/Src/stm32wbxx_it.o
                0x0800c2b8                EXTI9_5_IRQHandler
 .text.TIM1_UP_TIM16_IRQHandler
                0x0800c320       0x14 ./Core/Src/stm32wbxx_it.o
                0x0800c320                TIM1_UP_TIM16_IRQHandler
 .text.USART1_IRQHandler
                0x0800c334       0x14 ./Core/Src/stm32wbxx_it.o
                0x0800c334                USART1_IRQHandler
 .text.EXTI15_10_IRQHandler
                0x0800c348       0x98 ./Core/Src/stm32wbxx_it.o
                0x0800c348                EXTI15_10_IRQHandler
 .text.HSEM_IRQHandler
                0x0800c3e0        0xc ./Core/Src/stm32wbxx_it.o
                0x0800c3e0                HSEM_IRQHandler
 .text._getpid  0x0800c3ec       0x10 ./Core/Src/syscalls.o
                0x0800c3ec                _getpid
 .text._kill    0x0800c3fc       0x20 ./Core/Src/syscalls.o
                0x0800c3fc                _kill
 .text._exit    0x0800c41c       0x16 ./Core/Src/syscalls.o
                0x0800c41c                _exit
 .text._read    0x0800c432       0x3a ./Core/Src/syscalls.o
                0x0800c432                _read
 .text._write   0x0800c46c       0x38 ./Core/Src/syscalls.o
                0x0800c46c                _write
 .text._close   0x0800c4a4       0x18 ./Core/Src/syscalls.o
                0x0800c4a4                _close
 .text._fstat   0x0800c4bc       0x20 ./Core/Src/syscalls.o
                0x0800c4bc                _fstat
 .text._isatty  0x0800c4dc       0x16 ./Core/Src/syscalls.o
                0x0800c4dc                _isatty
 .text._lseek   0x0800c4f2       0x1a ./Core/Src/syscalls.o
                0x0800c4f2                _lseek
 .text._sbrk    0x0800c50c       0x6c ./Core/Src/sysmem.o
                0x0800c50c                _sbrk
 .text.SystemInit
                0x0800c578       0xa4 ./Core/Src/system_stm32wbxx.o
                0x0800c578                SystemInit
 .text.VCU_ReceiveMessages
                0x0800c61c      0x210 ./Core/Src/vcu.o
                0x0800c61c                VCU_ReceiveMessages
 .text.VCU_TransmitMessageQueue
                0x0800c82c      0x134 ./Core/Src/vcu.o
                0x0800c82c                VCU_TransmitMessageQueue
 .text.VCU_ProcessVcuCommand
                0x0800c960      0x154 ./Core/Src/vcu.o
                0x0800c960                VCU_ProcessVcuCommand
 .text.VCU_ProcessVcuModuleCommand
                0x0800cab4      0x118 ./Core/Src/vcu.o
                0x0800cab4                VCU_ProcessVcuModuleCommand
 .text.VCU_ProcessVcuKeepAlive
                0x0800cbcc       0xa0 ./Core/Src/vcu.o
                0x0800cbcc                VCU_ProcessVcuKeepAlive
 .text.VCU_ProcessVcuTime
                0x0800cc6c       0x98 ./Core/Src/vcu.o
                0x0800cc6c                VCU_ProcessVcuTime
 .text.VCU_ProcessReadEeprom
                0x0800cd04      0x178 ./Core/Src/vcu.o
                0x0800cd04                VCU_ProcessReadEeprom
 .text.VCU_ProcessWriteEeprom
                0x0800ce7c      0x180 ./Core/Src/vcu.o
                0x0800ce7c                VCU_ProcessWriteEeprom
 .text.VCU_ProcessVcuRequestModuleList
                0x0800cffc        0xe ./Core/Src/vcu.o
                0x0800cffc                VCU_ProcessVcuRequestModuleList
 *fill*         0x0800d00a        0x2 
 .text.VCU_TicksSinceLastMessage
                0x0800d00c       0x6c ./Core/Src/vcu.o
                0x0800d00c                VCU_TicksSinceLastMessage
 .text.VCU_TransmitBmsState
                0x0800d078      0x1cc ./Core/Src/vcu.o
                0x0800d078                VCU_TransmitBmsState
 *fill*         0x0800d244        0x4 
 .text.VCU_TransmitBmsData1
                0x0800d248      0x1c8 ./Core/Src/vcu.o
                0x0800d248                VCU_TransmitBmsData1
 .text.VCU_TransmitBmsData2
                0x0800d410      0x284 ./Core/Src/vcu.o
                0x0800d410                VCU_TransmitBmsData2
 *fill*         0x0800d694        0x4 
 .text.VCU_TransmitBmsData3
                0x0800d698      0x254 ./Core/Src/vcu.o
                0x0800d698                VCU_TransmitBmsData3
 *fill*         0x0800d8ec        0x4 
 .text.VCU_TransmitBmsData5
                0x0800d8f0      0x240 ./Core/Src/vcu.o
                0x0800d8f0                VCU_TransmitBmsData5
 .text.VCU_TransmitBmsData8
                0x0800db30       0xdc ./Core/Src/vcu.o
                0x0800db30                VCU_TransmitBmsData8
 .text.VCU_TransmitBmsData9
                0x0800dc0c       0xdc ./Core/Src/vcu.o
                0x0800dc0c                VCU_TransmitBmsData9
 .text.VCU_TransmitBmsData10
                0x0800dce8       0xcc ./Core/Src/vcu.o
                0x0800dce8                VCU_TransmitBmsData10
 .text.VCU_TransmitModuleState
                0x0800ddb4      0x264 ./Core/Src/vcu.o
                0x0800ddb4                VCU_TransmitModuleState
 .text.VCU_TransmitModulePower
                0x0800e018      0x140 ./Core/Src/vcu.o
                0x0800e018                VCU_TransmitModulePower
 .text.VCU_TransmitModuleCellVoltage
                0x0800e158      0x128 ./Core/Src/vcu.o
                0x0800e158                VCU_TransmitModuleCellVoltage
 .text.VCU_TransmitModuleCellTemp
                0x0800e280      0x128 ./Core/Src/vcu.o
                0x0800e280                VCU_TransmitModuleCellTemp
 .text.VCU_TransmitModuleLimits
                0x0800e3a8      0x128 ./Core/Src/vcu.o
                0x0800e3a8                VCU_TransmitModuleLimits
 .text.VCU_RequestTime
                0x0800e4d0       0xa8 ./Core/Src/vcu.o
                0x0800e4d0                VCU_RequestTime
 .text.data_initializers
                0x0800e578       0x18 ./Core/Startup/startup_stm32wb55rgvx.o
 .text.Reset_Handler
                0x0800e590       0x58 ./Core/Startup/startup_stm32wb55rgvx.o
                0x0800e590                Reset_Handler
 .text.Default_Handler
                0x0800e5e8        0x2 ./Core/Startup/startup_stm32wb55rgvx.o
                0x0800e5e8                RTC_Alarm_IRQHandler
                0x0800e5e8                TIM1_CC_IRQHandler
                0x0800e5e8                TSC_IRQHandler
                0x0800e5e8                USB_HP_IRQHandler
                0x0800e5e8                EXTI3_IRQHandler
                0x0800e5e8                LPTIM2_IRQHandler
                0x0800e5e8                I2C3_ER_IRQHandler
                0x0800e5e8                FPU_IRQHandler
                0x0800e5e8                AES1_IRQHandler
                0x0800e5e8                SPI1_IRQHandler
                0x0800e5e8                PWR_SOTF_BLEACT_802ACT_RFPHASE_IRQHandler
                0x0800e5e8                DMA2_Channel2_IRQHandler
                0x0800e5e8                DMA1_Channel4_IRQHandler
                0x0800e5e8                ADC1_IRQHandler
                0x0800e5e8                PKA_IRQHandler
                0x0800e5e8                DMA1_Channel7_IRQHandler
                0x0800e5e8                LCD_IRQHandler
                0x0800e5e8                IPCC_C1_TX_IRQHandler
                0x0800e5e8                DMA2_Channel1_IRQHandler
                0x0800e5e8                QUADSPI_IRQHandler
                0x0800e5e8                I2C1_EV_IRQHandler
                0x0800e5e8                DMAMUX1_OVR_IRQHandler
                0x0800e5e8                DMA1_Channel6_IRQHandler
                0x0800e5e8                DMA2_Channel4_IRQHandler
                0x0800e5e8                RCC_IRQHandler
                0x0800e5e8                DMA1_Channel1_IRQHandler
                0x0800e5e8                Default_Handler
                0x0800e5e8                DMA2_Channel7_IRQHandler
                0x0800e5e8                IPCC_C1_RX_IRQHandler
                0x0800e5e8                C2SEV_PWR_C2H_IRQHandler
                0x0800e5e8                AES2_IRQHandler
                0x0800e5e8                I2C3_EV_IRQHandler
                0x0800e5e8                RTC_WKUP_IRQHandler
                0x0800e5e8                PVD_PVM_IRQHandler
                0x0800e5e8                SPI2_IRQHandler
                0x0800e5e8                DMA2_Channel5_IRQHandler
                0x0800e5e8                CRS_IRQHandler
                0x0800e5e8                DMA1_Channel5_IRQHandler
                0x0800e5e8                USB_LP_IRQHandler
                0x0800e5e8                RNG_IRQHandler
                0x0800e5e8                TIM1_TRG_COM_TIM17_IRQHandler
                0x0800e5e8                TAMP_STAMP_LSECSS_IRQHandler
                0x0800e5e8                DMA1_Channel3_IRQHandler
                0x0800e5e8                COMP_IRQHandler
                0x0800e5e8                WWDG_IRQHandler
                0x0800e5e8                LPUART1_IRQHandler
                0x0800e5e8                DMA2_Channel6_IRQHandler
                0x0800e5e8                TIM2_IRQHandler
                0x0800e5e8                TIM1_BRK_IRQHandler
                0x0800e5e8                DMA1_Channel2_IRQHandler
                0x0800e5e8                FLASH_IRQHandler
                0x0800e5e8                I2C1_ER_IRQHandler
                0x0800e5e8                LPTIM1_IRQHandler
                0x0800e5e8                SAI1_IRQHandler
                0x0800e5e8                DMA2_Channel3_IRQHandler
 *fill*         0x0800e5ea        0x2 
 .text.HAL_Init
                0x0800e5ec       0x40 ./Drivers/STM32WBxx_HAL_Driver/Src/stm32wbxx_hal.o
                0x0800e5ec                HAL_Init
 .text.HAL_InitTick
                0x0800e62c       0x74 ./Drivers/STM32WBxx_HAL_Driver/Src/stm32wbxx_hal.o
                0x0800e62c                HAL_InitTick
 .text.HAL_IncTick
                0x0800e6a0       0x28 ./Drivers/STM32WBxx_HAL_Driver/Src/stm32wbxx_hal.o
                0x0800e6a0                HAL_IncTick
 .text.HAL_GetTick
                0x0800e6c8       0x18 ./Drivers/STM32WBxx_HAL_Driver/Src/stm32wbxx_hal.o
                0x0800e6c8                HAL_GetTick
 .text.HAL_GetTickPrio
                0x0800e6e0       0x18 ./Drivers/STM32WBxx_HAL_Driver/Src/stm32wbxx_hal.o
                0x0800e6e0                HAL_GetTickPrio
 .text.HAL_Delay
                0x0800e6f8       0x48 ./Drivers/STM32WBxx_HAL_Driver/Src/stm32wbxx_hal.o
                0x0800e6f8                HAL_Delay
 .text.__NVIC_SetPriorityGrouping
                0x0800e740       0x48 ./Drivers/STM32WBxx_HAL_Driver/Src/stm32wbxx_hal_cortex.o
 .text.__NVIC_GetPriorityGrouping
                0x0800e788       0x1c ./Drivers/STM32WBxx_HAL_Driver/Src/stm32wbxx_hal_cortex.o
 .text.__NVIC_EnableIRQ
                0x0800e7a4       0x3c ./Drivers/STM32WBxx_HAL_Driver/Src/stm32wbxx_hal_cortex.o
 .text.__NVIC_SetPriority
                0x0800e7e0       0x54 ./Drivers/STM32WBxx_HAL_Driver/Src/stm32wbxx_hal_cortex.o
 .text.NVIC_EncodePriority
                0x0800e834       0x66 ./Drivers/STM32WBxx_HAL_Driver/Src/stm32wbxx_hal_cortex.o
 *fill*         0x0800e89a        0x2 
 .text.SysTick_Config
                0x0800e89c       0x44 ./Drivers/STM32WBxx_HAL_Driver/Src/stm32wbxx_hal_cortex.o
 .text.HAL_NVIC_SetPriorityGrouping
                0x0800e8e0       0x16 ./Drivers/STM32WBxx_HAL_Driver/Src/stm32wbxx_hal_cortex.o
                0x0800e8e0                HAL_NVIC_SetPriorityGrouping
 .text.HAL_NVIC_SetPriority
                0x0800e8f6       0x34 ./Drivers/STM32WBxx_HAL_Driver/Src/stm32wbxx_hal_cortex.o
                0x0800e8f6                HAL_NVIC_SetPriority
 .text.HAL_NVIC_EnableIRQ
                0x0800e92a       0x1c ./Drivers/STM32WBxx_HAL_Driver/Src/stm32wbxx_hal_cortex.o
                0x0800e92a                HAL_NVIC_EnableIRQ
 .text.HAL_SYSTICK_Config
                0x0800e946       0x18 ./Drivers/STM32WBxx_HAL_Driver/Src/stm32wbxx_hal_cortex.o
                0x0800e946                HAL_SYSTICK_Config
 .text.HAL_DMA_Abort
                0x0800e95e       0xbe ./Drivers/STM32WBxx_HAL_Driver/Src/stm32wbxx_hal_dma.o
                0x0800e95e                HAL_DMA_Abort
 .text.HAL_DMA_Abort_IT
                0x0800ea1c       0xbe ./Drivers/STM32WBxx_HAL_Driver/Src/stm32wbxx_hal_dma.o
                0x0800ea1c                HAL_DMA_Abort_IT
 *fill*         0x0800eada        0x2 
 .text.HAL_FLASH_Program
                0x0800eadc       0x88 ./Drivers/STM32WBxx_HAL_Driver/Src/stm32wbxx_hal_flash.o
                0x0800eadc                HAL_FLASH_Program
 .text.HAL_FLASH_Unlock
                0x0800eb64       0x44 ./Drivers/STM32WBxx_HAL_Driver/Src/stm32wbxx_hal_flash.o
                0x0800eb64                HAL_FLASH_Unlock
 .text.HAL_FLASH_Lock
                0x0800eba8       0x34 ./Drivers/STM32WBxx_HAL_Driver/Src/stm32wbxx_hal_flash.o
                0x0800eba8                HAL_FLASH_Lock
 .text.FLASH_WaitForLastOperation
                0x0800ebdc       0xdc ./Drivers/STM32WBxx_HAL_Driver/Src/stm32wbxx_hal_flash.o
                0x0800ebdc                FLASH_WaitForLastOperation
 .text.FLASH_Program_DoubleWord
                0x0800ecb8       0x4c ./Drivers/STM32WBxx_HAL_Driver/Src/stm32wbxx_hal_flash.o
 .text.HAL_FLASHEx_Erase
                0x0800ed04       0xa0 ./Drivers/STM32WBxx_HAL_Driver/Src/stm32wbxx_hal_flash_ex.o
                0x0800ed04                HAL_FLASHEx_Erase
 .text.HAL_FLASHEx_Erase_IT
                0x0800eda4       0x84 ./Drivers/STM32WBxx_HAL_Driver/Src/stm32wbxx_hal_flash_ex.o
                0x0800eda4                HAL_FLASHEx_Erase_IT
 .text.FLASH_PageErase
                0x0800ee28       0x34 ./Drivers/STM32WBxx_HAL_Driver/Src/stm32wbxx_hal_flash_ex.o
                0x0800ee28                FLASH_PageErase
 .text.FLASH_FlushCaches
                0x0800ee5c       0x90 ./Drivers/STM32WBxx_HAL_Driver/Src/stm32wbxx_hal_flash_ex.o
 .text.FLASH_AcknowledgePageErase
                0x0800eeec       0x24 ./Drivers/STM32WBxx_HAL_Driver/Src/stm32wbxx_hal_flash_ex.o
 .text.HAL_GPIO_Init
                0x0800ef10      0x2e0 ./Drivers/STM32WBxx_HAL_Driver/Src/stm32wbxx_hal_gpio.o
                0x0800ef10                HAL_GPIO_Init
 .text.HAL_GPIO_ReadPin
                0x0800f1f0       0x30 ./Drivers/STM32WBxx_HAL_Driver/Src/stm32wbxx_hal_gpio.o
                0x0800f1f0                HAL_GPIO_ReadPin
 .text.HAL_GPIO_WritePin
                0x0800f220       0x30 ./Drivers/STM32WBxx_HAL_Driver/Src/stm32wbxx_hal_gpio.o
                0x0800f220                HAL_GPIO_WritePin
 .text.HAL_GPIO_TogglePin
                0x0800f250       0x34 ./Drivers/STM32WBxx_HAL_Driver/Src/stm32wbxx_hal_gpio.o
                0x0800f250                HAL_GPIO_TogglePin
 .text.HAL_GPIO_EXTI_IRQHandler
                0x0800f284       0x30 ./Drivers/STM32WBxx_HAL_Driver/Src/stm32wbxx_hal_gpio.o
                0x0800f284                HAL_GPIO_EXTI_IRQHandler
 .text.HAL_HSEM_IRQHandler
                0x0800f2b4       0x34 ./Drivers/STM32WBxx_HAL_Driver/Src/stm32wbxx_hal_hsem.o
                0x0800f2b4                HAL_HSEM_IRQHandler
 .text.HAL_HSEM_FreeCallback
                0x0800f2e8       0x14 ./Drivers/STM32WBxx_HAL_Driver/Src/stm32wbxx_hal_hsem.o
                0x0800f2e8                HAL_HSEM_FreeCallback
 .text.HAL_PCD_Init
                0x0800f2fc      0x1b2 ./Drivers/STM32WBxx_HAL_Driver/Src/stm32wbxx_hal_pcd.o
                0x0800f2fc                HAL_PCD_Init
 .text.HAL_PCDEx_ActivateLPM
                0x0800f4ae       0x54 ./Drivers/STM32WBxx_HAL_Driver/Src/stm32wbxx_hal_pcd_ex.o
                0x0800f4ae                HAL_PCDEx_ActivateLPM
 .text.HAL_PKA_Init
                0x0800f502       0x5c ./Drivers/STM32WBxx_HAL_Driver/Src/stm32wbxx_hal_pka.o
                0x0800f502                HAL_PKA_Init
 *fill*         0x0800f55e        0x2 
 .text.HAL_PWR_EnableBkUpAccess
                0x0800f560       0x20 ./Drivers/STM32WBxx_HAL_Driver/Src/stm32wbxx_hal_pwr.o
                0x0800f560                HAL_PWR_EnableBkUpAccess
 .text.HAL_PWREx_GetVoltageRange
                0x0800f580       0x1c ./Drivers/STM32WBxx_HAL_Driver/Src/stm32wbxx_hal_pwr_ex.o
                0x0800f580                HAL_PWREx_GetVoltageRange
 .text.LL_RCC_HSE_IsEnabledDiv2
                0x0800f59c       0x24 ./Drivers/STM32WBxx_HAL_Driver/Src/stm32wbxx_hal_rcc.o
 .text.LL_RCC_HSE_Enable
                0x0800f5c0       0x1e ./Drivers/STM32WBxx_HAL_Driver/Src/stm32wbxx_hal_rcc.o
 .text.LL_RCC_HSE_Disable
                0x0800f5de       0x1e ./Drivers/STM32WBxx_HAL_Driver/Src/stm32wbxx_hal_rcc.o
 .text.LL_RCC_HSE_IsReady
                0x0800f5fc       0x24 ./Drivers/STM32WBxx_HAL_Driver/Src/stm32wbxx_hal_rcc.o
 .text.LL_RCC_HSI_Enable
                0x0800f620       0x1e ./Drivers/STM32WBxx_HAL_Driver/Src/stm32wbxx_hal_rcc.o
 .text.LL_RCC_HSI_Disable
                0x0800f63e       0x1e ./Drivers/STM32WBxx_HAL_Driver/Src/stm32wbxx_hal_rcc.o
 .text.LL_RCC_HSI_IsReady
                0x0800f65c       0x24 ./Drivers/STM32WBxx_HAL_Driver/Src/stm32wbxx_hal_rcc.o
 .text.LL_RCC_HSI_SetCalibTrimming
                0x0800f680       0x2a ./Drivers/STM32WBxx_HAL_Driver/Src/stm32wbxx_hal_rcc.o
 .text.LL_RCC_HSI48_Enable
                0x0800f6aa       0x22 ./Drivers/STM32WBxx_HAL_Driver/Src/stm32wbxx_hal_rcc.o
 .text.LL_RCC_HSI48_Disable
                0x0800f6cc       0x22 ./Drivers/STM32WBxx_HAL_Driver/Src/stm32wbxx_hal_rcc.o
 .text.LL_RCC_HSI48_IsReady
                0x0800f6ee       0x24 ./Drivers/STM32WBxx_HAL_Driver/Src/stm32wbxx_hal_rcc.o
 .text.LL_RCC_LSE_Enable
                0x0800f712       0x22 ./Drivers/STM32WBxx_HAL_Driver/Src/stm32wbxx_hal_rcc.o
 .text.LL_RCC_LSE_Disable
                0x0800f734       0x22 ./Drivers/STM32WBxx_HAL_Driver/Src/stm32wbxx_hal_rcc.o
 .text.LL_RCC_LSE_EnableBypass
                0x0800f756       0x22 ./Drivers/STM32WBxx_HAL_Driver/Src/stm32wbxx_hal_rcc.o
 .text.LL_RCC_LSE_DisableBypass
                0x0800f778       0x22 ./Drivers/STM32WBxx_HAL_Driver/Src/stm32wbxx_hal_rcc.o
 .text.LL_RCC_LSE_IsReady
                0x0800f79a       0x24 ./Drivers/STM32WBxx_HAL_Driver/Src/stm32wbxx_hal_rcc.o
 .text.LL_RCC_LSI1_Enable
                0x0800f7be       0x22 ./Drivers/STM32WBxx_HAL_Driver/Src/stm32wbxx_hal_rcc.o
 .text.LL_RCC_LSI1_Disable
                0x0800f7e0       0x22 ./Drivers/STM32WBxx_HAL_Driver/Src/stm32wbxx_hal_rcc.o
 .text.LL_RCC_LSI1_IsReady
                0x0800f802       0x24 ./Drivers/STM32WBxx_HAL_Driver/Src/stm32wbxx_hal_rcc.o
 .text.LL_RCC_LSI2_Enable
                0x0800f826       0x22 ./Drivers/STM32WBxx_HAL_Driver/Src/stm32wbxx_hal_rcc.o
 .text.LL_RCC_LSI2_Disable
                0x0800f848       0x22 ./Drivers/STM32WBxx_HAL_Driver/Src/stm32wbxx_hal_rcc.o
 .text.LL_RCC_LSI2_IsReady
                0x0800f86a       0x24 ./Drivers/STM32WBxx_HAL_Driver/Src/stm32wbxx_hal_rcc.o
 .text.LL_RCC_LSI2_SetTrimming
                0x0800f88e       0x2e ./Drivers/STM32WBxx_HAL_Driver/Src/stm32wbxx_hal_rcc.o
 .text.LL_RCC_MSI_Enable
                0x0800f8bc       0x1e ./Drivers/STM32WBxx_HAL_Driver/Src/stm32wbxx_hal_rcc.o
 .text.LL_RCC_MSI_Disable
                0x0800f8da       0x1e ./Drivers/STM32WBxx_HAL_Driver/Src/stm32wbxx_hal_rcc.o
 .text.LL_RCC_MSI_IsReady
                0x0800f8f8       0x22 ./Drivers/STM32WBxx_HAL_Driver/Src/stm32wbxx_hal_rcc.o
 .text.LL_RCC_MSI_SetRange
                0x0800f91a       0x28 ./Drivers/STM32WBxx_HAL_Driver/Src/stm32wbxx_hal_rcc.o
 .text.LL_RCC_MSI_GetRange
                0x0800f942       0x2a ./Drivers/STM32WBxx_HAL_Driver/Src/stm32wbxx_hal_rcc.o
 .text.LL_RCC_MSI_SetCalibTrimming
                0x0800f96c       0x2a ./Drivers/STM32WBxx_HAL_Driver/Src/stm32wbxx_hal_rcc.o
 .text.LL_RCC_SetSysClkSource
                0x0800f996       0x28 ./Drivers/STM32WBxx_HAL_Driver/Src/stm32wbxx_hal_rcc.o
 .text.LL_RCC_GetSysClkSource
                0x0800f9be       0x18 ./Drivers/STM32WBxx_HAL_Driver/Src/stm32wbxx_hal_rcc.o
 .text.LL_RCC_SetAHBPrescaler
                0x0800f9d6       0x28 ./Drivers/STM32WBxx_HAL_Driver/Src/stm32wbxx_hal_rcc.o
 .text.LL_C2_RCC_SetAHBPrescaler
                0x0800f9fe       0x2c ./Drivers/STM32WBxx_HAL_Driver/Src/stm32wbxx_hal_rcc.o
 .text.LL_RCC_SetAHB4Prescaler
                0x0800fa2a       0x2e ./Drivers/STM32WBxx_HAL_Driver/Src/stm32wbxx_hal_rcc.o
 .text.LL_RCC_SetAPB1Prescaler
                0x0800fa58       0x28 ./Drivers/STM32WBxx_HAL_Driver/Src/stm32wbxx_hal_rcc.o
 .text.LL_RCC_SetAPB2Prescaler
                0x0800fa80       0x28 ./Drivers/STM32WBxx_HAL_Driver/Src/stm32wbxx_hal_rcc.o
 .text.LL_RCC_GetAHBPrescaler
                0x0800faa8       0x18 ./Drivers/STM32WBxx_HAL_Driver/Src/stm32wbxx_hal_rcc.o
 .text.LL_RCC_GetAHB4Prescaler
                0x0800fac0       0x1c ./Drivers/STM32WBxx_HAL_Driver/Src/stm32wbxx_hal_rcc.o
 .text.LL_RCC_GetAPB1Prescaler
                0x0800fadc       0x18 ./Drivers/STM32WBxx_HAL_Driver/Src/stm32wbxx_hal_rcc.o
 .text.LL_RCC_GetAPB2Prescaler
                0x0800faf4       0x18 ./Drivers/STM32WBxx_HAL_Driver/Src/stm32wbxx_hal_rcc.o
 .text.LL_RCC_PLL_Enable
                0x0800fb0c       0x1e ./Drivers/STM32WBxx_HAL_Driver/Src/stm32wbxx_hal_rcc.o
 .text.LL_RCC_PLL_Disable
                0x0800fb2a       0x1e ./Drivers/STM32WBxx_HAL_Driver/Src/stm32wbxx_hal_rcc.o
 .text.LL_RCC_PLL_IsReady
                0x0800fb48       0x24 ./Drivers/STM32WBxx_HAL_Driver/Src/stm32wbxx_hal_rcc.o
 .text.LL_RCC_PLL_GetN
                0x0800fb6c       0x1a ./Drivers/STM32WBxx_HAL_Driver/Src/stm32wbxx_hal_rcc.o
 .text.LL_RCC_PLL_GetR
                0x0800fb86       0x18 ./Drivers/STM32WBxx_HAL_Driver/Src/stm32wbxx_hal_rcc.o
 .text.LL_RCC_PLL_GetDivider
                0x0800fb9e       0x18 ./Drivers/STM32WBxx_HAL_Driver/Src/stm32wbxx_hal_rcc.o
 .text.LL_RCC_PLL_GetMainSource
                0x0800fbb6       0x18 ./Drivers/STM32WBxx_HAL_Driver/Src/stm32wbxx_hal_rcc.o
 .text.LL_RCC_IsActiveFlag_HPRE
                0x0800fbce       0x24 ./Drivers/STM32WBxx_HAL_Driver/Src/stm32wbxx_hal_rcc.o
 .text.LL_RCC_IsActiveFlag_C2HPRE
                0x0800fbf2       0x26 ./Drivers/STM32WBxx_HAL_Driver/Src/stm32wbxx_hal_rcc.o
 .text.LL_RCC_IsActiveFlag_SHDHPRE
                0x0800fc18       0x26 ./Drivers/STM32WBxx_HAL_Driver/Src/stm32wbxx_hal_rcc.o
 .text.LL_RCC_IsActiveFlag_PPRE1
                0x0800fc3e       0x24 ./Drivers/STM32WBxx_HAL_Driver/Src/stm32wbxx_hal_rcc.o
 .text.LL_RCC_IsActiveFlag_PPRE2
                0x0800fc62       0x24 ./Drivers/STM32WBxx_HAL_Driver/Src/stm32wbxx_hal_rcc.o
 *fill*         0x0800fc86        0x2 
 .text.HAL_RCC_OscConfig
                0x0800fc88      0x6e8 ./Drivers/STM32WBxx_HAL_Driver/Src/stm32wbxx_hal_rcc.o
                0x0800fc88                HAL_RCC_OscConfig
 .text.HAL_RCC_ClockConfig
                0x08010370      0x280 ./Drivers/STM32WBxx_HAL_Driver/Src/stm32wbxx_hal_rcc.o
                0x08010370                HAL_RCC_ClockConfig
 .text.HAL_RCC_GetSysClockFreq
                0x080105f0       0xd8 ./Drivers/STM32WBxx_HAL_Driver/Src/stm32wbxx_hal_rcc.o
                0x080105f0                HAL_RCC_GetSysClockFreq
 .text.HAL_RCC_GetHCLKFreq
                0x080106c8       0x28 ./Drivers/STM32WBxx_HAL_Driver/Src/stm32wbxx_hal_rcc.o
                0x080106c8                HAL_RCC_GetHCLKFreq
 .text.HAL_RCC_GetPCLK1Freq
                0x080106f0       0x2c ./Drivers/STM32WBxx_HAL_Driver/Src/stm32wbxx_hal_rcc.o
                0x080106f0                HAL_RCC_GetPCLK1Freq
 .text.HAL_RCC_GetPCLK2Freq
                0x0801071c       0x2c ./Drivers/STM32WBxx_HAL_Driver/Src/stm32wbxx_hal_rcc.o
                0x0801071c                HAL_RCC_GetPCLK2Freq
 .text.RCC_SetFlashLatencyFromMSIRange
                0x08010748       0x70 ./Drivers/STM32WBxx_HAL_Driver/Src/stm32wbxx_hal_rcc.o
 .text.RCC_SetFlashLatency
                0x080107b8       0xf8 ./Drivers/STM32WBxx_HAL_Driver/Src/stm32wbxx_hal_rcc.o
 .text.LL_RCC_LSE_IsEnabled
                0x080108b0       0x24 ./Drivers/STM32WBxx_HAL_Driver/Src/stm32wbxx_hal_rcc_ex.o
 .text.LL_RCC_LSE_IsReady
                0x080108d4       0x24 ./Drivers/STM32WBxx_HAL_Driver/Src/stm32wbxx_hal_rcc_ex.o
 .text.LL_RCC_SetRFWKPClockSource
                0x080108f8       0x2c ./Drivers/STM32WBxx_HAL_Driver/Src/stm32wbxx_hal_rcc_ex.o
 .text.LL_RCC_SetSMPSClockSource
                0x08010924       0x28 ./Drivers/STM32WBxx_HAL_Driver/Src/stm32wbxx_hal_rcc_ex.o
 .text.LL_RCC_SetSMPSPrescaler
                0x0801094c       0x28 ./Drivers/STM32WBxx_HAL_Driver/Src/stm32wbxx_hal_rcc_ex.o
 .text.LL_RCC_SetUSARTClockSource
                0x08010974       0x2c ./Drivers/STM32WBxx_HAL_Driver/Src/stm32wbxx_hal_rcc_ex.o
 .text.LL_RCC_SetLPUARTClockSource
                0x080109a0       0x2c ./Drivers/STM32WBxx_HAL_Driver/Src/stm32wbxx_hal_rcc_ex.o
 .text.LL_RCC_SetI2CClockSource
                0x080109cc       0x3a ./Drivers/STM32WBxx_HAL_Driver/Src/stm32wbxx_hal_rcc_ex.o
 .text.LL_RCC_SetLPTIMClockSource
                0x08010a06       0x34 ./Drivers/STM32WBxx_HAL_Driver/Src/stm32wbxx_hal_rcc_ex.o
 .text.LL_RCC_SetSAIClockSource
                0x08010a3a       0x2c ./Drivers/STM32WBxx_HAL_Driver/Src/stm32wbxx_hal_rcc_ex.o
 .text.LL_RCC_SetRNGClockSource
                0x08010a66       0x2c ./Drivers/STM32WBxx_HAL_Driver/Src/stm32wbxx_hal_rcc_ex.o
 .text.LL_RCC_SetCLK48ClockSource
                0x08010a92       0x2c ./Drivers/STM32WBxx_HAL_Driver/Src/stm32wbxx_hal_rcc_ex.o
 .text.LL_RCC_SetUSBClockSource
                0x08010abe       0x16 ./Drivers/STM32WBxx_HAL_Driver/Src/stm32wbxx_hal_rcc_ex.o
 .text.LL_RCC_SetADCClockSource
                0x08010ad4       0x2c ./Drivers/STM32WBxx_HAL_Driver/Src/stm32wbxx_hal_rcc_ex.o
 .text.LL_RCC_SetRTCClockSource
                0x08010b00       0x2c ./Drivers/STM32WBxx_HAL_Driver/Src/stm32wbxx_hal_rcc_ex.o
 .text.LL_RCC_GetRTCClockSource
                0x08010b2c       0x1a ./Drivers/STM32WBxx_HAL_Driver/Src/stm32wbxx_hal_rcc_ex.o
 .text.LL_RCC_ForceBackupDomainReset
                0x08010b46       0x22 ./Drivers/STM32WBxx_HAL_Driver/Src/stm32wbxx_hal_rcc_ex.o
 .text.LL_RCC_ReleaseBackupDomainReset
                0x08010b68       0x22 ./Drivers/STM32WBxx_HAL_Driver/Src/stm32wbxx_hal_rcc_ex.o
 .text.LL_RCC_PLLSAI1_Enable
                0x08010b8a       0x1e ./Drivers/STM32WBxx_HAL_Driver/Src/stm32wbxx_hal_rcc_ex.o
 .text.LL_RCC_PLLSAI1_Disable
                0x08010ba8       0x1e ./Drivers/STM32WBxx_HAL_Driver/Src/stm32wbxx_hal_rcc_ex.o
 .text.LL_RCC_PLLSAI1_IsReady
                0x08010bc6       0x24 ./Drivers/STM32WBxx_HAL_Driver/Src/stm32wbxx_hal_rcc_ex.o
 .text.HAL_RCCEx_PeriphCLKConfig
                0x08010bea      0x2ec ./Drivers/STM32WBxx_HAL_Driver/Src/stm32wbxx_hal_rcc_ex.o
                0x08010bea                HAL_RCCEx_PeriphCLKConfig
 .text.RCCEx_PLLSAI1_ConfigNP
                0x08010ed6       0xb6 ./Drivers/STM32WBxx_HAL_Driver/Src/stm32wbxx_hal_rcc_ex.o
 .text.RCCEx_PLLSAI1_ConfigNQ
                0x08010f8c       0xb6 ./Drivers/STM32WBxx_HAL_Driver/Src/stm32wbxx_hal_rcc_ex.o
 .text.RCCEx_PLLSAI1_ConfigNR
                0x08011042       0xb6 ./Drivers/STM32WBxx_HAL_Driver/Src/stm32wbxx_hal_rcc_ex.o
 .text.HAL_RTC_Init
                0x080110f8      0x160 ./Drivers/STM32WBxx_HAL_Driver/Src/stm32wbxx_hal_rtc.o
                0x080110f8                HAL_RTC_Init
 .text.HAL_RTC_SetTime
                0x08011258      0x188 ./Drivers/STM32WBxx_HAL_Driver/Src/stm32wbxx_hal_rtc.o
                0x08011258                HAL_RTC_SetTime
 .text.HAL_RTC_GetTime
                0x080113e0       0xb8 ./Drivers/STM32WBxx_HAL_Driver/Src/stm32wbxx_hal_rtc.o
                0x080113e0                HAL_RTC_GetTime
 .text.HAL_RTC_SetDate
                0x08011498      0x15c ./Drivers/STM32WBxx_HAL_Driver/Src/stm32wbxx_hal_rtc.o
                0x08011498                HAL_RTC_SetDate
 .text.HAL_RTC_GetDate
                0x080115f4       0x9a ./Drivers/STM32WBxx_HAL_Driver/Src/stm32wbxx_hal_rtc.o
                0x080115f4                HAL_RTC_GetDate
 .text.HAL_RTC_WaitForSynchro
                0x0801168e       0x4c ./Drivers/STM32WBxx_HAL_Driver/Src/stm32wbxx_hal_rtc.o
                0x0801168e                HAL_RTC_WaitForSynchro
 .text.RTC_EnterInitMode
                0x080116da       0x54 ./Drivers/STM32WBxx_HAL_Driver/Src/stm32wbxx_hal_rtc.o
                0x080116da                RTC_EnterInitMode
 .text.RTC_ByteToBcd2
                0x0801172e       0x40 ./Drivers/STM32WBxx_HAL_Driver/Src/stm32wbxx_hal_rtc.o
                0x0801172e                RTC_ByteToBcd2
 .text.RTC_Bcd2ToByte
                0x0801176e       0x38 ./Drivers/STM32WBxx_HAL_Driver/Src/stm32wbxx_hal_rtc.o
                0x0801176e                RTC_Bcd2ToByte
 .text.HAL_RTCEx_BKUPWrite
                0x080117a6       0x30 ./Drivers/STM32WBxx_HAL_Driver/Src/stm32wbxx_hal_rtc_ex.o
                0x080117a6                HAL_RTCEx_BKUPWrite
 .text.HAL_SPI_Init
                0x080117d6      0x146 ./Drivers/STM32WBxx_HAL_Driver/Src/stm32wbxx_hal_spi.o
                0x080117d6                HAL_SPI_Init
 .text.HAL_SPI_TransmitReceive
                0x0801191c      0x426 ./Drivers/STM32WBxx_HAL_Driver/Src/stm32wbxx_hal_spi.o
                0x0801191c                HAL_SPI_TransmitReceive
 *fill*         0x08011d42        0x2 
 .text.SPI_WaitFlagStateUntilTimeout
                0x08011d44      0x110 ./Drivers/STM32WBxx_HAL_Driver/Src/stm32wbxx_hal_spi.o
 .text.SPI_WaitFifoStateUntilTimeout
                0x08011e54      0x12c ./Drivers/STM32WBxx_HAL_Driver/Src/stm32wbxx_hal_spi.o
 .text.SPI_EndRxTxTransaction
                0x08011f80       0x8c ./Drivers/STM32WBxx_HAL_Driver/Src/stm32wbxx_hal_spi.o
 .text.HAL_TIM_Base_Init
                0x0801200c       0xc8 ./Drivers/STM32WBxx_HAL_Driver/Src/stm32wbxx_hal_tim.o
                0x0801200c                HAL_TIM_Base_Init
 .text.HAL_TIM_Base_Start_IT
                0x080120d4       0x9c ./Drivers/STM32WBxx_HAL_Driver/Src/stm32wbxx_hal_tim.o
                0x080120d4                HAL_TIM_Base_Start_IT
 .text.HAL_TIM_OC_Init
                0x08012170       0xc8 ./Drivers/STM32WBxx_HAL_Driver/Src/stm32wbxx_hal_tim.o
                0x08012170                HAL_TIM_OC_Init
 .text.HAL_TIM_OC_MspInit
                0x08012238       0x14 ./Drivers/STM32WBxx_HAL_Driver/Src/stm32wbxx_hal_tim.o
                0x08012238                HAL_TIM_OC_MspInit
 .text.HAL_TIM_IRQHandler
                0x0801224c      0x282 ./Drivers/STM32WBxx_HAL_Driver/Src/stm32wbxx_hal_tim.o
                0x0801224c                HAL_TIM_IRQHandler
 *fill*         0x080124ce        0x2 
 .text.HAL_TIM_OC_ConfigChannel
                0x080124d0       0xf4 ./Drivers/STM32WBxx_HAL_Driver/Src/stm32wbxx_hal_tim.o
                0x080124d0                HAL_TIM_OC_ConfigChannel
 .text.HAL_TIM_ConfigClockSource
                0x080125c4      0x192 ./Drivers/STM32WBxx_HAL_Driver/Src/stm32wbxx_hal_tim.o
                0x080125c4                HAL_TIM_ConfigClockSource
 .text.HAL_TIM_PeriodElapsedHalfCpltCallback
                0x08012756       0x14 ./Drivers/STM32WBxx_HAL_Driver/Src/stm32wbxx_hal_tim.o
                0x08012756                HAL_TIM_PeriodElapsedHalfCpltCallback
 .text.HAL_TIM_OC_DelayElapsedCallback
                0x0801276a       0x14 ./Drivers/STM32WBxx_HAL_Driver/Src/stm32wbxx_hal_tim.o
                0x0801276a                HAL_TIM_OC_DelayElapsedCallback
 .text.HAL_TIM_IC_CaptureCallback
                0x0801277e       0x14 ./Drivers/STM32WBxx_HAL_Driver/Src/stm32wbxx_hal_tim.o
                0x0801277e                HAL_TIM_IC_CaptureCallback
 .text.HAL_TIM_IC_CaptureHalfCpltCallback
                0x08012792       0x14 ./Drivers/STM32WBxx_HAL_Driver/Src/stm32wbxx_hal_tim.o
                0x08012792                HAL_TIM_IC_CaptureHalfCpltCallback
 .text.HAL_TIM_PWM_PulseFinishedCallback
                0x080127a6       0x14 ./Drivers/STM32WBxx_HAL_Driver/Src/stm32wbxx_hal_tim.o
                0x080127a6                HAL_TIM_PWM_PulseFinishedCallback
 .text.HAL_TIM_PWM_PulseFinishedHalfCpltCallback
                0x080127ba       0x14 ./Drivers/STM32WBxx_HAL_Driver/Src/stm32wbxx_hal_tim.o
                0x080127ba                HAL_TIM_PWM_PulseFinishedHalfCpltCallback
 .text.HAL_TIM_TriggerCallback
                0x080127ce       0x14 ./Drivers/STM32WBxx_HAL_Driver/Src/stm32wbxx_hal_tim.o
                0x080127ce                HAL_TIM_TriggerCallback
 .text.HAL_TIM_TriggerHalfCpltCallback
                0x080127e2       0x14 ./Drivers/STM32WBxx_HAL_Driver/Src/stm32wbxx_hal_tim.o
                0x080127e2                HAL_TIM_TriggerHalfCpltCallback
 .text.HAL_TIM_ErrorCallback
                0x080127f6       0x14 ./Drivers/STM32WBxx_HAL_Driver/Src/stm32wbxx_hal_tim.o
                0x080127f6                HAL_TIM_ErrorCallback
 *fill*         0x0801280a        0x2 
 .text.TIM_Base_SetConfig
                0x0801280c       0xc8 ./Drivers/STM32WBxx_HAL_Driver/Src/stm32wbxx_hal_tim.o
                0x0801280c                TIM_Base_SetConfig
 .text.TIM_OC1_SetConfig
                0x080128d4       0xf8 ./Drivers/STM32WBxx_HAL_Driver/Src/stm32wbxx_hal_tim.o
 .text.TIM_OC2_SetConfig
                0x080129cc       0xf4 ./Drivers/STM32WBxx_HAL_Driver/Src/stm32wbxx_hal_tim.o
                0x080129cc                TIM_OC2_SetConfig
 .text.TIM_OC3_SetConfig
                0x08012ac0       0xf0 ./Drivers/STM32WBxx_HAL_Driver/Src/stm32wbxx_hal_tim.o
 .text.TIM_OC4_SetConfig
                0x08012bb0       0xbc ./Drivers/STM32WBxx_HAL_Driver/Src/stm32wbxx_hal_tim.o
 .text.TIM_OC5_SetConfig
                0x08012c6c       0xb0 ./Drivers/STM32WBxx_HAL_Driver/Src/stm32wbxx_hal_tim.o
 .text.TIM_OC6_SetConfig
                0x08012d1c       0xb4 ./Drivers/STM32WBxx_HAL_Driver/Src/stm32wbxx_hal_tim.o
 .text.TIM_TI1_ConfigInputStage
                0x08012dd0       0x5e ./Drivers/STM32WBxx_HAL_Driver/Src/stm32wbxx_hal_tim.o
 .text.TIM_TI2_ConfigInputStage
                0x08012e2e       0x60 ./Drivers/STM32WBxx_HAL_Driver/Src/stm32wbxx_hal_tim.o
 .text.TIM_ITRx_SetConfig
                0x08012e8e       0x3a ./Drivers/STM32WBxx_HAL_Driver/Src/stm32wbxx_hal_tim.o
 .text.TIM_ETR_SetConfig
                0x08012ec8       0x40 ./Drivers/STM32WBxx_HAL_Driver/Src/stm32wbxx_hal_tim.o
                0x08012ec8                TIM_ETR_SetConfig
 .text.TIM_ResetCallback
                0x08012f08       0xbc ./Drivers/STM32WBxx_HAL_Driver/Src/stm32wbxx_hal_tim.o
                0x08012f08                TIM_ResetCallback
 .text.HAL_TIMEx_MasterConfigSynchronization
                0x08012fc4       0xc0 ./Drivers/STM32WBxx_HAL_Driver/Src/stm32wbxx_hal_tim_ex.o
                0x08012fc4                HAL_TIMEx_MasterConfigSynchronization
 .text.HAL_TIMEx_ConfigBreakDeadTime
                0x08013084      0x120 ./Drivers/STM32WBxx_HAL_Driver/Src/stm32wbxx_hal_tim_ex.o
                0x08013084                HAL_TIMEx_ConfigBreakDeadTime
 .text.HAL_TIMEx_CommutCallback
                0x080131a4       0x14 ./Drivers/STM32WBxx_HAL_Driver/Src/stm32wbxx_hal_tim_ex.o
                0x080131a4                HAL_TIMEx_CommutCallback
 .text.HAL_TIMEx_CommutHalfCpltCallback
                0x080131b8       0x14 ./Drivers/STM32WBxx_HAL_Driver/Src/stm32wbxx_hal_tim_ex.o
                0x080131b8                HAL_TIMEx_CommutHalfCpltCallback
 .text.HAL_TIMEx_BreakCallback
                0x080131cc       0x14 ./Drivers/STM32WBxx_HAL_Driver/Src/stm32wbxx_hal_tim_ex.o
                0x080131cc                HAL_TIMEx_BreakCallback
 .text.HAL_TIMEx_Break2Callback
                0x080131e0       0x14 ./Drivers/STM32WBxx_HAL_Driver/Src/stm32wbxx_hal_tim_ex.o
                0x080131e0                HAL_TIMEx_Break2Callback
 .text.LL_RCC_GetUSARTClockSource
                0x080131f4       0x20 ./Drivers/STM32WBxx_HAL_Driver/Src/stm32wbxx_hal_uart.o
 .text.LL_RCC_GetLPUARTClockSource
                0x08013214       0x20 ./Drivers/STM32WBxx_HAL_Driver/Src/stm32wbxx_hal_uart.o
 .text.HAL_UART_Init
                0x08013234       0xa0 ./Drivers/STM32WBxx_HAL_Driver/Src/stm32wbxx_hal_uart.o
                0x08013234                HAL_UART_Init
 .text.HAL_UART_Transmit
                0x080132d4      0x11c ./Drivers/STM32WBxx_HAL_Driver/Src/stm32wbxx_hal_uart.o
                0x080132d4                HAL_UART_Transmit
 .text.HAL_UART_IRQHandler
                0x080133f0      0x648 ./Drivers/STM32WBxx_HAL_Driver/Src/stm32wbxx_hal_uart.o
                0x080133f0                HAL_UART_IRQHandler
 .text.HAL_UART_TxCpltCallback
                0x08013a38       0x14 ./Drivers/STM32WBxx_HAL_Driver/Src/stm32wbxx_hal_uart.o
                0x08013a38                HAL_UART_TxCpltCallback
 .text.HAL_UART_ErrorCallback
                0x08013a4c       0x14 ./Drivers/STM32WBxx_HAL_Driver/Src/stm32wbxx_hal_uart.o
                0x08013a4c                HAL_UART_ErrorCallback
 .text.HAL_UARTEx_RxEventCallback
                0x08013a60       0x18 ./Drivers/STM32WBxx_HAL_Driver/Src/stm32wbxx_hal_uart.o
                0x08013a60                HAL_UARTEx_RxEventCallback
 .text.UART_SetConfig
                0x08013a78      0x450 ./Drivers/STM32WBxx_HAL_Driver/Src/stm32wbxx_hal_uart.o
                0x08013a78                UART_SetConfig
 .text.UART_AdvFeatureConfig
                0x08013ec8      0x144 ./Drivers/STM32WBxx_HAL_Driver/Src/stm32wbxx_hal_uart.o
                0x08013ec8                UART_AdvFeatureConfig
 .text.UART_CheckIdleState
                0x0801400c      0x154 ./Drivers/STM32WBxx_HAL_Driver/Src/stm32wbxx_hal_uart.o
                0x0801400c                UART_CheckIdleState
 .text.UART_WaitOnFlagUntilTimeout
                0x08014160       0xce ./Drivers/STM32WBxx_HAL_Driver/Src/stm32wbxx_hal_uart.o
                0x08014160                UART_WaitOnFlagUntilTimeout
 .text.UART_EndRxTransfer
                0x0801422e       0xcc ./Drivers/STM32WBxx_HAL_Driver/Src/stm32wbxx_hal_uart.o
 .text.UART_DMAAbortOnError
                0x080142fa       0x2c ./Drivers/STM32WBxx_HAL_Driver/Src/stm32wbxx_hal_uart.o
 .text.UART_EndTransmit_IT
                0x08014326       0x56 ./Drivers/STM32WBxx_HAL_Driver/Src/stm32wbxx_hal_uart.o
 .text.HAL_UARTEx_WakeupCallback
                0x0801437c       0x14 ./Drivers/STM32WBxx_HAL_Driver/Src/stm32wbxx_hal_uart_ex.o
                0x0801437c                HAL_UARTEx_WakeupCallback
 .text.HAL_UARTEx_RxFifoFullCallback
                0x08014390       0x14 ./Drivers/STM32WBxx_HAL_Driver/Src/stm32wbxx_hal_uart_ex.o
                0x08014390                HAL_UARTEx_RxFifoFullCallback
 .text.HAL_UARTEx_TxFifoEmptyCallback
                0x080143a4       0x14 ./Drivers/STM32WBxx_HAL_Driver/Src/stm32wbxx_hal_uart_ex.o
                0x080143a4                HAL_UARTEx_TxFifoEmptyCallback
 .text.HAL_UARTEx_DisableFifoMode
                0x080143b8       0x72 ./Drivers/STM32WBxx_HAL_Driver/Src/stm32wbxx_hal_uart_ex.o
                0x080143b8                HAL_UARTEx_DisableFifoMode
 .text.HAL_UARTEx_SetTxFifoThreshold
                0x0801442a       0x7c ./Drivers/STM32WBxx_HAL_Driver/Src/stm32wbxx_hal_uart_ex.o
                0x0801442a                HAL_UARTEx_SetTxFifoThreshold
 .text.HAL_UARTEx_SetRxFifoThreshold
                0x080144a6       0x7c ./Drivers/STM32WBxx_HAL_Driver/Src/stm32wbxx_hal_uart_ex.o
                0x080144a6                HAL_UARTEx_SetRxFifoThreshold
 *fill*         0x08014522        0x2 
 .text.UARTEx_SetNbDataToProcess
                0x08014524       0x9c ./Drivers/STM32WBxx_HAL_Driver/Src/stm32wbxx_hal_uart_ex.o
 .text.USB_DisableGlobalInt
                0x080145c0       0x36 ./Drivers/STM32WBxx_HAL_Driver/Src/stm32wbxx_ll_usb.o
                0x080145c0                USB_DisableGlobalInt
 .text.USB_DevInit
                0x080145f6       0x42 ./Drivers/STM32WBxx_HAL_Driver/Src/stm32wbxx_ll_usb.o
                0x080145f6                USB_DevInit
 .text.rand     0x08014638       0x7c C:/ST/STM32CubeIDE_1.17.0/STM32CubeIDE/plugins/com.st.stm32cube.ide.mcu.externaltools.gnu-tools-for-stm32.13.3.rel1.win32_1.0.0.202411081344/tools/bin/../lib/gcc/arm-none-eabi/13.3.1/../../../../arm-none-eabi/lib/thumb/v7e-m+fp/hard\libc_nano.a(libc_a-rand.o)
                0x08014638                rand
 .text.__cvt    0x080146b4       0xca C:/ST/STM32CubeIDE_1.17.0/STM32CubeIDE/plugins/com.st.stm32cube.ide.mcu.externaltools.gnu-tools-for-stm32.13.3.rel1.win32_1.0.0.202411081344/tools/bin/../lib/gcc/arm-none-eabi/13.3.1/../../../../arm-none-eabi/lib/thumb/v7e-m+fp/hard\libc_nano.a(libc_a-nano-vfprintf_float.o)
                0x080146b4                __cvt
 .text.__exponent
                0x0801477e       0x74 C:/ST/STM32CubeIDE_1.17.0/STM32CubeIDE/plugins/com.st.stm32cube.ide.mcu.externaltools.gnu-tools-for-stm32.13.3.rel1.win32_1.0.0.202411081344/tools/bin/../lib/gcc/arm-none-eabi/13.3.1/../../../../arm-none-eabi/lib/thumb/v7e-m+fp/hard\libc_nano.a(libc_a-nano-vfprintf_float.o)
                0x0801477e                __exponent
 *fill*         0x080147f2        0x2 
 .text._printf_float
                0x080147f4      0x454 C:/ST/STM32CubeIDE_1.17.0/STM32CubeIDE/plugins/com.st.stm32cube.ide.mcu.externaltools.gnu-tools-for-stm32.13.3.rel1.win32_1.0.0.202411081344/tools/bin/../lib/gcc/arm-none-eabi/13.3.1/../../../../arm-none-eabi/lib/thumb/v7e-m+fp/hard\libc_nano.a(libc_a-nano-vfprintf_float.o)
                0x080147f4                _printf_float
 .text._printf_common
                0x08014c48       0xda C:/ST/STM32CubeIDE_1.17.0/STM32CubeIDE/plugins/com.st.stm32cube.ide.mcu.externaltools.gnu-tools-for-stm32.13.3.rel1.win32_1.0.0.202411081344/tools/bin/../lib/gcc/arm-none-eabi/13.3.1/../../../../arm-none-eabi/lib/thumb/v7e-m+fp/hard\libc_nano.a(libc_a-nano-vfprintf_i.o)
                0x08014c48                _printf_common
 *fill*         0x08014d22        0x2 
 .text._printf_i
                0x08014d24      0x23c C:/ST/STM32CubeIDE_1.17.0/STM32CubeIDE/plugins/com.st.stm32cube.ide.mcu.externaltools.gnu-tools-for-stm32.13.3.rel1.win32_1.0.0.202411081344/tools/bin/../lib/gcc/arm-none-eabi/13.3.1/../../../../arm-none-eabi/lib/thumb/v7e-m+fp/hard\libc_nano.a(libc_a-nano-vfprintf_i.o)
                0x08014d24                _printf_i
 .text.std      0x08014f60       0x6c C:/ST/STM32CubeIDE_1.17.0/STM32CubeIDE/plugins/com.st.stm32cube.ide.mcu.externaltools.gnu-tools-for-stm32.13.3.rel1.win32_1.0.0.202411081344/tools/bin/../lib/gcc/arm-none-eabi/13.3.1/../../../../arm-none-eabi/lib/thumb/v7e-m+fp/hard\libc_nano.a(libc_a-findfp.o)
 .text.stdio_exit_handler
                0x08014fcc       0x18 C:/ST/STM32CubeIDE_1.17.0/STM32CubeIDE/plugins/com.st.stm32cube.ide.mcu.externaltools.gnu-tools-for-stm32.13.3.rel1.win32_1.0.0.202411081344/tools/bin/../lib/gcc/arm-none-eabi/13.3.1/../../../../arm-none-eabi/lib/thumb/v7e-m+fp/hard\libc_nano.a(libc_a-findfp.o)
 .text.cleanup_stdio
                0x08014fe4       0x40 C:/ST/STM32CubeIDE_1.17.0/STM32CubeIDE/plugins/com.st.stm32cube.ide.mcu.externaltools.gnu-tools-for-stm32.13.3.rel1.win32_1.0.0.202411081344/tools/bin/../lib/gcc/arm-none-eabi/13.3.1/../../../../arm-none-eabi/lib/thumb/v7e-m+fp/hard\libc_nano.a(libc_a-findfp.o)
 .text.global_stdio_init.part.0
                0x08015024       0x3c C:/ST/STM32CubeIDE_1.17.0/STM32CubeIDE/plugins/com.st.stm32cube.ide.mcu.externaltools.gnu-tools-for-stm32.13.3.rel1.win32_1.0.0.202411081344/tools/bin/../lib/gcc/arm-none-eabi/13.3.1/../../../../arm-none-eabi/lib/thumb/v7e-m+fp/hard\libc_nano.a(libc_a-findfp.o)
 .text.__sfp_lock_acquire
                0x08015060        0xc C:/ST/STM32CubeIDE_1.17.0/STM32CubeIDE/plugins/com.st.stm32cube.ide.mcu.externaltools.gnu-tools-for-stm32.13.3.rel1.win32_1.0.0.202411081344/tools/bin/../lib/gcc/arm-none-eabi/13.3.1/../../../../arm-none-eabi/lib/thumb/v7e-m+fp/hard\libc_nano.a(libc_a-findfp.o)
                0x08015060                __sfp_lock_acquire
 .text.__sfp_lock_release
                0x0801506c        0xc C:/ST/STM32CubeIDE_1.17.0/STM32CubeIDE/plugins/com.st.stm32cube.ide.mcu.externaltools.gnu-tools-for-stm32.13.3.rel1.win32_1.0.0.202411081344/tools/bin/../lib/gcc/arm-none-eabi/13.3.1/../../../../arm-none-eabi/lib/thumb/v7e-m+fp/hard\libc_nano.a(libc_a-findfp.o)
                0x0801506c                __sfp_lock_release
 .text.__sinit  0x08015078       0x30 C:/ST/STM32CubeIDE_1.17.0/STM32CubeIDE/plugins/com.st.stm32cube.ide.mcu.externaltools.gnu-tools-for-stm32.13.3.rel1.win32_1.0.0.202411081344/tools/bin/../lib/gcc/arm-none-eabi/13.3.1/../../../../arm-none-eabi/lib/thumb/v7e-m+fp/hard\libc_nano.a(libc_a-findfp.o)
                0x08015078                __sinit
 .text._fwalk_sglue
                0x080150a8       0x3c C:/ST/STM32CubeIDE_1.17.0/STM32CubeIDE/plugins/com.st.stm32cube.ide.mcu.externaltools.gnu-tools-for-stm32.13.3.rel1.win32_1.0.0.202411081344/tools/bin/../lib/gcc/arm-none-eabi/13.3.1/../../../../arm-none-eabi/lib/thumb/v7e-m+fp/hard\libc_nano.a(libc_a-fwalk.o)
                0x080150a8                _fwalk_sglue
 .text.sprintf  0x080150e4       0x44 C:/ST/STM32CubeIDE_1.17.0/STM32CubeIDE/plugins/com.st.stm32cube.ide.mcu.externaltools.gnu-tools-for-stm32.13.3.rel1.win32_1.0.0.202411081344/tools/bin/../lib/gcc/arm-none-eabi/13.3.1/../../../../arm-none-eabi/lib/thumb/v7e-m+fp/hard\libc_nano.a(libc_a-sprintf.o)
                0x080150e4                siprintf
                0x080150e4                sprintf
 .text.__sread  0x08015128       0x22 C:/ST/STM32CubeIDE_1.17.0/STM32CubeIDE/plugins/com.st.stm32cube.ide.mcu.externaltools.gnu-tools-for-stm32.13.3.rel1.win32_1.0.0.202411081344/tools/bin/../lib/gcc/arm-none-eabi/13.3.1/../../../../arm-none-eabi/lib/thumb/v7e-m+fp/hard\libc_nano.a(libc_a-stdio.o)
                0x08015128                __sread
 .text.__seofread
                0x0801514a        0x4 C:/ST/STM32CubeIDE_1.17.0/STM32CubeIDE/plugins/com.st.stm32cube.ide.mcu.externaltools.gnu-tools-for-stm32.13.3.rel1.win32_1.0.0.202411081344/tools/bin/../lib/gcc/arm-none-eabi/13.3.1/../../../../arm-none-eabi/lib/thumb/v7e-m+fp/hard\libc_nano.a(libc_a-stdio.o)
                0x0801514a                __seofread
 .text.__swrite
                0x0801514e       0x38 C:/ST/STM32CubeIDE_1.17.0/STM32CubeIDE/plugins/com.st.stm32cube.ide.mcu.externaltools.gnu-tools-for-stm32.13.3.rel1.win32_1.0.0.202411081344/tools/bin/../lib/gcc/arm-none-eabi/13.3.1/../../../../arm-none-eabi/lib/thumb/v7e-m+fp/hard\libc_nano.a(libc_a-stdio.o)
                0x0801514e                __swrite
 .text.__sseek  0x08015186       0x24 C:/ST/STM32CubeIDE_1.17.0/STM32CubeIDE/plugins/com.st.stm32cube.ide.mcu.externaltools.gnu-tools-for-stm32.13.3.rel1.win32_1.0.0.202411081344/tools/bin/../lib/gcc/arm-none-eabi/13.3.1/../../../../arm-none-eabi/lib/thumb/v7e-m+fp/hard\libc_nano.a(libc_a-stdio.o)
                0x08015186                __sseek
 .text.__sclose
                0x080151aa        0x8 C:/ST/STM32CubeIDE_1.17.0/STM32CubeIDE/plugins/com.st.stm32cube.ide.mcu.externaltools.gnu-tools-for-stm32.13.3.rel1.win32_1.0.0.202411081344/tools/bin/../lib/gcc/arm-none-eabi/13.3.1/../../../../arm-none-eabi/lib/thumb/v7e-m+fp/hard\libc_nano.a(libc_a-stdio.o)
                0x080151aa                __sclose
 .text.memset   0x080151b2       0x10 C:/ST/STM32CubeIDE_1.17.0/STM32CubeIDE/plugins/com.st.stm32cube.ide.mcu.externaltools.gnu-tools-for-stm32.13.3.rel1.win32_1.0.0.202411081344/tools/bin/../lib/gcc/arm-none-eabi/13.3.1/../../../../arm-none-eabi/lib/thumb/v7e-m+fp/hard\libc_nano.a(libc_a-memset.o)
                0x080151b2                memset
 *fill*         0x080151c2        0x2 
 .text.localtime
                0x080151c4       0x3c C:/ST/STM32CubeIDE_1.17.0/STM32CubeIDE/plugins/com.st.stm32cube.ide.mcu.externaltools.gnu-tools-for-stm32.13.3.rel1.win32_1.0.0.202411081344/tools/bin/../lib/gcc/arm-none-eabi/13.3.1/../../../../arm-none-eabi/lib/thumb/v7e-m+fp/hard\libc_nano.a(libc_a-lcltime.o)
                0x080151c4                localtime
 .text.localtime_r
                0x08015200      0x1e0 C:/ST/STM32CubeIDE_1.17.0/STM32CubeIDE/plugins/com.st.stm32cube.ide.mcu.externaltools.gnu-tools-for-stm32.13.3.rel1.win32_1.0.0.202411081344/tools/bin/../lib/gcc/arm-none-eabi/13.3.1/../../../../arm-none-eabi/lib/thumb/v7e-m+fp/hard\libc_nano.a(libc_a-lcltime_r.o)
                0x08015200                localtime_r
 .text.validate_structure
                0x080153e0      0x1a8 C:/ST/STM32CubeIDE_1.17.0/STM32CubeIDE/plugins/com.st.stm32cube.ide.mcu.externaltools.gnu-tools-for-stm32.13.3.rel1.win32_1.0.0.202411081344/tools/bin/../lib/gcc/arm-none-eabi/13.3.1/../../../../arm-none-eabi/lib/thumb/v7e-m+fp/hard\libc_nano.a(libc_a-mktime.o)
 .text.mktime   0x08015588      0x370 C:/ST/STM32CubeIDE_1.17.0/STM32CubeIDE/plugins/com.st.stm32cube.ide.mcu.externaltools.gnu-tools-for-stm32.13.3.rel1.win32_1.0.0.202411081344/tools/bin/../lib/gcc/arm-none-eabi/13.3.1/../../../../arm-none-eabi/lib/thumb/v7e-m+fp/hard\libc_nano.a(libc_a-mktime.o)
                0x08015588                mktime
 .text.__tzcalc_limits
                0x080158f8      0x168 C:/ST/STM32CubeIDE_1.17.0/STM32CubeIDE/plugins/com.st.stm32cube.ide.mcu.externaltools.gnu-tools-for-stm32.13.3.rel1.win32_1.0.0.202411081344/tools/bin/../lib/gcc/arm-none-eabi/13.3.1/../../../../arm-none-eabi/lib/thumb/v7e-m+fp/hard\libc_nano.a(libc_a-tzcalc_limits.o)
                0x080158f8                __tzcalc_limits
 .text.__tz_lock
                0x08015a60        0xc C:/ST/STM32CubeIDE_1.17.0/STM32CubeIDE/plugins/com.st.stm32cube.ide.mcu.externaltools.gnu-tools-for-stm32.13.3.rel1.win32_1.0.0.202411081344/tools/bin/../lib/gcc/arm-none-eabi/13.3.1/../../../../arm-none-eabi/lib/thumb/v7e-m+fp/hard\libc_nano.a(libc_a-tzlock.o)
                0x08015a60                __tz_lock
 .text.__tz_unlock
                0x08015a6c        0xc C:/ST/STM32CubeIDE_1.17.0/STM32CubeIDE/plugins/com.st.stm32cube.ide.mcu.externaltools.gnu-tools-for-stm32.13.3.rel1.win32_1.0.0.202411081344/tools/bin/../lib/gcc/arm-none-eabi/13.3.1/../../../../arm-none-eabi/lib/thumb/v7e-m+fp/hard\libc_nano.a(libc_a-tzlock.o)
                0x08015a6c                __tz_unlock
 .text._tzset_unlocked
                0x08015a78        0xc C:/ST/STM32CubeIDE_1.17.0/STM32CubeIDE/plugins/com.st.stm32cube.ide.mcu.externaltools.gnu-tools-for-stm32.13.3.rel1.win32_1.0.0.202411081344/tools/bin/../lib/gcc/arm-none-eabi/13.3.1/../../../../arm-none-eabi/lib/thumb/v7e-m+fp/hard\libc_nano.a(libc_a-tzset.o)
                0x08015a78                _tzset_unlocked
 .text._tzset_unlocked_r
                0x08015a84      0x444 C:/ST/STM32CubeIDE_1.17.0/STM32CubeIDE/plugins/com.st.stm32cube.ide.mcu.externaltools.gnu-tools-for-stm32.13.3.rel1.win32_1.0.0.202411081344/tools/bin/../lib/gcc/arm-none-eabi/13.3.1/../../../../arm-none-eabi/lib/thumb/v7e-m+fp/hard\libc_nano.a(libc_a-tzset_r.o)
                0x08015a84                _tzset_unlocked_r
 .text._localeconv_r
                0x08015ec8        0x8 C:/ST/STM32CubeIDE_1.17.0/STM32CubeIDE/plugins/com.st.stm32cube.ide.mcu.externaltools.gnu-tools-for-stm32.13.3.rel1.win32_1.0.0.202411081344/tools/bin/../lib/gcc/arm-none-eabi/13.3.1/../../../../arm-none-eabi/lib/thumb/v7e-m+fp/hard\libc_nano.a(libc_a-localeconv.o)
                0x08015ec8                _localeconv_r
 .text._close_r
                0x08015ed0       0x20 C:/ST/STM32CubeIDE_1.17.0/STM32CubeIDE/plugins/com.st.stm32cube.ide.mcu.externaltools.gnu-tools-for-stm32.13.3.rel1.win32_1.0.0.202411081344/tools/bin/../lib/gcc/arm-none-eabi/13.3.1/../../../../arm-none-eabi/lib/thumb/v7e-m+fp/hard\libc_nano.a(libc_a-closer.o)
                0x08015ed0                _close_r
 .text._lseek_r
                0x08015ef0       0x24 C:/ST/STM32CubeIDE_1.17.0/STM32CubeIDE/plugins/com.st.stm32cube.ide.mcu.externaltools.gnu-tools-for-stm32.13.3.rel1.win32_1.0.0.202411081344/tools/bin/../lib/gcc/arm-none-eabi/13.3.1/../../../../arm-none-eabi/lib/thumb/v7e-m+fp/hard\libc_nano.a(libc_a-lseekr.o)
                0x08015ef0                _lseek_r
 .text._read_r  0x08015f14       0x24 C:/ST/STM32CubeIDE_1.17.0/STM32CubeIDE/plugins/com.st.stm32cube.ide.mcu.externaltools.gnu-tools-for-stm32.13.3.rel1.win32_1.0.0.202411081344/tools/bin/../lib/gcc/arm-none-eabi/13.3.1/../../../../arm-none-eabi/lib/thumb/v7e-m+fp/hard\libc_nano.a(libc_a-readr.o)
                0x08015f14                _read_r
 .text._write_r
                0x08015f38       0x24 C:/ST/STM32CubeIDE_1.17.0/STM32CubeIDE/plugins/com.st.stm32cube.ide.mcu.externaltools.gnu-tools-for-stm32.13.3.rel1.win32_1.0.0.202411081344/tools/bin/../lib/gcc/arm-none-eabi/13.3.1/../../../../arm-none-eabi/lib/thumb/v7e-m+fp/hard\libc_nano.a(libc_a-writer.o)
                0x08015f38                _write_r
 .text.__errno  0x08015f5c        0xc C:/ST/STM32CubeIDE_1.17.0/STM32CubeIDE/plugins/com.st.stm32cube.ide.mcu.externaltools.gnu-tools-for-stm32.13.3.rel1.win32_1.0.0.202411081344/tools/bin/../lib/gcc/arm-none-eabi/13.3.1/../../../../arm-none-eabi/lib/thumb/v7e-m+fp/hard\libc_nano.a(libc_a-errno.o)
                0x08015f5c                __errno
 .text.__libc_init_array
                0x08015f68       0x48 C:/ST/STM32CubeIDE_1.17.0/STM32CubeIDE/plugins/com.st.stm32cube.ide.mcu.externaltools.gnu-tools-for-stm32.13.3.rel1.win32_1.0.0.202411081344/tools/bin/../lib/gcc/arm-none-eabi/13.3.1/../../../../arm-none-eabi/lib/thumb/v7e-m+fp/hard\libc_nano.a(libc_a-init.o)
                0x08015f68                __libc_init_array
 .text.__retarget_lock_init_recursive
                0x08015fb0        0x2 C:/ST/STM32CubeIDE_1.17.0/STM32CubeIDE/plugins/com.st.stm32cube.ide.mcu.externaltools.gnu-tools-for-stm32.13.3.rel1.win32_1.0.0.202411081344/tools/bin/../lib/gcc/arm-none-eabi/13.3.1/../../../../arm-none-eabi/lib/thumb/v7e-m+fp/hard\libc_nano.a(libc_a-lock.o)
                0x08015fb0                __retarget_lock_init_recursive
 .text.__retarget_lock_acquire
                0x08015fb2        0x2 C:/ST/STM32CubeIDE_1.17.0/STM32CubeIDE/plugins/com.st.stm32cube.ide.mcu.externaltools.gnu-tools-for-stm32.13.3.rel1.win32_1.0.0.202411081344/tools/bin/../lib/gcc/arm-none-eabi/13.3.1/../../../../arm-none-eabi/lib/thumb/v7e-m+fp/hard\libc_nano.a(libc_a-lock.o)
                0x08015fb2                __retarget_lock_acquire
 .text.__retarget_lock_acquire_recursive
                0x08015fb4        0x2 C:/ST/STM32CubeIDE_1.17.0/STM32CubeIDE/plugins/com.st.stm32cube.ide.mcu.externaltools.gnu-tools-for-stm32.13.3.rel1.win32_1.0.0.202411081344/tools/bin/../lib/gcc/arm-none-eabi/13.3.1/../../../../arm-none-eabi/lib/thumb/v7e-m+fp/hard\libc_nano.a(libc_a-lock.o)
                0x08015fb4                __retarget_lock_acquire_recursive
 .text.__retarget_lock_release
                0x08015fb6        0x2 C:/ST/STM32CubeIDE_1.17.0/STM32CubeIDE/plugins/com.st.stm32cube.ide.mcu.externaltools.gnu-tools-for-stm32.13.3.rel1.win32_1.0.0.202411081344/tools/bin/../lib/gcc/arm-none-eabi/13.3.1/../../../../arm-none-eabi/lib/thumb/v7e-m+fp/hard\libc_nano.a(libc_a-lock.o)
                0x08015fb6                __retarget_lock_release
 .text.__retarget_lock_release_recursive
                0x08015fb8        0x2 C:/ST/STM32CubeIDE_1.17.0/STM32CubeIDE/plugins/com.st.stm32cube.ide.mcu.externaltools.gnu-tools-for-stm32.13.3.rel1.win32_1.0.0.202411081344/tools/bin/../lib/gcc/arm-none-eabi/13.3.1/../../../../arm-none-eabi/lib/thumb/v7e-m+fp/hard\libc_nano.a(libc_a-lock.o)
                0x08015fb8                __retarget_lock_release_recursive
 .text.strcpy   0x08015fba       0x10 C:/ST/STM32CubeIDE_1.17.0/STM32CubeIDE/plugins/com.st.stm32cube.ide.mcu.externaltools.gnu-tools-for-stm32.13.3.rel1.win32_1.0.0.202411081344/tools/bin/../lib/gcc/arm-none-eabi/13.3.1/../../../../arm-none-eabi/lib/thumb/v7e-m+fp/hard\libc_nano.a(libc_a-strcpy.o)
                0x08015fba                strcpy
 .text.memcpy   0x08015fca       0x1c C:/ST/STM32CubeIDE_1.17.0/STM32CubeIDE/plugins/com.st.stm32cube.ide.mcu.externaltools.gnu-tools-for-stm32.13.3.rel1.win32_1.0.0.202411081344/tools/bin/../lib/gcc/arm-none-eabi/13.3.1/../../../../arm-none-eabi/lib/thumb/v7e-m+fp/hard\libc_nano.a(libc_a-memcpy-stub.o)
                0x08015fca                memcpy
 *fill*         0x08015fe6        0x2 
 .text.__assert_func
                0x08015fe8       0x3c C:/ST/STM32CubeIDE_1.17.0/STM32CubeIDE/plugins/com.st.stm32cube.ide.mcu.externaltools.gnu-tools-for-stm32.13.3.rel1.win32_1.0.0.202411081344/tools/bin/../lib/gcc/arm-none-eabi/13.3.1/../../../../arm-none-eabi/lib/thumb/v7e-m+fp/hard\libc_nano.a(libc_a-assert.o)
                0x08015fe8                __assert_func
 .text.div      0x08016024       0x10 C:/ST/STM32CubeIDE_1.17.0/STM32CubeIDE/plugins/com.st.stm32cube.ide.mcu.externaltools.gnu-tools-for-stm32.13.3.rel1.win32_1.0.0.202411081344/tools/bin/../lib/gcc/arm-none-eabi/13.3.1/../../../../arm-none-eabi/lib/thumb/v7e-m+fp/hard\libc_nano.a(libc_a-div.o)
                0x08016024                div
 .text.quorem   0x08016034      0x110 C:/ST/STM32CubeIDE_1.17.0/STM32CubeIDE/plugins/com.st.stm32cube.ide.mcu.externaltools.gnu-tools-for-stm32.13.3.rel1.win32_1.0.0.202411081344/tools/bin/../lib/gcc/arm-none-eabi/13.3.1/../../../../arm-none-eabi/lib/thumb/v7e-m+fp/hard\libc_nano.a(libc_a-dtoa.o)
 *fill*         0x08016144        0x4 
 .text._dtoa_r  0x08016148      0xba0 C:/ST/STM32CubeIDE_1.17.0/STM32CubeIDE/plugins/com.st.stm32cube.ide.mcu.externaltools.gnu-tools-for-stm32.13.3.rel1.win32_1.0.0.202411081344/tools/bin/../lib/gcc/arm-none-eabi/13.3.1/../../../../arm-none-eabi/lib/thumb/v7e-m+fp/hard\libc_nano.a(libc_a-dtoa.o)
                0x08016148                _dtoa_r
 .text._free_r  0x08016ce8       0x94 C:/ST/STM32CubeIDE_1.17.0/STM32CubeIDE/plugins/com.st.stm32cube.ide.mcu.externaltools.gnu-tools-for-stm32.13.3.rel1.win32_1.0.0.202411081344/tools/bin/../lib/gcc/arm-none-eabi/13.3.1/../../../../arm-none-eabi/lib/thumb/v7e-m+fp/hard\libc_nano.a(libc_a-freer.o)
                0x08016ce8                _free_r
 .text._findenv_r
                0x08016d7c       0x78 C:/ST/STM32CubeIDE_1.17.0/STM32CubeIDE/plugins/com.st.stm32cube.ide.mcu.externaltools.gnu-tools-for-stm32.13.3.rel1.win32_1.0.0.202411081344/tools/bin/../lib/gcc/arm-none-eabi/13.3.1/../../../../arm-none-eabi/lib/thumb/v7e-m+fp/hard\libc_nano.a(libc_a-getenv_r.o)
                0x08016d7c                _findenv_r
 .text._getenv_r
                0x08016df4        0xe C:/ST/STM32CubeIDE_1.17.0/STM32CubeIDE/plugins/com.st.stm32cube.ide.mcu.externaltools.gnu-tools-for-stm32.13.3.rel1.win32_1.0.0.202411081344/tools/bin/../lib/gcc/arm-none-eabi/13.3.1/../../../../arm-none-eabi/lib/thumb/v7e-m+fp/hard\libc_nano.a(libc_a-getenv_r.o)
                0x08016df4                _getenv_r
 *fill*         0x08016e02        0x2 
 .text.malloc   0x08016e04       0x10 C:/ST/STM32CubeIDE_1.17.0/STM32CubeIDE/plugins/com.st.stm32cube.ide.mcu.externaltools.gnu-tools-for-stm32.13.3.rel1.win32_1.0.0.202411081344/tools/bin/../lib/gcc/arm-none-eabi/13.3.1/../../../../arm-none-eabi/lib/thumb/v7e-m+fp/hard\libc_nano.a(libc_a-malloc.o)
                0x08016e04                malloc
 .text.free     0x08016e14       0x10 C:/ST/STM32CubeIDE_1.17.0/STM32CubeIDE/plugins/com.st.stm32cube.ide.mcu.externaltools.gnu-tools-for-stm32.13.3.rel1.win32_1.0.0.202411081344/tools/bin/../lib/gcc/arm-none-eabi/13.3.1/../../../../arm-none-eabi/lib/thumb/v7e-m+fp/hard\libc_nano.a(libc_a-malloc.o)