Archive member included to satisfy reference by file (symbol)

c:/st/stm32cubeide_1.12.1/stm32cubeide/plugins/com.st.stm32cube.ide.mcu.externaltools.gnu-tools-for-stm32.10.3-2021.10.win32_1.0.200.202301161003/tools/bin/../lib/gcc/arm-none-eabi/10.3.1/../../../../arm-none-eabi/lib/thumb/v7e-m+fp/hard\libc_nano.a(lib_a-errno.o)
                              ./Core/Src/syscalls.o (__errno)
c:/st/stm32cubeide_1.12.1/stm32cubeide/plugins/com.st.stm32cube.ide.mcu.externaltools.gnu-tools-for-stm32.10.3-2021.10.win32_1.0.200.202301161003/tools/bin/../lib/gcc/arm-none-eabi/10.3.1/../../../../arm-none-eabi/lib/thumb/v7e-m+fp/hard\libc_nano.a(lib_a-exit.o)
                              c:/st/stm32cubeide_1.12.1/stm32cubeide/plugins/com.st.stm32cube.ide.mcu.externaltools.gnu-tools-for-stm32.10.3-2021.10.win32_1.0.200.202301161003/tools/bin/../lib/gcc/arm-none-eabi/10.3.1/../../../../arm-none-eabi/lib/thumb/v7e-m+fp/hard/crt0.o (exit)
c:/st/stm32cubeide_1.12.1/stm32cubeide/plugins/com.st.stm32cube.ide.mcu.externaltools.gnu-tools-for-stm32.10.3-2021.10.win32_1.0.200.202301161003/tools/bin/../lib/gcc/arm-none-eabi/10.3.1/../../../../arm-none-eabi/lib/thumb/v7e-m+fp/hard\libc_nano.a(lib_a-impure.o)
                              c:/st/stm32cubeide_1.12.1/stm32cubeide/plugins/com.st.stm32cube.ide.mcu.externaltools.gnu-tools-for-stm32.10.3-2021.10.win32_1.0.200.202301161003/tools/bin/../lib/gcc/arm-none-eabi/10.3.1/../../../../arm-none-eabi/lib/thumb/v7e-m+fp/hard\libc_nano.a(lib_a-exit.o) (_global_impure_ptr)
c:/st/stm32cubeide_1.12.1/stm32cubeide/plugins/com.st.stm32cube.ide.mcu.externaltools.gnu-tools-for-stm32.10.3-2021.10.win32_1.0.200.202301161003/tools/bin/../lib/gcc/arm-none-eabi/10.3.1/../../../../arm-none-eabi/lib/thumb/v7e-m+fp/hard\libc_nano.a(lib_a-init.o)
                              c:/st/stm32cubeide_1.12.1/stm32cubeide/plugins/com.st.stm32cube.ide.mcu.externaltools.gnu-tools-for-stm32.10.3-2021.10.win32_1.0.200.202301161003/tools/bin/../lib/gcc/arm-none-eabi/10.3.1/../../../../arm-none-eabi/lib/thumb/v7e-m+fp/hard/crt0.o (__libc_init_array)
c:/st/stm32cubeide_1.12.1/stm32cubeide/plugins/com.st.stm32cube.ide.mcu.externaltools.gnu-tools-for-stm32.10.3-2021.10.win32_1.0.200.202301161003/tools/bin/../lib/gcc/arm-none-eabi/10.3.1/../../../../arm-none-eabi/lib/thumb/v7e-m+fp/hard\libc_nano.a(lib_a-lcltime.o)
                              ./Core/Src/main.o (localtime)
c:/st/stm32cubeide_1.12.1/stm32cubeide/plugins/com.st.stm32cube.ide.mcu.externaltools.gnu-tools-for-stm32.10.3-2021.10.win32_1.0.200.202301161003/tools/bin/../lib/gcc/arm-none-eabi/10.3.1/../../../../arm-none-eabi/lib/thumb/v7e-m+fp/hard\libc_nano.a(lib_a-lcltime_r.o)
                              c:/st/stm32cubeide_1.12.1/stm32cubeide/plugins/com.st.stm32cube.ide.mcu.externaltools.gnu-tools-for-stm32.10.3-2021.10.win32_1.0.200.202301161003/tools/bin/../lib/gcc/arm-none-eabi/10.3.1/../../../../arm-none-eabi/lib/thumb/v7e-m+fp/hard\libc_nano.a(lib_a-lcltime.o) (localtime_r)
c:/st/stm32cubeide_1.12.1/stm32cubeide/plugins/com.st.stm32cube.ide.mcu.externaltools.gnu-tools-for-stm32.10.3-2021.10.win32_1.0.200.202301161003/tools/bin/../lib/gcc/arm-none-eabi/10.3.1/../../../../arm-none-eabi/lib/thumb/v7e-m+fp/hard\libc_nano.a(lib_a-malloc.o)
                              c:/st/stm32cubeide_1.12.1/stm32cubeide/plugins/com.st.stm32cube.ide.mcu.externaltools.gnu-tools-for-stm32.10.3-2021.10.win32_1.0.200.202301161003/tools/bin/../lib/gcc/arm-none-eabi/10.3.1/../../../../arm-none-eabi/lib/thumb/v7e-m+fp/hard\libc_nano.a(lib_a-lcltime.o) (malloc)
c:/st/stm32cubeide_1.12.1/stm32cubeide/plugins/com.st.stm32cube.ide.mcu.externaltools.gnu-tools-for-stm32.10.3-2021.10.win32_1.0.200.202301161003/tools/bin/../lib/gcc/arm-none-eabi/10.3.1/../../../../arm-none-eabi/lib/thumb/v7e-m+fp/hard\libc_nano.a(lib_a-memcpy-stub.o)
                              ./Core/Src/mcu.o (memcpy)
c:/st/stm32cubeide_1.12.1/stm32cubeide/plugins/com.st.stm32cube.ide.mcu.externaltools.gnu-tools-for-stm32.10.3-2021.10.win32_1.0.200.202301161003/tools/bin/../lib/gcc/arm-none-eabi/10.3.1/../../../../arm-none-eabi/lib/thumb/v7e-m+fp/hard\libc_nano.a(lib_a-memset.o)
                              c:/st/stm32cubeide_1.12.1/stm32cubeide/plugins/com.st.stm32cube.ide.mcu.externaltools.gnu-tools-for-stm32.10.3-2021.10.win32_1.0.200.202301161003/tools/bin/../lib/gcc/arm-none-eabi/10.3.1/../../../../arm-none-eabi/lib/thumb/v7e-m+fp/hard/crt0.o (memset)
c:/st/stm32cubeide_1.12.1/stm32cubeide/plugins/com.st.stm32cube.ide.mcu.externaltools.gnu-tools-for-stm32.10.3-2021.10.win32_1.0.200.202301161003/tools/bin/../lib/gcc/arm-none-eabi/10.3.1/../../../../arm-none-eabi/lib/thumb/v7e-m+fp/hard\libc_nano.a(lib_a-mktime.o)
                              ./Core/Src/main.o (mktime)
[...]
Memory Configuration

Name             Origin             Length             Attributes
FLASH            0x0000000008000000 0x0000000000080000 xr
RAM1             0x0000000020000008 0x000000000002fff8 xrw
RAM_SHARED       0x0000000020030000 0x0000000000002800 xrw
*default*        0x0000000000000000 0xffffffffffffffff

Linker script and memory map

LOAD c:/st/stm32cubeide_1.12.1/stm32cubeide/plugins/com.st.stm32cube.ide.mcu.externaltools.gnu-tools-for-stm32.10.3-2021.10.win32_1.0.200.202301161003/tools/bin/../lib/gcc/arm-none-eabi/10.3.1/thumb/v7e-m+fp/hard/crti.o
LOAD c:/st/stm32cubeide_1.12.1/stm32cubeide/plugins/com.st.stm32cube.ide.mcu.externaltools.gnu-tools-for-stm32.10.3-2021.10.win32_1.0.200.202301161003/tools/bin/../lib/gcc/arm-none-eabi/10.3.1/thumb/v7e-m+fp/hard/crtbegin.o
LOAD c:/st/stm32cubeide_1.12.1/stm32cubeide/plugins/com.st.stm32cube.ide.mcu.externaltools.gnu-tools-for-stm32.10.3-2021.10.win32_1.0.200.202301161003/tools/bin/../lib/gcc/arm-none-eabi/10.3.1/../../../../arm-none-eabi/lib/thumb/v7e-m+fp/hard/crt0.o
LOAD ./Core/Src/canfdspi_api.o
LOAD ./Core/Src/eeprom_emul.o
LOAD ./Core/Src/flash_interface.o
LOAD ./Core/Src/main.o
LOAD ./Core/Src/mcu.o
LOAD ./Core/Src/stm32wbxx_hal_msp.o
LOAD ./Core/Src/stm32wbxx_it.o
LOAD ./Core/Src/syscalls.o
LOAD ./Core/Src/sysmem.o
LOAD ./Core/Src/system_stm32wbxx.o
LOAD ./Core/Src/vcu.o
LOAD ./Core/Startup/startup_stm32wb55rgvx.o
LOAD ./Drivers/STM32WBxx_HAL_Driver/Src/stm32wbxx_hal.o
LOAD ./Drivers/STM32WBxx_HAL_Driver/Src/stm32wbxx_hal_cortex.o
LOAD ./Drivers/STM32WBxx_HAL_Driver/Src/stm32wbxx_hal_crc.o
LOAD ./Drivers/STM32WBxx_HAL_Driver/Src/stm32wbxx_hal_crc_ex.o
LOAD ./Drivers/STM32WBxx_HAL_Driver/Src/stm32wbxx_hal_dma.o
LOAD ./Drivers/STM32WBxx_HAL_Driver/Src/stm32wbxx_hal_dma_ex.o
LOAD ./Drivers/STM32WBxx_HAL_Driver/Src/stm32wbxx_hal_exti.o
LOAD ./Drivers/STM32WBxx_HAL_Driver/Src/stm32wbxx_hal_flash.o
LOAD ./Drivers/STM32WBxx_HAL_Driver/Src/stm32wbxx_hal_flash_ex.o
LOAD ./Drivers/STM32WBxx_HAL_Driver/Src/stm32wbxx_hal_gpio.o
LOAD ./Drivers/STM32WBxx_HAL_Driver/Src/stm32wbxx_hal_hsem.o
LOAD ./Drivers/STM32WBxx_HAL_Driver/Src/stm32wbxx_hal_pcd.o
LOAD ./Drivers/STM32WBxx_HAL_Driver/Src/stm32wbxx_hal_pcd_ex.o
LOAD ./Drivers/STM32WBxx_HAL_Driver/Src/stm32wbxx_hal_pka.o
LOAD ./Drivers/STM32WBxx_HAL_Driver/Src/stm32wbxx_hal_pwr.o
LOAD ./Drivers/STM32WBxx_HAL_Driver/Src/stm32wbxx_hal_pwr_ex.o
LOAD ./Drivers/STM32WBxx_HAL_Driver/Src/stm32wbxx_hal_rcc.o
LOAD ./Drivers/STM32WBxx_HAL_Driver/Src/stm32wbxx_hal_rcc_ex.o
LOAD ./Drivers/STM32WBxx_HAL_Driver/Src/stm32wbxx_hal_rtc.o
LOAD ./Drivers/STM32WBxx_HAL_Driver/Src/stm32wbxx_hal_rtc_ex.o
LOAD ./Drivers/STM32WBxx_HAL_Driver/Src/stm32wbxx_hal_spi.o
LOAD ./Drivers/STM32WBxx_HAL_Driver/Src/stm32wbxx_hal_spi_ex.o
LOAD ./Drivers/STM32WBxx_HAL_Driver/Src/stm32wbxx_hal_tim.o
LOAD ./Drivers/STM32WBxx_HAL_Driver/Src/stm32wbxx_hal_tim_ex.o
LOAD ./Drivers/STM32WBxx_HAL_Driver/Src/stm32wbxx_hal_uart.o
LOAD ./Drivers/STM32WBxx_HAL_Driver/Src/stm32wbxx_hal_uart_ex.o
LOAD ./Drivers/STM32WBxx_HAL_Driver/Src/stm32wbxx_ll_rcc.o
LOAD ./Drivers/STM32WBxx_HAL_Driver/Src/stm32wbxx_ll_usb.o
START GROUP
LOAD c:/st/stm32cubeide_1.12.1/stm32cubeide/plugins/com.st.stm32cube.ide.mcu.externaltools.gnu-tools-for-stm32.10.3-2021.10.win32_1.0.200.202301161003/tools/bin/../lib/gcc/arm-none-eabi/10.3.1/../../../../arm-none-eabi/lib/thumb/v7e-m+fp/hard\libc_nano.a
LOAD c:/st/stm32cubeide_1.12.1/stm32cubeide/plugins/com.st.stm32cube.ide.mcu.externaltools.gnu-tools-for-stm32.10.3-2021.10.win32_1.0.200.202301161003/tools/bin/../lib/gcc/arm-none-eabi/10.3.1/../../../../arm-none-eabi/lib/thumb/v7e-m+fp/hard\libm.a
END GROUP
START GROUP
LOAD c:/st/stm32cubeide_1.12.1/stm32cubeide/plugins/com.st.stm32cube.ide.mcu.externaltools.gnu-tools-for-stm32.10.3-2021.10.win32_1.0.200.202301161003/tools/bin/../lib/gcc/arm-none-eabi/10.3.1/thumb/v7e-m+fp/hard\libgcc.a
LOAD c:/st/stm32cubeide_1.12.1/stm32cubeide/plugins/com.st.stm32cube.ide.mcu.externaltools.gnu-tools-for-stm32.10.3-2021.10.win32_1.0.200.202301161003/tools/bin/../lib/gcc/arm-none-eabi/10.3.1/../../../../arm-none-eabi/lib/thumb/v7e-m+fp/hard\libc_nano.a
END GROUP
START GROUP
LOAD c:/st/stm32cubeide_1.12.1/stm32cubeide/plugins/com.st.stm32cube.ide.mcu.externaltools.gnu-tools-for-stm32.10.3-2021.10.win32_1.0.200.202301161003/tools/bin/../lib/gcc/arm-none-eabi/10.3.1/thumb/v7e-m+fp/hard\libgcc.a
LOAD c:/st/stm32cubeide_1.12.1/stm32cubeide/plugins/com.st.stm32cube.ide.mcu.externaltools.gnu-tools-for-stm32.10.3-2021.10.win32_1.0.200.202301161003/tools/bin/../lib/gcc/arm-none-eabi/10.3.1/../../../../arm-none-eabi/lib/thumb/v7e-m+fp/hard\libc_nano.a
LOAD c:/st/stm32cubeide_1.12.1/stm32cubeide/plugins/com.st.stm32cube.ide.mcu.externaltools.gnu-tools-for-stm32.10.3-2021.10.win32_1.0.200.202301161003/tools/bin/../lib/gcc/arm-none-eabi/10.3.1/../../../../arm-none-eabi/lib/thumb/v7e-m+fp/hard\libnosys.a
END GROUP
START GROUP
LOAD c:/st/stm32cubeide_1.12.1/stm32cubeide/plugins/com.st.stm32cube.ide.mcu.externaltools.gnu-tools-for-stm32.10.3-2021.10.win32_1.0.200.202301161003/tools/bin/../lib/gcc/arm-none-eabi/10.3.1/thumb/v7e-m+fp/hard\libgcc.a
LOAD c:/st/stm32cubeide_1.12.1/stm32cubeide/plugins/com.st.stm32cube.ide.mcu.externaltools.gnu-tools-for-stm32.10.3-2021.10.win32_1.0.200.202301161003/tools/bin/../lib/gcc/arm-none-eabi/10.3.1/../../../../arm-none-eabi/lib/thumb/v7e-m+fp/hard\libc_nano.a
LOAD c:/st/stm32cubeide_1.12.1/stm32cubeide/plugins/com.st.stm32cube.ide.mcu.externaltools.gnu-tools-for-stm32.10.3-2021.10.win32_1.0.200.202301161003/tools/bin/../lib/gcc/arm-none-eabi/10.3.1/../../../../arm-none-eabi/lib/thumb/v7e-m+fp/hard\libnosys.a
END GROUP
LOAD c:/st/stm32cubeide_1.12.1/stm32cubeide/plugins/com.st.stm32cube.ide.mcu.externaltools.gnu-tools-for-stm32.10.3-2021.10.win32_1.0.200.202301161003/tools/bin/../lib/gcc/arm-none-eabi/10.3.1/thumb/v7e-m+fp/hard/crtend.o
LOAD c:/st/stm32cubeide_1.12.1/stm32cubeide/plugins/com.st.stm32cube.ide.mcu.externaltools.gnu-tools-for-stm32.10.3-2021.10.win32_1.0.200.202301161003/tools/bin/../lib/gcc/arm-none-eabi/10.3.1/thumb/v7e-m+fp/hard/crtn.o
                0x0000000020030000                _estack = (ORIGIN (RAM1) + LENGTH (RAM1))
                0x0000000000000200                _Min_Heap_Size = 0x200
                0x0000000000000400                _Min_Stack_Size = 0x400

.isr_vector     0x0000000008000000      0x13c
                0x0000000008000000                . = ALIGN (0x4)
 *(.isr_vector)
 .isr_vector    0x0000000008000000      0x13c ./Core/Startup/startup_stm32wb55rgvx.o
                0x0000000008000000                g_pfnVectors
                0x000000000800013c                . = ALIGN (0x4)

.text           0x0000000008000140    0x13e08
                0x0000000008000140                . = ALIGN (0x4)
 *(.text)
 .text          0x0000000008000140       0x40 c:/st/stm32cubeide_1.12.1/stm32cubeide/plugins/com.st.stm32cube.ide.mcu.externaltools.gnu-tools-for-stm32.10.3-2021.10.win32_1.0.200.202301161003/tools/bin/../lib/gcc/arm-none-eabi/10.3.1/thumb/v7e-m+fp/hard/crtbegin.o
 .text          0x0000000008000180       0x10 c:/st/stm32cubeide_1.12.1/stm32cubeide/plugins/com.st.stm32cube.ide.mcu.externaltools.gnu-tools-for-stm32.10.3-2021.10.win32_1.0.200.202301161003/tools/bin/../lib/gcc/arm-none-eabi/10.3.1/../../../../arm-none-eabi/lib/thumb/v7e-m+fp/hard\libc_nano.a(lib_a-strlen.o)
                0x0000000008000180                strlen
 .text          0x0000000008000190       0xa0 c:/st/stm32cubeide_1.12.1/stm32cubeide/plugins/com.st.stm32cube.ide.mcu.externaltools.gnu-tools-for-stm32.10.3-2021.10.win32_1.0.200.202301161003/tools/bin/../lib/gcc/arm-none-eabi/10.3.1/../../../../arm-none-eabi/lib/thumb/v7e-m+fp/hard\libc_nano.a(lib_a-memchr.o)
                0x0000000008000190                memchr
 .text          0x0000000008000230       0x14 c:/st/stm32cubeide_1.12.1/stm32cubeide/plugins/com.st.stm32cube.ide.mcu.externaltools.gnu-tools-for-stm32.10.3-2021.10.win32_1.0.200.202301161003/tools/bin/../lib/gcc/arm-none-eabi/10.3.1/../../../../arm-none-eabi/lib/thumb/v7e-m+fp/hard\libc_nano.a(lib_a-strcmp.o)
                0x0000000008000230                strcmp
 .text          0x0000000008000244      0x378 c:/st/stm32cubeide_1.12.1/stm32cubeide/plugins/com.st.stm32cube.ide.mcu.externaltools.gnu-tools-for-stm32.10.3-2021.10.win32_1.0.200.202301161003/tools/bin/../lib/gcc/arm-none-eabi/10.3.1/thumb/v7e-m+fp/hard\libgcc.a(_arm_addsubdf3.o)
                0x0000000008000244                __aeabi_drsub
                0x000000000800024c                __aeabi_dsub
                0x000000000800024c                __subdf3
                0x0000000008000250                __aeabi_dadd
                0x0000000008000250                __adddf3
                0x00000000080004c8                __floatunsidf
                0x00000000080004c8                __aeabi_ui2d
                0x00000000080004e8                __floatsidf
                0x00000000080004e8                __aeabi_i2d
                0x000000000800050c                __aeabi_f2d
                0x000000000800050c                __extendsfdf2
                0x0000000008000550                __floatundidf
                0x0000000008000550                __aeabi_ul2d
                0x0000000008000560                __floatdidf
                0x0000000008000560                __aeabi_l2d
 .text          0x00000000080005bc      0x424 c:/st/stm32cubeide_1.12.1/stm32cubeide/plugins/com.st.stm32cube.ide.mcu.externaltools.gnu-tools-for-stm32.10.3-2021.10.win32_1.0.200.202301161003/tools/bin/../lib/gcc/arm-none-eabi/10.3.1/thumb/v7e-m+fp/hard\libgcc.a(_arm_muldivdf3.o)
                0x00000000080005bc                __aeabi_dmul
                0x00000000080005bc                __muldf3
                0x0000000008000810                __divdf3
                0x0000000008000810                __aeabi_ddiv
 .text          0x00000000080009e0      0x110 c:/st/stm32cubeide_1.12.1/stm32cubeide/plugins/com.st.stm32cube.ide.mcu.externaltools.gnu-tools-for-stm32.10.3-2021.10.win32_1.0.200.202301161003/tools/bin/../lib/gcc/arm-none-eabi/10.3.1/thumb/v7e-m+fp/hard\libgcc.a(_arm_cmpdf2.o)
                0x00000000080009e0                __gtdf2
                0x00000000080009e0                __gedf2
                0x00000000080009e8                __ltdf2
                0x00000000080009e8                __ledf2
                0x00000000080009f0                __nedf2
                0x00000000080009f0                __eqdf2
                0x00000000080009f0                __cmpdf2
                0x0000000008000a6c                __aeabi_cdrcmple
                0x0000000008000a7c                __aeabi_cdcmpeq
                0x0000000008000a7c                __aeabi_cdcmple
                0x0000000008000a8c                __aeabi_dcmpeq
                0x0000000008000aa0                __aeabi_dcmplt
                0x0000000008000ab4                __aeabi_dcmple
                0x0000000008000ac8                __aeabi_dcmpge
                0x0000000008000adc                __aeabi_dcmpgt
 .text          0x0000000008000af0       0x2c c:/st/stm32cubeide_1.12.1/stm32cubeide/plugins/com.st.stm32cube.ide.mcu.externaltools.gnu-tools-for-stm32.10.3-2021.10.win32_1.0.200.202301161003/tools/bin/../lib/gcc/arm-none-eabi/10.3.1/thumb/v7e-m+fp/hard\libgcc.a(_arm_unorddf2.o)
                0x0000000008000af0                __unorddf2
                0x0000000008000af0                __aeabi_dcmpun
 .text          0x0000000008000b1c       0x50 c:/st/stm32cubeide_1.12.1/stm32cubeide/plugins/com.st.stm32cube.ide.mcu.externaltools.gnu-tools-for-stm32.10.3-2021.10.win32_1.0.200.202301161003/tools/bin/../lib/gcc/arm-none-eabi/10.3.1/thumb/v7e-m+fp/hard\libgcc.a(_arm_fixdfsi.o)
                0x0000000008000b1c                __aeabi_d2iz
                0x0000000008000b1c                __fixdfsi
 .text          0x0000000008000b6c       0x40 c:/st/stm32cubeide_1.12.1/stm32cubeide/plugins/com.st.stm32cube.ide.mcu.externaltools.gnu-tools-for-stm32.10.3-2021.10.win32_1.0.200.202301161003/tools/bin/../lib/gcc/arm-none-eabi/10.3.1/thumb/v7e-m+fp/hard\libgcc.a(_arm_fixunsdfsi.o)
                0x0000000008000b6c                __aeabi_d2uiz
                0x0000000008000b6c                __fixunsdfsi
 .text          0x0000000008000bac       0xa0 c:/st/stm32cubeide_1.12.1/stm32cubeide/plugins/com.st.stm32cube.ide.mcu.externaltools.gnu-tools-for-stm32.10.3-2021.10.win32_1.0.200.202301161003/tools/bin/../lib/gcc/arm-none-eabi/10.3.1/thumb/v7e-m+fp/hard\libgcc.a(_arm_truncdfsf2.o)
                0x0000000008000bac                __truncdfsf2
                0x0000000008000bac                __aeabi_d2f
 .text          0x0000000008000c4c       0xa0 c:/st/stm32cubeide_1.12.1/stm32cubeide/plugins/com.st.stm32cube.ide.mcu.externaltools.gnu-tools-for-stm32.10.3-2021.10.win32_1.0.200.202301161003/tools/bin/../lib/gcc/arm-none-eabi/10.3.1/thumb/v7e-m+fp/hard\libgcc.a(_aeabi_ldivmod.o)
                0x0000000008000c4c                __aeabi_ldivmod
 .text          0x0000000008000cec       0x30 c:/st/stm32cubeide_1.12.1/stm32cubeide/plugins/com.st.stm32cube.ide.mcu.externaltools.gnu-tools-for-stm32.10.3-2021.10.win32_1.0.200.202301161003/tools/bin/../lib/gcc/arm-none-eabi/10.3.1/thumb/v7e-m+fp/hard\libgcc.a(_aeabi_uldivmod.o)
                0x0000000008000cec                __aeabi_uldivmod
 .text          0x0000000008000d1c      0x2d0 c:/st/stm32cubeide_1.12.1/stm32cubeide/plugins/com.st.stm32cube.ide.mcu.externaltools.gnu-tools-for-stm32.10.3-2021.10.win32_1.0.200.202301161003/tools/bin/../lib/gcc/arm-none-eabi/10.3.1/thumb/v7e-m+fp/hard\libgcc.a(_udivmoddi4.o)
                0x0000000008000d1c                __udivmoddi4
 .text          0x0000000008000fec        0x4 c:/st/stm32cubeide_1.12.1/stm32cubeide/plugins/com.st.stm32cube.ide.mcu.externaltools.gnu-tools-for-stm32.10.3-2021.10.win32_1.0.200.202301161003/tools/bin/../lib/gcc/arm-none-eabi/10.3.1/thumb/v7e-m+fp/hard\libgcc.a(_dvmd_tls.o)
                0x0000000008000fec                __aeabi_idiv0
                0x0000000008000fec                __aeabi_ldiv0
 *(.text*)
 .text.DRV_CANFDSPI_Reset
                0x0000000008000ff0       0xb4 ./Core/Src/canfdspi_api.o
                0x0000000008000ff0                DRV_CANFDSPI_Reset
 .text.DRV_CANFDSPI_ReadByte
                0x00000000080010a4       0xd8 ./Core/Src/canfdspi_api.o
                0x00000000080010a4                DRV_CANFDSPI_ReadByte
 .text.DRV_CANFDSPI_WriteByte
                0x000000000800117c       0xd4 ./Core/Src/canfdspi_api.o
                0x000000000800117c                DRV_CANFDSPI_WriteByte
 .text.DRV_CANFDSPI_ReadWord
                0x0000000008001250      0x10c ./Core/Src/canfdspi_api.o
                0x0000000008001250                DRV_CANFDSPI_ReadWord
 .text.DRV_CANFDSPI_WriteWord
                0x000000000800135c       0xf0 ./Core/Src/canfdspi_api.o
                0x000000000800135c                DRV_CANFDSPI_WriteWord
 .text.DRV_CANFDSPI_ReadHalfWord
                0x000000000800144c      0x110 ./Core/Src/canfdspi_api.o
                0x000000000800144c                DRV_CANFDSPI_ReadHalfWord
 .text.DRV_CANFDSPI_WriteHalfWord
                0x000000000800155c       0xf0 ./Core/Src/canfdspi_api.o
                0x000000000800155c                DRV_CANFDSPI_WriteHalfWord
 .text.DRV_CANFDSPI_ReadByteArray
                0x000000000800164c      0x120 ./Core/Src/canfdspi_api.o
                0x000000000800164c                DRV_CANFDSPI_ReadByteArray
 .text.DRV_CANFDSPI_WriteByteArray
                0x000000000800176c      0x104 ./Core/Src/canfdspi_api.o
                0x000000000800176c                DRV_CANFDSPI_WriteByteArray
 .text.DRV_CANFDSPI_ReadWordArray
                0x0000000008001870      0x15c ./Core/Src/canfdspi_api.o
                0x0000000008001870                DRV_CANFDSPI_ReadWordArray
 .text.DRV_CANFDSPI_Configure
                0x00000000080019cc      0x11c ./Core/Src/canfdspi_api.o
                0x00000000080019cc                DRV_CANFDSPI_Configure
 .text.DRV_CANFDSPI_ConfigureObjectReset
                0x0000000008001ae8       0xf8 ./Core/Src/canfdspi_api.o
                0x0000000008001ae8                DRV_CANFDSPI_ConfigureObjectReset
 .text.DRV_CANFDSPI_OperationModeSelect
                0x0000000008001be0       0x76 ./Core/Src/canfdspi_api.o
                0x0000000008001be0                DRV_CANFDSPI_OperationModeSelect
 *fill*         0x0000000008001c56        0x2 
 .text.DRV_CANFDSPI_TransmitChannelConfigure
                0x0000000008001c58       0xb0 ./Core/Src/canfdspi_api.o
                0x0000000008001c58                DRV_CANFDSPI_TransmitChannelConfigure
 .text.DRV_CANFDSPI_TransmitChannelConfigureObjectReset
                0x0000000008001d08       0x78 ./Core/Src/canfdspi_api.o
                0x0000000008001d08                DRV_CANFDSPI_TransmitChannelConfigureObjectReset
 .text.DRV_CANFDSPI_TransmitChannelLoad
                0x0000000008001d80      0x1e4 ./Core/Src/canfdspi_api.o
                0x0000000008001d80                DRV_CANFDSPI_TransmitChannelLoad
 .text.DRV_CANFDSPI_TransmitChannelFlush
                0x0000000008001f64       0x54 ./Core/Src/canfdspi_api.o
                0x0000000008001f64                DRV_CANFDSPI_TransmitChannelFlush
 .text.DRV_CANFDSPI_TransmitChannelUpdate
                0x0000000008001fb8       0x6c ./Core/Src/canfdspi_api.o
                0x0000000008001fb8                DRV_CANFDSPI_TransmitChannelUpdate
 .text.DRV_CANFDSPI_FilterObjectConfigure
                0x0000000008002024       0x44 ./Core/Src/canfdspi_api.o
                0x0000000008002024                DRV_CANFDSPI_FilterObjectConfigure
 .text.DRV_CANFDSPI_FilterMaskConfigure
                0x0000000008002068       0x48 ./Core/Src/canfdspi_api.o
                0x0000000008002068                DRV_CANFDSPI_FilterMaskConfigure
 .text.DRV_CANFDSPI_FilterToFifoLink
                0x00000000080020b0       0x70 ./Core/Src/canfdspi_api.o
                0x00000000080020b0                DRV_CANFDSPI_FilterToFifoLink
 .text.DRV_CANFDSPI_ReceiveChannelConfigure
                0x0000000008002120       0x98 ./Core/Src/canfdspi_api.o
                0x0000000008002120                DRV_CANFDSPI_ReceiveChannelConfigure
 .text.DRV_CANFDSPI_ReceiveChannelConfigureObjectReset
                0x00000000080021b8       0x54 ./Core/Src/canfdspi_api.o
                0x00000000080021b8                DRV_CANFDSPI_ReceiveChannelConfigureObjectReset
 .text.DRV_CANFDSPI_ReceiveMessageGet
                0x000000000800220c      0x200 ./Core/Src/canfdspi_api.o
                0x000000000800220c                DRV_CANFDSPI_ReceiveMessageGet
 .text.DRV_CANFDSPI_ReceiveChannelUpdate
                0x000000000800240c       0x52 ./Core/Src/canfdspi_api.o
                0x000000000800240c                DRV_CANFDSPI_ReceiveChannelUpdate
 .text.DRV_CANFDSPI_ModuleEventEnable
                0x000000000800245e       0x80 ./Core/Src/canfdspi_api.o
                0x000000000800245e                DRV_CANFDSPI_ModuleEventEnable
 .text.DRV_CANFDSPI_TransmitChannelEventGet
                0x00000000080024de       0x66 ./Core/Src/canfdspi_api.o
                0x00000000080024de                DRV_CANFDSPI_TransmitChannelEventGet
 .text.DRV_CANFDSPI_ReceiveChannelEventGet
                0x0000000008002544       0x72 ./Core/Src/canfdspi_api.o
                0x0000000008002544                DRV_CANFDSPI_ReceiveChannelEventGet
 .text.DRV_CANFDSPI_ReceiveChannelEventEnable
                0x00000000080025b6       0x9c ./Core/Src/canfdspi_api.o
                0x00000000080025b6                DRV_CANFDSPI_ReceiveChannelEventEnable
 .text.DRV_CANFDSPI_ErrorCountStateGet
                0x0000000008002652       0x64 ./Core/Src/canfdspi_api.o
                0x0000000008002652                DRV_CANFDSPI_ErrorCountStateGet
 .text.DRV_CANFDSPI_EccEnable
                0x00000000080026b6       0x68 ./Core/Src/canfdspi_api.o
                0x00000000080026b6                DRV_CANFDSPI_EccEnable
 .text.DRV_CANFDSPI_RamInit
                0x000000000800271e       0x80 ./Core/Src/canfdspi_api.o
                0x000000000800271e                DRV_CANFDSPI_RamInit
 .text.DRV_CANFDSPI_BitTimeConfigure
                0x000000000800279e       0xd8 ./Core/Src/canfdspi_api.o
                0x000000000800279e                DRV_CANFDSPI_BitTimeConfigure
 *fill*         0x0000000008002876        0x2 
 .text.DRV_CANFDSPI_BitTimeConfigureNominal40MHz
                0x0000000008002878      0x10c ./Core/Src/canfdspi_api.o
                0x0000000008002878                DRV_CANFDSPI_BitTimeConfigureNominal40MHz
 .text.DRV_CANFDSPI_BitTimeConfigureData40MHz
                0x0000000008002984      0x470 ./Core/Src/canfdspi_api.o
                0x0000000008002984                DRV_CANFDSPI_BitTimeConfigureData40MHz
 .text.DRV_CANFDSPI_BitTimeConfigureNominal20MHz
                0x0000000008002df4      0x118 ./Core/Src/canfdspi_api.o
                0x0000000008002df4                DRV_CANFDSPI_BitTimeConfigureNominal20MHz
 .text.DRV_CANFDSPI_BitTimeConfigureData20MHz
                0x0000000008002f0c      0x354 ./Core/Src/canfdspi_api.o
                0x0000000008002f0c                DRV_CANFDSPI_BitTimeConfigureData20MHz
 .text.DRV_CANFDSPI_BitTimeConfigureNominal10MHz
                0x0000000008003260      0x118 ./Core/Src/canfdspi_api.o
                0x0000000008003260                DRV_CANFDSPI_BitTimeConfigureNominal10MHz
 .text.DRV_CANFDSPI_BitTimeConfigureData10MHz
                0x0000000008003378      0x264 ./Core/Src/canfdspi_api.o
                0x0000000008003378                DRV_CANFDSPI_BitTimeConfigureData10MHz
 .text.DRV_CANFDSPI_GpioModeConfigure
                0x00000000080035dc       0x90 ./Core/Src/canfdspi_api.o
                0x00000000080035dc                DRV_CANFDSPI_GpioModeConfigure
 .text.DRV_CANFDSPI_DlcToDataBytes
                0x000000000800366c       0x80 ./Core/Src/canfdspi_api.o
                0x000000000800366c                DRV_CANFDSPI_DlcToDataBytes
 .text.LL_RCC_LSE_SetDriveCapability
                0x00000000080036ec       0x2c ./Core/Src/main.o
 .text.LL_AHB2_GRP1_EnableClock
                0x0000000008003718       0x32 ./Core/Src/main.o
 *fill*         0x000000000800374a        0x2 
 .text.serialOut
                0x000000000800374c       0x74 ./Core/Src/main.o
                0x000000000800374c                serialOut
 .text.getTimeBCD
                0x00000000080037c0       0x68 ./Core/Src/main.o
                0x00000000080037c0                getTimeBCD
 .text.writeRTC
                0x0000000008003828       0xf4 ./Core/Src/main.o
                0x0000000008003828                writeRTC
 .text.readRTC  0x000000000800391c       0xb4 ./Core/Src/main.o
                0x000000000800391c                readRTC
 .text.switchLedOn
                0x00000000080039d0       0x78 ./Core/Src/main.o
                0x00000000080039d0                switchLedOn
 .text.switchLedOff
                0x0000000008003a48       0x78 ./Core/Src/main.o
                0x0000000008003a48                switchLedOff
 .text.HAL_GPIO_EXTI_Callback
                0x0000000008003ac0      0x11c ./Core/Src/main.o
                0x0000000008003ac0                HAL_GPIO_EXTI_Callback
 .text.HAL_TIM_PeriodElapsedCallback
                0x0000000008003bdc       0x8c ./Core/Src/main.o
                0x0000000008003bdc                HAL_TIM_PeriodElapsedCallback
 .text.main     0x0000000008003c68       0x54 ./Core/Src/main.o
                0x0000000008003c68                main
 .text.SystemClock_Config
                0x0000000008003cbc       0xd8 ./Core/Src/main.o
                0x0000000008003cbc                SystemClock_Config
 .text.PeriphCommonClock_Config
                0x0000000008003d94       0x3a ./Core/Src/main.o
                0x0000000008003d94                PeriphCommonClock_Config
 *fill*         0x0000000008003dce        0x2 
 .text.MX_LPUART1_UART_Init
                0x0000000008003dd0       0x98 ./Core/Src/main.o
 .text.MX_USART1_UART_Init
                0x0000000008003e68       0x98 ./Core/Src/main.o
 .text.MX_PKA_Init
                0x0000000008003f00       0x28 ./Core/Src/main.o
 .text.MX_RTC_Init
                0x0000000008003f28       0x50 ./Core/Src/main.o
 .text.MX_SPI1_Init
                0x0000000008003f78       0x7c ./Core/Src/main.o
 .text.MX_SPI2_Init
                0x0000000008003ff4       0x7c ./Core/Src/main.o
 .text.MX_TIM1_Init
                0x0000000008004070      0x15c ./Core/Src/main.o
 .text.MX_USB_PCD_Init
                0x00000000080041cc       0x50 ./Core/Src/main.o
 .text.MX_GPIO_Init
                0x000000000800421c      0x5ec ./Core/Src/main.o
 .text.Error_Handler
                0x0000000008004808       0x20 ./Core/Src/main.o
                0x0000000008004808                Error_Handler
 .text.PCU_Initialize
                0x0000000008004828      0x278 ./Core/Src/mcu.o
                0x0000000008004828                PCU_Initialize
 .text.PCU_Tasks
                0x0000000008004aa0      0x838 ./Core/Src/mcu.o
                0x0000000008004aa0                PCU_Tasks
 .text.DRV_CANFDSPI_Init
                0x00000000080052d8      0x164 ./Core/Src/mcu.o
                0x00000000080052d8                DRV_CANFDSPI_Init
 *fill*         0x000000000800543c        0x4 
 .text.MCU_UpdateStats
                0x0000000008005440      0x9d8 ./Core/Src/mcu.o
                0x0000000008005440                MCU_UpdateStats
 .text.MCU_ReceiveMessages
                0x0000000008005e18      0x1b4 ./Core/Src/mcu.o
                0x0000000008005e18                MCU_ReceiveMessages
 .text.MCU_TransmitMessageQueue
                0x0000000008005fcc       0xbc ./Core/Src/mcu.o
                0x0000000008005fcc                MCU_TransmitMessageQueue
 .text.MCU_RegisterModule
                0x0000000008006088      0x368 ./Core/Src/mcu.o
                0x0000000008006088                MCU_RegisterModule
 .text.MCU_DeRegisterAllModules
                0x00000000080063f0       0xa0 ./Core/Src/mcu.o
                0x00000000080063f0                MCU_DeRegisterAllModules
 .text.MCU_IsolateAllModules
                0x0000000008006490       0xac ./Core/Src/mcu.o
                0x0000000008006490                MCU_IsolateAllModules
 .text.MCU_ProcessModuleTime
                0x000000000800653c       0xf4 ./Core/Src/mcu.o
                0x000000000800653c                MCU_ProcessModuleTime
 .text.MCU_RequestHardware
                0x0000000008006630      0x130 ./Core/Src/mcu.o
                0x0000000008006630                MCU_RequestHardware
 .text.MCU_ProcessModuleHardware
                0x0000000008006760      0x584 ./Core/Src/mcu.o
                0x0000000008006760                MCU_ProcessModuleHardware
 .text.MCU_RequestModuleStatus
                0x0000000008006ce4      0x130 ./Core/Src/mcu.o
                0x0000000008006ce4                MCU_RequestModuleStatus
 .text.MCU_FindMaxVoltageModule
                0x0000000008006e14       0xf4 ./Core/Src/mcu.o
                0x0000000008006e14                MCU_FindMaxVoltageModule
 .text.MCU_ProcessModuleStatus1
                0x0000000008006f08      0x510 ./Core/Src/mcu.o
                0x0000000008006f08                MCU_ProcessModuleStatus1
 .text.MCU_ProcessModuleStatus2
                0x0000000008007418      0x2e8 ./Core/Src/mcu.o
                0x0000000008007418                MCU_ProcessModuleStatus2
 .text.MCU_ProcessModuleStatus3
                0x0000000008007700      0x278 ./Core/Src/mcu.o
                0x0000000008007700                MCU_ProcessModuleStatus3
 .text.MCU_ProcessCellCommStatus1
                0x0000000008007978      0x104 ./Core/Src/mcu.o
                0x0000000008007978                MCU_ProcessCellCommStatus1
 *fill*         0x0000000008007a7c        0x4 
 .text.MCU_TransmitState
                0x0000000008007a80      0x184 ./Core/Src/mcu.o
                0x0000000008007a80                MCU_TransmitState
 .text.MCU_ProcessCellDetail
                0x0000000008007c04      0x250 ./Core/Src/mcu.o
                0x0000000008007c04                MCU_ProcessCellDetail
 .text.MCU_ModuleIndexFromId
                0x0000000008007e54       0x68 ./Core/Src/mcu.o
                0x0000000008007e54                MCU_ModuleIndexFromId
 .text.MCU_TicksSinceLastMessage
                0x0000000008007ebc       0xf0 ./Core/Src/mcu.o
                0x0000000008007ebc                MCU_TicksSinceLastMessage
 .text.MCU_TicksSinceLastStateTx
                0x0000000008007fac       0xf0 ./Core/Src/mcu.o
                0x0000000008007fac                MCU_TicksSinceLastStateTx
 .text.CAN_TestRegisterAccess
                0x000000000800809c       0xf4 ./Core/Src/mcu.o
                0x000000000800809c                CAN_TestRegisterAccess
 .text.CAN_TestRamAccess
                0x0000000008008190       0xec ./Core/Src/mcu.o
                0x0000000008008190                CAN_TestRamAccess
 .text.LL_RCC_EnableRTC
                0x000000000800827c       0x22 ./Core/Src/stm32wbxx_hal_msp.o
 .text.LL_AHB2_GRP1_EnableClock
                0x000000000800829e       0x32 ./Core/Src/stm32wbxx_hal_msp.o
 .text.LL_AHB3_GRP1_EnableClock
                0x00000000080082d0       0x32 ./Core/Src/stm32wbxx_hal_msp.o
 .text.LL_APB1_GRP1_EnableClock
                0x0000000008008302       0x32 ./Core/Src/stm32wbxx_hal_msp.o
 .text.LL_APB1_GRP2_EnableClock
                0x0000000008008334       0x32 ./Core/Src/stm32wbxx_hal_msp.o
 .text.LL_APB2_GRP1_EnableClock
                0x0000000008008366       0x32 ./Core/Src/stm32wbxx_hal_msp.o
 .text.HAL_MspInit
                0x0000000008008398       0x20 ./Core/Src/stm32wbxx_hal_msp.o
                0x0000000008008398                HAL_MspInit
 .text.HAL_UART_MspInit
                0x00000000080083b8       0xf4 ./Core/Src/stm32wbxx_hal_msp.o
                0x00000000080083b8                HAL_UART_MspInit
 .text.HAL_PKA_MspInit
                0x00000000080084ac       0x28 ./Core/Src/stm32wbxx_hal_msp.o
                0x00000000080084ac                HAL_PKA_MspInit
 .text.HAL_RTC_MspInit
                0x00000000080084d4       0x58 ./Core/Src/stm32wbxx_hal_msp.o
                0x00000000080084d4                HAL_RTC_MspInit
 .text.HAL_SPI_MspInit
                0x000000000800852c       0xec ./Core/Src/stm32wbxx_hal_msp.o
                0x000000000800852c                HAL_SPI_MspInit
 .text.HAL_TIM_Base_MspInit
                0x0000000008008618       0x38 ./Core/Src/stm32wbxx_hal_msp.o
                0x0000000008008618                HAL_TIM_Base_MspInit
 .text.HAL_PCD_MspInit
                0x0000000008008650       0xac ./Core/Src/stm32wbxx_hal_msp.o
                0x0000000008008650                HAL_PCD_MspInit
 .text.NMI_Handler
                0x00000000080086fc        0x6 ./Core/Src/stm32wbxx_it.o
                0x00000000080086fc                NMI_Handler
 .text.HardFault_Handler
                0x0000000008008702        0x6 ./Core/Src/stm32wbxx_it.o
                0x0000000008008702                HardFault_Handler
 .text.MemManage_Handler
                0x0000000008008708        0x6 ./Core/Src/stm32wbxx_it.o
                0x0000000008008708                MemManage_Handler
 .text.BusFault_Handler
                0x000000000800870e        0x6 ./Core/Src/stm32wbxx_it.o
                0x000000000800870e                BusFault_Handler
 .text.UsageFault_Handler
                0x0000000008008714        0x6 ./Core/Src/stm32wbxx_it.o
                0x0000000008008714                UsageFault_Handler
 .text.SVC_Handler
                0x000000000800871a        0xe ./Core/Src/stm32wbxx_it.o
                0x000000000800871a                SVC_Handler
 .text.DebugMon_Handler
                0x0000000008008728        0xe ./Core/Src/stm32wbxx_it.o
                0x0000000008008728                DebugMon_Handler
 .text.PendSV_Handler
                0x0000000008008736        0xe ./Core/Src/stm32wbxx_it.o
                0x0000000008008736                PendSV_Handler
 .text.SysTick_Handler
                0x0000000008008744        0xc ./Core/Src/stm32wbxx_it.o
                0x0000000008008744                SysTick_Handler
 .text.EXTI0_IRQHandler
                0x0000000008008750       0x18 ./Core/Src/stm32wbxx_it.o
                0x0000000008008750                EXTI0_IRQHandler
 .text.EXTI1_IRQHandler
                0x0000000008008768       0x18 ./Core/Src/stm32wbxx_it.o
                0x0000000008008768                EXTI1_IRQHandler
 .text.EXTI4_IRQHandler
                0x0000000008008780       0x18 ./Core/Src/stm32wbxx_it.o
                0x0000000008008780                EXTI4_IRQHandler
 .text.EXTI9_5_IRQHandler
                0x0000000008008798       0x24 ./Core/Src/stm32wbxx_it.o
                0x0000000008008798                EXTI9_5_IRQHandler
 .text.TIM1_UP_TIM16_IRQHandler
                0x00000000080087bc       0x14 ./Core/Src/stm32wbxx_it.o
                0x00000000080087bc                TIM1_UP_TIM16_IRQHandler
 .text.USART1_IRQHandler
                0x00000000080087d0       0x14 ./Core/Src/stm32wbxx_it.o
                0x00000000080087d0                USART1_IRQHandler
 .text.EXTI15_10_IRQHandler
                0x00000000080087e4       0x40 ./Core/Src/stm32wbxx_it.o
                0x00000000080087e4                EXTI15_10_IRQHandler
 .text.HSEM_IRQHandler
                0x0000000008008824        0xc ./Core/Src/stm32wbxx_it.o
                0x0000000008008824                HSEM_IRQHandler
 .text._getpid  0x0000000008008830       0x10 ./Core/Src/syscalls.o
                0x0000000008008830                _getpid
 .text._kill    0x0000000008008840       0x20 ./Core/Src/syscalls.o
                0x0000000008008840                _kill
 .text._exit    0x0000000008008860       0x14 ./Core/Src/syscalls.o
                0x0000000008008860                _exit
 .text._read    0x0000000008008874       0x3a ./Core/Src/syscalls.o
                0x0000000008008874                _read
 .text._write   0x00000000080088ae       0x38 ./Core/Src/syscalls.o
                0x00000000080088ae                _write
 .text._close   0x00000000080088e6       0x18 ./Core/Src/syscalls.o
                0x00000000080088e6                _close
 .text._fstat   0x00000000080088fe       0x20 ./Core/Src/syscalls.o
                0x00000000080088fe                _fstat
 .text._isatty  0x000000000800891e       0x16 ./Core/Src/syscalls.o
                0x000000000800891e                _isatty
 .text._lseek   0x0000000008008934       0x1a ./Core/Src/syscalls.o
                0x0000000008008934                _lseek
 *fill*         0x000000000800894e        0x2 
 .text._sbrk    0x0000000008008950       0x6c ./Core/Src/sysmem.o
                0x0000000008008950                _sbrk
 .text.SystemInit
                0x00000000080089bc       0xa4 ./Core/Src/system_stm32wbxx.o
                0x00000000080089bc                SystemInit
 .text.VCU_ReceiveMessages
                0x0000000008008a60      0x170 ./Core/Src/vcu.o
                0x0000000008008a60                VCU_ReceiveMessages
 .text.VCU_TransmitMessageQueue
                0x0000000008008bd0       0xbc ./Core/Src/vcu.o
                0x0000000008008bd0                VCU_TransmitMessageQueue
 *fill*         0x0000000008008c8c        0x4 
 .text.VCU_ProcessVcuCommand
                0x0000000008008c90      0x140 ./Core/Src/vcu.o
                0x0000000008008c90                VCU_ProcessVcuCommand
 .text.VCU_ProcessVcuTime
                0x0000000008008dd0       0x98 ./Core/Src/vcu.o
                0x0000000008008dd0                VCU_ProcessVcuTime
 .text.VCU_TicksSinceLastMessage
                0x0000000008008e68       0x6c ./Core/Src/vcu.o
                0x0000000008008e68                VCU_TicksSinceLastMessage
 *fill*         0x0000000008008ed4        0x4 
 .text.VCU_TransmitBmsState
                0x0000000008008ed8      0x1cc ./Core/Src/vcu.o
                0x0000000008008ed8                VCU_TransmitBmsState
 *fill*         0x00000000080090a4        0x4 
 .text.VCU_TransmitBmsData1
                0x00000000080090a8      0x1c8 ./Core/Src/vcu.o
                0x00000000080090a8                VCU_TransmitBmsData1
 .text.VCU_TransmitBmsData2
                0x0000000008009270      0x284 ./Core/Src/vcu.o
                0x0000000008009270                VCU_TransmitBmsData2
 *fill*         0x00000000080094f4        0x4 
 .text.VCU_TransmitBmsData3
                0x00000000080094f8      0x254 ./Core/Src/vcu.o
                0x00000000080094f8                VCU_TransmitBmsData3
 *fill*         0x000000000800974c        0x4 
 .text.VCU_TransmitBmsData5
                0x0000000008009750      0x240 ./Core/Src/vcu.o
                0x0000000008009750                VCU_TransmitBmsData5
 .text.VCU_TransmitBmsData8
                0x0000000008009990       0xdc ./Core/Src/vcu.o
                0x0000000008009990                VCU_TransmitBmsData8
 .text.VCU_TransmitBmsData9
                0x0000000008009a6c       0xdc ./Core/Src/vcu.o
                0x0000000008009a6c                VCU_TransmitBmsData9
 .text.VCU_TransmitBmsData10
                0x0000000008009b48       0xcc ./Core/Src/vcu.o
                0x0000000008009b48                VCU_TransmitBmsData10
 .text.VCU_RequestTime
                0x0000000008009c14       0xa8 ./Core/Src/vcu.o
                0x0000000008009c14                VCU_RequestTime
 .text.data_initializers
                0x0000000008009cbc       0x18 ./Core/Startup/startup_stm32wb55rgvx.o
 .text.Reset_Handler
                0x0000000008009cd4       0x58 ./Core/Startup/startup_stm32wb55rgvx.o
                0x0000000008009cd4                Reset_Handler
 .text.Default_Handler
                0x0000000008009d2c        0x2 ./Core/Startup/startup_stm32wb55rgvx.o
                0x0000000008009d2c                RTC_Alarm_IRQHandler
                0x0000000008009d2c                EXTI2_IRQHandler
                0x0000000008009d2c                TIM1_CC_IRQHandler
                0x0000000008009d2c                TSC_IRQHandler
                0x0000000008009d2c                USB_HP_IRQHandler
                0x0000000008009d2c                EXTI3_IRQHandler
                0x0000000008009d2c                LPTIM2_IRQHandler
                0x0000000008009d2c                I2C3_ER_IRQHandler
                0x0000000008009d2c                FPU_IRQHandler
                0x0000000008009d2c                AES1_IRQHandler
                0x0000000008009d2c                SPI1_IRQHandler
                0x0000000008009d2c                PWR_SOTF_BLEACT_802ACT_RFPHASE_IRQHandler
                0x0000000008009d2c                DMA2_Channel2_IRQHandler
                0x0000000008009d2c                DMA1_Channel4_IRQHandler
                0x0000000008009d2c                ADC1_IRQHandler
                0x0000000008009d2c                PKA_IRQHandler
                0x0000000008009d2c                DMA1_Channel7_IRQHandler
                0x0000000008009d2c                LCD_IRQHandler
                0x0000000008009d2c                IPCC_C1_TX_IRQHandler
                0x0000000008009d2c                DMA2_Channel1_IRQHandler
                0x0000000008009d2c                QUADSPI_IRQHandler
                0x0000000008009d2c                I2C1_EV_IRQHandler
                0x0000000008009d2c                DMAMUX1_OVR_IRQHandler
                0x0000000008009d2c                DMA1_Channel6_IRQHandler
                0x0000000008009d2c                DMA2_Channel4_IRQHandler
                0x0000000008009d2c                RCC_IRQHandler
                0x0000000008009d2c                DMA1_Channel1_IRQHandler
                0x0000000008009d2c                Default_Handler
                0x0000000008009d2c                DMA2_Channel7_IRQHandler
                0x0000000008009d2c                IPCC_C1_RX_IRQHandler
                0x0000000008009d2c                C2SEV_PWR_C2H_IRQHandler
                0x0000000008009d2c                AES2_IRQHandler
                0x0000000008009d2c                I2C3_EV_IRQHandler
                0x0000000008009d2c                RTC_WKUP_IRQHandler
                0x0000000008009d2c                PVD_PVM_IRQHandler
                0x0000000008009d2c                SPI2_IRQHandler
                0x0000000008009d2c                DMA2_Channel5_IRQHandler
                0x0000000008009d2c                CRS_IRQHandler
                0x0000000008009d2c                DMA1_Channel5_IRQHandler
                0x0000000008009d2c                USB_LP_IRQHandler
                0x0000000008009d2c                RNG_IRQHandler
                0x0000000008009d2c                TIM1_TRG_COM_TIM17_IRQHandler
                0x0000000008009d2c                TAMP_STAMP_LSECSS_IRQHandler
                0x0000000008009d2c                DMA1_Channel3_IRQHandler
                0x0000000008009d2c                COMP_IRQHandler
                0x0000000008009d2c                WWDG_IRQHandler
                0x0000000008009d2c                LPUART1_IRQHandler
                0x0000000008009d2c                DMA2_Channel6_IRQHandler
                0x0000000008009d2c                TIM2_IRQHandler
                0x0000000008009d2c                TIM1_BRK_IRQHandler
                0x0000000008009d2c                DMA1_Channel2_IRQHandler
                0x0000000008009d2c                FLASH_IRQHandler
                0x0000000008009d2c                I2C1_ER_IRQHandler
                0x0000000008009d2c                LPTIM1_IRQHandler
                0x0000000008009d2c                SAI1_IRQHandler
                0x0000000008009d2c                DMA2_Channel3_IRQHandler
 *fill*         0x0000000008009d2e        0x2 
 .text.HAL_Init
                0x0000000008009d30       0x40 ./Drivers/STM32WBxx_HAL_Driver/Src/stm32wbxx_hal.o
                0x0000000008009d30                HAL_Init
 .text.HAL_InitTick
                0x0000000008009d70       0x74 ./Drivers/STM32WBxx_HAL_Driver/Src/stm32wbxx_hal.o
                0x0000000008009d70                HAL_InitTick
 .text.HAL_IncTick
                0x0000000008009de4       0x28 ./Drivers/STM32WBxx_HAL_Driver/Src/stm32wbxx_hal.o
                0x0000000008009de4                HAL_IncTick
 .text.HAL_GetTick
                0x0000000008009e0c       0x18 ./Drivers/STM32WBxx_HAL_Driver/Src/stm32wbxx_hal.o
                0x0000000008009e0c                HAL_GetTick
 .text.HAL_GetTickPrio
                0x0000000008009e24       0x18 ./Drivers/STM32WBxx_HAL_Driver/Src/stm32wbxx_hal.o
                0x0000000008009e24                HAL_GetTickPrio
 .text.__NVIC_SetPriorityGrouping
                0x0000000008009e3c       0x48 ./Drivers/STM32WBxx_HAL_Driver/Src/stm32wbxx_hal_cortex.o
 .text.__NVIC_GetPriorityGrouping
                0x0000000008009e84       0x1c ./Drivers/STM32WBxx_HAL_Driver/Src/stm32wbxx_hal_cortex.o
 .text.__NVIC_EnableIRQ
                0x0000000008009ea0       0x3c ./Drivers/STM32WBxx_HAL_Driver/Src/stm32wbxx_hal_cortex.o
 .text.__NVIC_SetPriority
                0x0000000008009edc       0x54 ./Drivers/STM32WBxx_HAL_Driver/Src/stm32wbxx_hal_cortex.o
 .text.NVIC_EncodePriority
                0x0000000008009f30       0x66 ./Drivers/STM32WBxx_HAL_Driver/Src/stm32wbxx_hal_cortex.o
 *fill*         0x0000000008009f96        0x2 
 .text.SysTick_Config
                0x0000000008009f98       0x44 ./Drivers/STM32WBxx_HAL_Driver/Src/stm32wbxx_hal_cortex.o
 .text.HAL_NVIC_SetPriorityGrouping
                0x0000000008009fdc       0x16 ./Drivers/STM32WBxx_HAL_Driver/Src/stm32wbxx_hal_cortex.o
                0x0000000008009fdc                HAL_NVIC_SetPriorityGrouping
 .text.HAL_NVIC_SetPriority
                0x0000000008009ff2       0x34 ./Drivers/STM32WBxx_HAL_Driver/Src/stm32wbxx_hal_cortex.o
                0x0000000008009ff2                HAL_NVIC_SetPriority
 .text.HAL_NVIC_EnableIRQ
                0x000000000800a026       0x1c ./Drivers/STM32WBxx_HAL_Driver/Src/stm32wbxx_hal_cortex.o
                0x000000000800a026                HAL_NVIC_EnableIRQ
 .text.HAL_SYSTICK_Config
                0x000000000800a042       0x18 ./Drivers/STM32WBxx_HAL_Driver/Src/stm32wbxx_hal_cortex.o
                0x000000000800a042                HAL_SYSTICK_Config
 .text.HAL_DMA_Abort
                0x000000000800a05a       0xbe ./Drivers/STM32WBxx_HAL_Driver/Src/stm32wbxx_hal_dma.o
                0x000000000800a05a                HAL_DMA_Abort
 .text.HAL_DMA_Abort_IT
                0x000000000800a118       0xbe ./Drivers/STM32WBxx_HAL_Driver/Src/stm32wbxx_hal_dma.o
                0x000000000800a118                HAL_DMA_Abort_IT
 *fill*         0x000000000800a1d6        0x2 
 .text.HAL_GPIO_Init
                0x000000000800a1d8      0x2e0 ./Drivers/STM32WBxx_HAL_Driver/Src/stm32wbxx_hal_gpio.o
                0x000000000800a1d8                HAL_GPIO_Init
 .text.HAL_GPIO_ReadPin
                0x000000000800a4b8       0x30 ./Drivers/STM32WBxx_HAL_Driver/Src/stm32wbxx_hal_gpio.o
                0x000000000800a4b8                HAL_GPIO_ReadPin
 .text.HAL_GPIO_WritePin
                0x000000000800a4e8       0x30 ./Drivers/STM32WBxx_HAL_Driver/Src/stm32wbxx_hal_gpio.o
                0x000000000800a4e8                HAL_GPIO_WritePin
 .text.HAL_GPIO_TogglePin
                0x000000000800a518       0x34 ./Drivers/STM32WBxx_HAL_Driver/Src/stm32wbxx_hal_gpio.o
                0x000000000800a518                HAL_GPIO_TogglePin
 .text.HAL_GPIO_EXTI_IRQHandler
                0x000000000800a54c       0x30 ./Drivers/STM32WBxx_HAL_Driver/Src/stm32wbxx_hal_gpio.o
                0x000000000800a54c                HAL_GPIO_EXTI_IRQHandler
 .text.HAL_HSEM_IRQHandler
                0x000000000800a57c       0x34 ./Drivers/STM32WBxx_HAL_Driver/Src/stm32wbxx_hal_hsem.o
                0x000000000800a57c                HAL_HSEM_IRQHandler
 .text.HAL_HSEM_FreeCallback
                0x000000000800a5b0       0x14 ./Drivers/STM32WBxx_HAL_Driver/Src/stm32wbxx_hal_hsem.o
                0x000000000800a5b0                HAL_HSEM_FreeCallback
 .text.HAL_PCD_Init
                0x000000000800a5c4      0x1b2 ./Drivers/STM32WBxx_HAL_Driver/Src/stm32wbxx_hal_pcd.o
                0x000000000800a5c4                HAL_PCD_Init
 .text.HAL_PCDEx_ActivateLPM
                0x000000000800a776       0x54 ./Drivers/STM32WBxx_HAL_Driver/Src/stm32wbxx_hal_pcd_ex.o
                0x000000000800a776                HAL_PCDEx_ActivateLPM
 .text.HAL_PKA_Init
                0x000000000800a7ca       0x5c ./Drivers/STM32WBxx_HAL_Driver/Src/stm32wbxx_hal_pka.o
                0x000000000800a7ca                HAL_PKA_Init
 *fill*         0x000000000800a826        0x2 
 .text.HAL_PWR_EnableBkUpAccess
                0x000000000800a828       0x20 ./Drivers/STM32WBxx_HAL_Driver/Src/stm32wbxx_hal_pwr.o
                0x000000000800a828                HAL_PWR_EnableBkUpAccess
 .text.HAL_PWREx_GetVoltageRange
                0x000000000800a848       0x1c ./Drivers/STM32WBxx_HAL_Driver/Src/stm32wbxx_hal_pwr_ex.o
                0x000000000800a848                HAL_PWREx_GetVoltageRange
 .text.LL_RCC_HSE_IsEnabledDiv2
                0x000000000800a864       0x24 ./Drivers/STM32WBxx_HAL_Driver/Src/stm32wbxx_hal_rcc.o
 .text.LL_RCC_HSE_Enable
                0x000000000800a888       0x1e ./Drivers/STM32WBxx_HAL_Driver/Src/stm32wbxx_hal_rcc.o
 .text.LL_RCC_HSE_Disable
                0x000000000800a8a6       0x1e ./Drivers/STM32WBxx_HAL_Driver/Src/stm32wbxx_hal_rcc.o
 .text.LL_RCC_HSE_IsReady
                0x000000000800a8c4       0x24 ./Drivers/STM32WBxx_HAL_Driver/Src/stm32wbxx_hal_rcc.o
 .text.LL_RCC_HSI_Enable
                0x000000000800a8e8       0x1e ./Drivers/STM32WBxx_HAL_Driver/Src/stm32wbxx_hal_rcc.o
 .text.LL_RCC_HSI_Disable
                0x000000000800a906       0x1e ./Drivers/STM32WBxx_HAL_Driver/Src/stm32wbxx_hal_rcc.o
 .text.LL_RCC_HSI_IsReady
                0x000000000800a924       0x24 ./Drivers/STM32WBxx_HAL_Driver/Src/stm32wbxx_hal_rcc.o
 .text.LL_RCC_HSI_SetCalibTrimming
                0x000000000800a948       0x2a ./Drivers/STM32WBxx_HAL_Driver/Src/stm32wbxx_hal_rcc.o
 .text.LL_RCC_HSI48_Enable
                0x000000000800a972       0x22 ./Drivers/STM32WBxx_HAL_Driver/Src/stm32wbxx_hal_rcc.o
 .text.LL_RCC_HSI48_Disable
                0x000000000800a994       0x22 ./Drivers/STM32WBxx_HAL_Driver/Src/stm32wbxx_hal_rcc.o
 .text.LL_RCC_HSI48_IsReady
                0x000000000800a9b6       0x24 ./Drivers/STM32WBxx_HAL_Driver/Src/stm32wbxx_hal_rcc.o
 .text.LL_RCC_LSE_Enable
                0x000000000800a9da       0x22 ./Drivers/STM32WBxx_HAL_Driver/Src/stm32wbxx_hal_rcc.o
 .text.LL_RCC_LSE_Disable
                0x000000000800a9fc       0x22 ./Drivers/STM32WBxx_HAL_Driver/Src/stm32wbxx_hal_rcc.o
 .text.LL_RCC_LSE_EnableBypass
                0x000000000800aa1e       0x22 ./Drivers/STM32WBxx_HAL_Driver/Src/stm32wbxx_hal_rcc.o
 .text.LL_RCC_LSE_DisableBypass
                0x000000000800aa40       0x22 ./Drivers/STM32WBxx_HAL_Driver/Src/stm32wbxx_hal_rcc.o
 .text.LL_RCC_LSE_IsReady
                0x000000000800aa62       0x24 ./Drivers/STM32WBxx_HAL_Driver/Src/stm32wbxx_hal_rcc.o
 .text.LL_RCC_LSI1_Enable
                0x000000000800aa86       0x22 ./Drivers/STM32WBxx_HAL_Driver/Src/stm32wbxx_hal_rcc.o
 .text.LL_RCC_LSI1_Disable
                0x000000000800aaa8       0x22 ./Drivers/STM32WBxx_HAL_Driver/Src/stm32wbxx_hal_rcc.o
 .text.LL_RCC_LSI1_IsReady
                0x000000000800aaca       0x24 ./Drivers/STM32WBxx_HAL_Driver/Src/stm32wbxx_hal_rcc.o
 .text.LL_RCC_LSI2_Enable
                0x000000000800aaee       0x22 ./Drivers/STM32WBxx_HAL_Driver/Src/stm32wbxx_hal_rcc.o
 .text.LL_RCC_LSI2_Disable
                0x000000000800ab10       0x22 ./Drivers/STM32WBxx_HAL_Driver/Src/stm32wbxx_hal_rcc.o
 .text.LL_RCC_LSI2_IsReady
                0x000000000800ab32       0x24 ./Drivers/STM32WBxx_HAL_Driver/Src/stm32wbxx_hal_rcc.o
 .text.LL_RCC_LSI2_SetTrimming
                0x000000000800ab56       0x2e ./Drivers/STM32WBxx_HAL_Driver/Src/stm32wbxx_hal_rcc.o
 .text.LL_RCC_MSI_Enable
                0x000000000800ab84       0x1e ./Drivers/STM32WBxx_HAL_Driver/Src/stm32wbxx_hal_rcc.o
 .text.LL_RCC_MSI_Disable
                0x000000000800aba2       0x1e ./Drivers/STM32WBxx_HAL_Driver/Src/stm32wbxx_hal_rcc.o
 .text.LL_RCC_MSI_IsReady
                0x000000000800abc0       0x22 ./Drivers/STM32WBxx_HAL_Driver/Src/stm32wbxx_hal_rcc.o
 .text.LL_RCC_MSI_SetRange
                0x000000000800abe2       0x28 ./Drivers/STM32WBxx_HAL_Driver/Src/stm32wbxx_hal_rcc.o
 .text.LL_RCC_MSI_GetRange
                0x000000000800ac0a       0x2a ./Drivers/STM32WBxx_HAL_Driver/Src/stm32wbxx_hal_rcc.o
 .text.LL_RCC_MSI_SetCalibTrimming
                0x000000000800ac34       0x2a ./Drivers/STM32WBxx_HAL_Driver/Src/stm32wbxx_hal_rcc.o
 .text.LL_RCC_SetSysClkSource
                0x000000000800ac5e       0x28 ./Drivers/STM32WBxx_HAL_Driver/Src/stm32wbxx_hal_rcc.o
 .text.LL_RCC_GetSysClkSource
                0x000000000800ac86       0x18 ./Drivers/STM32WBxx_HAL_Driver/Src/stm32wbxx_hal_rcc.o
 .text.LL_RCC_SetAHBPrescaler
                0x000000000800ac9e       0x28 ./Drivers/STM32WBxx_HAL_Driver/Src/stm32wbxx_hal_rcc.o
 .text.LL_C2_RCC_SetAHBPrescaler
                0x000000000800acc6       0x2c ./Drivers/STM32WBxx_HAL_Driver/Src/stm32wbxx_hal_rcc.o
 .text.LL_RCC_SetAHB4Prescaler
                0x000000000800acf2       0x2e ./Drivers/STM32WBxx_HAL_Driver/Src/stm32wbxx_hal_rcc.o
 .text.LL_RCC_SetAPB1Prescaler
                0x000000000800ad20       0x28 ./Drivers/STM32WBxx_HAL_Driver/Src/stm32wbxx_hal_rcc.o
 .text.LL_RCC_SetAPB2Prescaler
                0x000000000800ad48       0x28 ./Drivers/STM32WBxx_HAL_Driver/Src/stm32wbxx_hal_rcc.o
 .text.LL_RCC_GetAHBPrescaler
                0x000000000800ad70       0x18 ./Drivers/STM32WBxx_HAL_Driver/Src/stm32wbxx_hal_rcc.o
 .text.LL_RCC_GetAHB4Prescaler
                0x000000000800ad88       0x1c ./Drivers/STM32WBxx_HAL_Driver/Src/stm32wbxx_hal_rcc.o
 .text.LL_RCC_GetAPB1Prescaler
                0x000000000800ada4       0x18 ./Drivers/STM32WBxx_HAL_Driver/Src/stm32wbxx_hal_rcc.o
 .text.LL_RCC_GetAPB2Prescaler
                0x000000000800adbc       0x18 ./Drivers/STM32WBxx_HAL_Driver/Src/stm32wbxx_hal_rcc.o
 .text.LL_RCC_PLL_Enable
                0x000000000800add4       0x1e ./Drivers/STM32WBxx_HAL_Driver/Src/stm32wbxx_hal_rcc.o
 .text.LL_RCC_PLL_Disable
                0x000000000800adf2       0x1e ./Drivers/STM32WBxx_HAL_Driver/Src/stm32wbxx_hal_rcc.o
 .text.LL_RCC_PLL_IsReady
                0x000000000800ae10       0x24 ./Drivers/STM32WBxx_HAL_Driver/Src/stm32wbxx_hal_rcc.o
 .text.LL_RCC_PLL_GetN
                0x000000000800ae34       0x1a ./Drivers/STM32WBxx_HAL_Driver/Src/stm32wbxx_hal_rcc.o
 .text.LL_RCC_PLL_GetR
                0x000000000800ae4e       0x18 ./Drivers/STM32WBxx_HAL_Driver/Src/stm32wbxx_hal_rcc.o
 .text.LL_RCC_PLL_GetDivider
                0x000000000800ae66       0x18 ./Drivers/STM32WBxx_HAL_Driver/Src/stm32wbxx_hal_rcc.o
 .text.LL_RCC_PLL_GetMainSource
                0x000000000800ae7e       0x18 ./Drivers/STM32WBxx_HAL_Driver/Src/stm32wbxx_hal_rcc.o
 .text.LL_RCC_IsActiveFlag_HPRE
                0x000000000800ae96       0x24 ./Drivers/STM32WBxx_HAL_Driver/Src/stm32wbxx_hal_rcc.o
 .text.LL_RCC_IsActiveFlag_C2HPRE
                0x000000000800aeba       0x26 ./Drivers/STM32WBxx_HAL_Driver/Src/stm32wbxx_hal_rcc.o
 .text.LL_RCC_IsActiveFlag_SHDHPRE
                0x000000000800aee0       0x26 ./Drivers/STM32WBxx_HAL_Driver/Src/stm32wbxx_hal_rcc.o
 .text.LL_RCC_IsActiveFlag_PPRE1
                0x000000000800af06       0x24 ./Drivers/STM32WBxx_HAL_Driver/Src/stm32wbxx_hal_rcc.o
 .text.LL_RCC_IsActiveFlag_PPRE2
                0x000000000800af2a       0x24 ./Drivers/STM32WBxx_HAL_Driver/Src/stm32wbxx_hal_rcc.o
 *fill*         0x000000000800af4e        0x2 
 .text.HAL_RCC_OscConfig
                0x000000000800af50      0x6e8 ./Drivers/STM32WBxx_HAL_Driver/Src/stm32wbxx_hal_rcc.o
                0x000000000800af50                HAL_RCC_OscConfig
 .text.HAL_RCC_ClockConfig
                0x000000000800b638      0x280 ./Drivers/STM32WBxx_HAL_Driver/Src/stm32wbxx_hal_rcc.o
                0x000000000800b638                HAL_RCC_ClockConfig
 .text.HAL_RCC_GetSysClockFreq
                0x000000000800b8b8       0xd8 ./Drivers/STM32WBxx_HAL_Driver/Src/stm32wbxx_hal_rcc.o
                0x000000000800b8b8                HAL_RCC_GetSysClockFreq
 .text.HAL_RCC_GetHCLKFreq
                0x000000000800b990       0x28 ./Drivers/STM32WBxx_HAL_Driver/Src/stm32wbxx_hal_rcc.o
                0x000000000800b990                HAL_RCC_GetHCLKFreq
 .text.HAL_RCC_GetPCLK1Freq
                0x000000000800b9b8       0x2c ./Drivers/STM32WBxx_HAL_Driver/Src/stm32wbxx_hal_rcc.o
                0x000000000800b9b8                HAL_RCC_GetPCLK1Freq
 .text.HAL_RCC_GetPCLK2Freq
                0x000000000800b9e4       0x2c ./Drivers/STM32WBxx_HAL_Driver/Src/stm32wbxx_hal_rcc.o
                0x000000000800b9e4                HAL_RCC_GetPCLK2Freq
 .text.RCC_SetFlashLatencyFromMSIRange
                0x000000000800ba10       0x70 ./Drivers/STM32WBxx_HAL_Driver/Src/stm32wbxx_hal_rcc.o
 .text.RCC_SetFlashLatency
                0x000000000800ba80       0xf8 ./Drivers/STM32WBxx_HAL_Driver/Src/stm32wbxx_hal_rcc.o
 .text.LL_RCC_LSE_IsEnabled
                0x000000000800bb78       0x24 ./Drivers/STM32WBxx_HAL_Driver/Src/stm32wbxx_hal_rcc_ex.o
 .text.LL_RCC_LSE_IsReady
                0x000000000800bb9c       0x24 ./Drivers/STM32WBxx_HAL_Driver/Src/stm32wbxx_hal_rcc_ex.o
 .text.LL_RCC_SetRFWKPClockSource
                0x000000000800bbc0       0x2c ./Drivers/STM32WBxx_HAL_Driver/Src/stm32wbxx_hal_rcc_ex.o
 .text.LL_RCC_SetSMPSClockSource
                0x000000000800bbec       0x28 ./Drivers/STM32WBxx_HAL_Driver/Src/stm32wbxx_hal_rcc_ex.o
 .text.LL_RCC_SetSMPSPrescaler
                0x000000000800bc14       0x28 ./Drivers/STM32WBxx_HAL_Driver/Src/stm32wbxx_hal_rcc_ex.o
 .text.LL_RCC_SetUSARTClockSource
                0x000000000800bc3c       0x2c ./Drivers/STM32WBxx_HAL_Driver/Src/stm32wbxx_hal_rcc_ex.o
 .text.LL_RCC_SetLPUARTClockSource
                0x000000000800bc68       0x2c ./Drivers/STM32WBxx_HAL_Driver/Src/stm32wbxx_hal_rcc_ex.o
 .text.LL_RCC_SetI2CClockSource
                0x000000000800bc94       0x3a ./Drivers/STM32WBxx_HAL_Driver/Src/stm32wbxx_hal_rcc_ex.o
 .text.LL_RCC_SetLPTIMClockSource
                0x000000000800bcce       0x34 ./Drivers/STM32WBxx_HAL_Driver/Src/stm32wbxx_hal_rcc_ex.o
 .text.LL_RCC_SetSAIClockSource
                0x000000000800bd02       0x2c ./Drivers/STM32WBxx_HAL_Driver/Src/stm32wbxx_hal_rcc_ex.o
 .text.LL_RCC_SetRNGClockSource
                0x000000000800bd2e       0x2c ./Drivers/STM32WBxx_HAL_Driver/Src/stm32wbxx_hal_rcc_ex.o
 .text.LL_RCC_SetCLK48ClockSource
                0x000000000800bd5a       0x2c ./Drivers/STM32WBxx_HAL_Driver/Src/stm32wbxx_hal_rcc_ex.o
 .text.LL_RCC_SetUSBClockSource
                0x000000000800bd86       0x16 ./Drivers/STM32WBxx_HAL_Driver/Src/stm32wbxx_hal_rcc_ex.o
 .text.LL_RCC_SetADCClockSource
                0x000000000800bd9c       0x2c ./Drivers/STM32WBxx_HAL_Driver/Src/stm32wbxx_hal_rcc_ex.o
 .text.LL_RCC_SetRTCClockSource
                0x000000000800bdc8       0x2c ./Drivers/STM32WBxx_HAL_Driver/Src/stm32wbxx_hal_rcc_ex.o
 .text.LL_RCC_GetRTCClockSource
                0x000000000800bdf4       0x1a ./Drivers/STM32WBxx_HAL_Driver/Src/stm32wbxx_hal_rcc_ex.o
 .text.LL_RCC_ForceBackupDomainReset
                0x000000000800be0e       0x22 ./Drivers/STM32WBxx_HAL_Driver/Src/stm32wbxx_hal_rcc_ex.o
 .text.LL_RCC_ReleaseBackupDomainReset
                0x000000000800be30       0x22 ./Drivers/STM32WBxx_HAL_Driver/Src/stm32wbxx_hal_rcc_ex.o
 .text.LL_RCC_PLLSAI1_Enable
                0x000000000800be52       0x1e ./Drivers/STM32WBxx_HAL_Driver/Src/stm32wbxx_hal_rcc_ex.o
 .text.LL_RCC_PLLSAI1_Disable
                0x000000000800be70       0x1e ./Drivers/STM32WBxx_HAL_Driver/Src/stm32wbxx_hal_rcc_ex.o
 .text.LL_RCC_PLLSAI1_IsReady
                0x000000000800be8e       0x24 ./Drivers/STM32WBxx_HAL_Driver/Src/stm32wbxx_hal_rcc_ex.o
 .text.HAL_RCCEx_PeriphCLKConfig
                0x000000000800beb2      0x2ec ./Drivers/STM32WBxx_HAL_Driver/Src/stm32wbxx_hal_rcc_ex.o
                0x000000000800beb2                HAL_RCCEx_PeriphCLKConfig
 .text.RCCEx_PLLSAI1_ConfigNP
                0x000000000800c19e       0xb6 ./Drivers/STM32WBxx_HAL_Driver/Src/stm32wbxx_hal_rcc_ex.o
 .text.RCCEx_PLLSAI1_ConfigNQ
                0x000000000800c254       0xb6 ./Drivers/STM32WBxx_HAL_Driver/Src/stm32wbxx_hal_rcc_ex.o
 .text.RCCEx_PLLSAI1_ConfigNR
                0x000000000800c30a       0xb6 ./Drivers/STM32WBxx_HAL_Driver/Src/stm32wbxx_hal_rcc_ex.o
 .text.HAL_RTC_Init
                0x000000000800c3c0      0x160 ./Drivers/STM32WBxx_HAL_Driver/Src/stm32wbxx_hal_rtc.o
                0x000000000800c3c0                HAL_RTC_Init
 .text.HAL_RTC_SetTime
                0x000000000800c520      0x188 ./Drivers/STM32WBxx_HAL_Driver/Src/stm32wbxx_hal_rtc.o
                0x000000000800c520                HAL_RTC_SetTime
 .text.HAL_RTC_GetTime
                0x000000000800c6a8       0xb8 ./Drivers/STM32WBxx_HAL_Driver/Src/stm32wbxx_hal_rtc.o
                0x000000000800c6a8                HAL_RTC_GetTime
 .text.HAL_RTC_SetDate
                0x000000000800c760      0x15c ./Drivers/STM32WBxx_HAL_Driver/Src/stm32wbxx_hal_rtc.o
                0x000000000800c760                HAL_RTC_SetDate
 .text.HAL_RTC_GetDate
                0x000000000800c8bc       0x9a ./Drivers/STM32WBxx_HAL_Driver/Src/stm32wbxx_hal_rtc.o
                0x000000000800c8bc                HAL_RTC_GetDate
 .text.HAL_RTC_WaitForSynchro
                0x000000000800c956       0x4c ./Drivers/STM32WBxx_HAL_Driver/Src/stm32wbxx_hal_rtc.o
                0x000000000800c956                HAL_RTC_WaitForSynchro
 .text.RTC_EnterInitMode
                0x000000000800c9a2       0x54 ./Drivers/STM32WBxx_HAL_Driver/Src/stm32wbxx_hal_rtc.o
                0x000000000800c9a2                RTC_EnterInitMode
 .text.RTC_ByteToBcd2
                0x000000000800c9f6       0x40 ./Drivers/STM32WBxx_HAL_Driver/Src/stm32wbxx_hal_rtc.o
                0x000000000800c9f6                RTC_ByteToBcd2
 .text.RTC_Bcd2ToByte
                0x000000000800ca36       0x38 ./Drivers/STM32WBxx_HAL_Driver/Src/stm32wbxx_hal_rtc.o
                0x000000000800ca36                RTC_Bcd2ToByte
 .text.HAL_RTCEx_BKUPWrite
                0x000000000800ca6e       0x30 ./Drivers/STM32WBxx_HAL_Driver/Src/stm32wbxx_hal_rtc_ex.o
                0x000000000800ca6e                HAL_RTCEx_BKUPWrite
 .text.HAL_SPI_Init
                0x000000000800ca9e      0x146 ./Drivers/STM32WBxx_HAL_Driver/Src/stm32wbxx_hal_spi.o
                0x000000000800ca9e                HAL_SPI_Init
 .text.HAL_SPI_TransmitReceive
                0x000000000800cbe4      0x426 ./Drivers/STM32WBxx_HAL_Driver/Src/stm32wbxx_hal_spi.o
                0x000000000800cbe4                HAL_SPI_TransmitReceive
 *fill*         0x000000000800d00a        0x2 
 .text.SPI_WaitFlagStateUntilTimeout
                0x000000000800d00c      0x110 ./Drivers/STM32WBxx_HAL_Driver/Src/stm32wbxx_hal_spi.o
 .text.SPI_WaitFifoStateUntilTimeout
                0x000000000800d11c      0x12c ./Drivers/STM32WBxx_HAL_Driver/Src/stm32wbxx_hal_spi.o
 .text.SPI_EndRxTxTransaction
                0x000000000800d248       0x8c ./Drivers/STM32WBxx_HAL_Driver/Src/stm32wbxx_hal_spi.o
 .text.HAL_TIM_Base_Init
                0x000000000800d2d4       0xc8 ./Drivers/STM32WBxx_HAL_Driver/Src/stm32wbxx_hal_tim.o
                0x000000000800d2d4                HAL_TIM_Base_Init
 .text.HAL_TIM_Base_Start_IT
                0x000000000800d39c       0x9c ./Drivers/STM32WBxx_HAL_Driver/Src/stm32wbxx_hal_tim.o
                0x000000000800d39c                HAL_TIM_Base_Start_IT
 .text.HAL_TIM_OC_Init
                0x000000000800d438       0xc8 ./Drivers/STM32WBxx_HAL_Driver/Src/stm32wbxx_hal_tim.o
                0x000000000800d438                HAL_TIM_OC_Init
 .text.HAL_TIM_OC_MspInit
                0x000000000800d500       0x14 ./Drivers/STM32WBxx_HAL_Driver/Src/stm32wbxx_hal_tim.o
                0x000000000800d500                HAL_TIM_OC_MspInit
 .text.HAL_TIM_IRQHandler
                0x000000000800d514      0x282 ./Drivers/STM32WBxx_HAL_Driver/Src/stm32wbxx_hal_tim.o
                0x000000000800d514                HAL_TIM_IRQHandler
 *fill*         0x000000000800d796        0x2 
 .text.HAL_TIM_OC_ConfigChannel
                0x000000000800d798       0xf4 ./Drivers/STM32WBxx_HAL_Driver/Src/stm32wbxx_hal_tim.o
                0x000000000800d798                HAL_TIM_OC_ConfigChannel
 .text.HAL_TIM_ConfigClockSource
                0x000000000800d88c      0x192 ./Drivers/STM32WBxx_HAL_Driver/Src/stm32wbxx_hal_tim.o
                0x000000000800d88c                HAL_TIM_ConfigClockSource
 .text.HAL_TIM_PeriodElapsedHalfCpltCallback
                0x000000000800da1e       0x14 ./Drivers/STM32WBxx_HAL_Driver/Src/stm32wbxx_hal_tim.o
                0x000000000800da1e                HAL_TIM_PeriodElapsedHalfCpltCallback
 .text.HAL_TIM_OC_DelayElapsedCallback
                0x000000000800da32       0x14 ./Drivers/STM32WBxx_HAL_Driver/Src/stm32wbxx_hal_tim.o
                0x000000000800da32                HAL_TIM_OC_DelayElapsedCallback
 .text.HAL_TIM_IC_CaptureCallback
                0x000000000800da46       0x14 ./Drivers/STM32WBxx_HAL_Driver/Src/stm32wbxx_hal_tim.o
                0x000000000800da46                HAL_TIM_IC_CaptureCallback
 .text.HAL_TIM_IC_CaptureHalfCpltCallback
                0x000000000800da5a       0x14 ./Drivers/STM32WBxx_HAL_Driver/Src/stm32wbxx_hal_tim.o
                0x000000000800da5a                HAL_TIM_IC_CaptureHalfCpltCallback
 .text.HAL_TIM_PWM_PulseFinishedCallback
                0x000000000800da6e       0x14 ./Drivers/STM32WBxx_HAL_Driver/Src/stm32wbxx_hal_tim.o
                0x000000000800da6e                HAL_TIM_PWM_PulseFinishedCallback
 .text.HAL_TIM_PWM_PulseFinishedHalfCpltCallback
                0x000000000800da82       0x14 ./Drivers/STM32WBxx_HAL_Driver/Src/stm32wbxx_hal_tim.o
                0x000000000800da82                HAL_TIM_PWM_PulseFinishedHalfCpltCallback
 .text.HAL_TIM_TriggerCallback
                0x000000000800da96       0x14 ./Drivers/STM32WBxx_HAL_Driver/Src/stm32wbxx_hal_tim.o
                0x000000000800da96                HAL_TIM_TriggerCallback
 .text.HAL_TIM_TriggerHalfCpltCallback
                0x000000000800daaa       0x14 ./Drivers/STM32WBxx_HAL_Driver/Src/stm32wbxx_hal_tim.o
                0x000000000800daaa                HAL_TIM_TriggerHalfCpltCallback
 .text.HAL_TIM_ErrorCallback
                0x000000000800dabe       0x14 ./Drivers/STM32WBxx_HAL_Driver/Src/stm32wbxx_hal_tim.o
                0x000000000800dabe                HAL_TIM_ErrorCallback
 *fill*         0x000000000800dad2        0x2 
 .text.TIM_Base_SetConfig
                0x000000000800dad4       0xc8 ./Drivers/STM32WBxx_HAL_Driver/Src/stm32wbxx_hal_tim.o
                0x000000000800dad4                TIM_Base_SetConfig
 .text.TIM_OC1_SetConfig
                0x000000000800db9c       0xf8 ./Drivers/STM32WBxx_HAL_Driver/Src/stm32wbxx_hal_tim.o
 .text.TIM_OC2_SetConfig
                0x000000000800dc94       0xf4 ./Drivers/STM32WBxx_HAL_Driver/Src/stm32wbxx_hal_tim.o
                0x000000000800dc94                TIM_OC2_SetConfig
 .text.TIM_OC3_SetConfig
                0x000000000800dd88       0xf0 ./Drivers/STM32WBxx_HAL_Driver/Src/stm32wbxx_hal_tim.o
 .text.TIM_OC4_SetConfig
                0x000000000800de78       0xbc ./Drivers/STM32WBxx_HAL_Driver/Src/stm32wbxx_hal_tim.o
 .text.TIM_OC5_SetConfig
                0x000000000800df34       0xb0 ./Drivers/STM32WBxx_HAL_Driver/Src/stm32wbxx_hal_tim.o
 .text.TIM_OC6_SetConfig
                0x000000000800dfe4       0xb4 ./Drivers/STM32WBxx_HAL_Driver/Src/stm32wbxx_hal_tim.o
 .text.TIM_TI1_ConfigInputStage
                0x000000000800e098       0x5e ./Drivers/STM32WBxx_HAL_Driver/Src/stm32wbxx_hal_tim.o
 .text.TIM_TI2_ConfigInputStage
                0x000000000800e0f6       0x60 ./Drivers/STM32WBxx_HAL_Driver/Src/stm32wbxx_hal_tim.o
 .text.TIM_ITRx_SetConfig
                0x000000000800e156       0x3a ./Drivers/STM32WBxx_HAL_Driver/Src/stm32wbxx_hal_tim.o
 .text.TIM_ETR_SetConfig
                0x000000000800e190       0x40 ./Drivers/STM32WBxx_HAL_Driver/Src/stm32wbxx_hal_tim.o
                0x000000000800e190                TIM_ETR_SetConfig
 .text.TIM_ResetCallback
                0x000000000800e1d0       0xbc ./Drivers/STM32WBxx_HAL_Driver/Src/stm32wbxx_hal_tim.o
                0x000000000800e1d0                TIM_ResetCallback
 .text.HAL_TIMEx_MasterConfigSynchronization
                0x000000000800e28c       0xc0 ./Drivers/STM32WBxx_HAL_Driver/Src/stm32wbxx_hal_tim_ex.o
                0x000000000800e28c                HAL_TIMEx_MasterConfigSynchronization
 .text.HAL_TIMEx_ConfigBreakDeadTime
                0x000000000800e34c      0x120 ./Drivers/STM32WBxx_HAL_Driver/Src/stm32wbxx_hal_tim_ex.o
                0x000000000800e34c                HAL_TIMEx_ConfigBreakDeadTime
 .text.HAL_TIMEx_CommutCallback
                0x000000000800e46c       0x14 ./Drivers/STM32WBxx_HAL_Driver/Src/stm32wbxx_hal_tim_ex.o
                0x000000000800e46c                HAL_TIMEx_CommutCallback
 .text.HAL_TIMEx_CommutHalfCpltCallback
                0x000000000800e480       0x14 ./Drivers/STM32WBxx_HAL_Driver/Src/stm32wbxx_hal_tim_ex.o
                0x000000000800e480                HAL_TIMEx_CommutHalfCpltCallback
 .text.HAL_TIMEx_BreakCallback
                0x000000000800e494       0x14 ./Drivers/STM32WBxx_HAL_Driver/Src/stm32wbxx_hal_tim_ex.o
                0x000000000800e494                HAL_TIMEx_BreakCallback
 .text.HAL_TIMEx_Break2Callback
                0x000000000800e4a8       0x14 ./Drivers/STM32WBxx_HAL_Driver/Src/stm32wbxx_hal_tim_ex.o
                0x000000000800e4a8                HAL_TIMEx_Break2Callback
 .text.LL_RCC_GetUSARTClockSource
                0x000000000800e4bc       0x20 ./Drivers/STM32WBxx_HAL_Driver/Src/stm32wbxx_hal_uart.o
 .text.LL_RCC_GetLPUARTClockSource
                0x000000000800e4dc       0x20 ./Drivers/STM32WBxx_HAL_Driver/Src/stm32wbxx_hal_uart.o
 .text.HAL_UART_Init
                0x000000000800e4fc       0xa0 ./Drivers/STM32WBxx_HAL_Driver/Src/stm32wbxx_hal_uart.o
                0x000000000800e4fc                HAL_UART_Init
 .text.HAL_UART_Transmit
                0x000000000800e59c      0x11c ./Drivers/STM32WBxx_HAL_Driver/Src/stm32wbxx_hal_uart.o
                0x000000000800e59c                HAL_UART_Transmit
 .text.HAL_UART_IRQHandler
                0x000000000800e6b8      0x648 ./Drivers/STM32WBxx_HAL_Driver/Src/stm32wbxx_hal_uart.o
                0x000000000800e6b8                HAL_UART_IRQHandler
 .text.HAL_UART_TxCpltCallback
                0x000000000800ed00       0x14 ./Drivers/STM32WBxx_HAL_Driver/Src/stm32wbxx_hal_uart.o
                0x000000000800ed00                HAL_UART_TxCpltCallback
 .text.HAL_UART_ErrorCallback
                0x000000000800ed14       0x14 ./Drivers/STM32WBxx_HAL_Driver/Src/stm32wbxx_hal_uart.o
                0x000000000800ed14                HAL_UART_ErrorCallback
 .text.HAL_UARTEx_RxEventCallback
                0x000000000800ed28       0x18 ./Drivers/STM32WBxx_HAL_Driver/Src/stm32wbxx_hal_uart.o
                0x000000000800ed28                HAL_UARTEx_RxEventCallback
 .text.UART_SetConfig
                0x000000000800ed40      0x450 ./Drivers/STM32WBxx_HAL_Driver/Src/stm32wbxx_hal_uart.o
                0x000000000800ed40                UART_SetConfig
 .text.UART_AdvFeatureConfig
                0x000000000800f190      0x144 ./Drivers/STM32WBxx_HAL_Driver/Src/stm32wbxx_hal_uart.o
                0x000000000800f190                UART_AdvFeatureConfig
 .text.UART_CheckIdleState
                0x000000000800f2d4      0x154 ./Drivers/STM32WBxx_HAL_Driver/Src/stm32wbxx_hal_uart.o
                0x000000000800f2d4                UART_CheckIdleState
 .text.UART_WaitOnFlagUntilTimeout
                0x000000000800f428       0xce ./Drivers/STM32WBxx_HAL_Driver/Src/stm32wbxx_hal_uart.o
                0x000000000800f428                UART_WaitOnFlagUntilTimeout
 .text.UART_EndRxTransfer
                0x000000000800f4f6       0xcc ./Drivers/STM32WBxx_HAL_Driver/Src/stm32wbxx_hal_uart.o
 .text.UART_DMAAbortOnError
                0x000000000800f5c2       0x2c ./Drivers/STM32WBxx_HAL_Driver/Src/stm32wbxx_hal_uart.o
 .text.UART_EndTransmit_IT
                0x000000000800f5ee       0x56 ./Drivers/STM32WBxx_HAL_Driver/Src/stm32wbxx_hal_uart.o
 .text.HAL_UARTEx_WakeupCallback
                0x000000000800f644       0x14 ./Drivers/STM32WBxx_HAL_Driver/Src/stm32wbxx_hal_uart_ex.o
                0x000000000800f644                HAL_UARTEx_WakeupCallback
 .text.HAL_UARTEx_RxFifoFullCallback
                0x000000000800f658       0x14 ./Drivers/STM32WBxx_HAL_Driver/Src/stm32wbxx_hal_uart_ex.o
                0x000000000800f658                HAL_UARTEx_RxFifoFullCallback
 .text.HAL_UARTEx_TxFifoEmptyCallback
                0x000000000800f66c       0x14 ./Drivers/STM32WBxx_HAL_Driver/Src/stm32wbxx_hal_uart_ex.o
                0x000000000800f66c                HAL_UARTEx_TxFifoEmptyCallback
 .text.HAL_UARTEx_DisableFifoMode
                0x000000000800f680       0x72 ./Drivers/STM32WBxx_HAL_Driver/Src/stm32wbxx_hal_uart_ex.o
                0x000000000800f680                HAL_UARTEx_DisableFifoMode
 .text.HAL_UARTEx_SetTxFifoThreshold
                0x000000000800f6f2       0x7c ./Drivers/STM32WBxx_HAL_Driver/Src/stm32wbxx_hal_uart_ex.o
                0x000000000800f6f2                HAL_UARTEx_SetTxFifoThreshold
 .text.HAL_UARTEx_SetRxFifoThreshold
                0x000000000800f76e       0x7c ./Drivers/STM32WBxx_HAL_Driver/Src/stm32wbxx_hal_uart_ex.o
                0x000000000800f76e                HAL_UARTEx_SetRxFifoThreshold
 *fill*         0x000000000800f7ea        0x2 
 .text.UARTEx_SetNbDataToProcess
                0x000000000800f7ec       0x9c ./Drivers/STM32WBxx_HAL_Driver/Src/stm32wbxx_hal_uart_ex.o
 .text.USB_DisableGlobalInt
                0x000000000800f888       0x36 ./Drivers/STM32WBxx_HAL_Driver/Src/stm32wbxx_ll_usb.o
                0x000000000800f888                USB_DisableGlobalInt
 .text.USB_DevInit
                0x000000000800f8be       0x42 ./Drivers/STM32WBxx_HAL_Driver/Src/stm32wbxx_ll_usb.o
                0x000000000800f8be                USB_DevInit
 .text.__errno  0x000000000800f900        0xc c:/st/stm32cubeide_1.12.1/stm32cubeide/plugins/com.st.stm32cube.ide.mcu.externaltools.gnu-tools-for-stm32.10.3-2021.10.win32_1.0.200.202301161003/tools/bin/../lib/gcc/arm-none-eabi/10.3.1/../../../../arm-none-eabi/lib/thumb/v7e-m+fp/hard\libc_nano.a(lib_a-errno.o)
                0x000000000800f900                __errno
 .text.__libc_init_array
                0x000000000800f90c       0x48 c:/st/stm32cubeide_1.12.1/stm32cubeide/plugins/com.st.stm32cube.ide.mcu.externaltools.gnu-tools-for-stm32.10.3-2021.10.win32_1.0.200.202301161003/tools/bin/../lib/gcc/arm-none-eabi/10.3.1/../../../../arm-none-eabi/lib/thumb/v7e-m+fp/hard\libc_nano.a(lib_a-init.o)
                0x000000000800f90c                __libc_init_array
 .text.localtime
                0x000000000800f954       0x3c c:/st/stm32cubeide_1.12.1/stm32cubeide/plugins/com.st.stm32cube.ide.mcu.externaltools.gnu-tools-for-stm32.10.3-2021.10.win32_1.0.200.202301161003/tools/bin/../lib/gcc/arm-none-eabi/10.3.1/../../../../arm-none-eabi/lib/thumb/v7e-m+fp/hard\libc_nano.a(lib_a-lcltime.o)
                0x000000000800f954                localtime
 .text.localtime_r
                0x000000000800f990      0x1e8 c:/st/stm32cubeide_1.12.1/stm32cubeide/plugins/com.st.stm32cube.ide.mcu.externaltools.gnu-tools-for-stm32.10.3-2021.10.win32_1.0.200.202301161003/tools/bin/../lib/gcc/arm-none-eabi/10.3.1/../../../../arm-none-eabi/lib/thumb/v7e-m+fp/hard\libc_nano.a(lib_a-lcltime_r.o)
                0x000000000800f990                localtime_r
 .text.malloc   0x000000000800fb78       0x10 c:/st/stm32cubeide_1.12.1/stm32cubeide/plugins/com.st.stm32cube.ide.mcu.externaltools.gnu-tools-for-stm32.10.3-2021.10.win32_1.0.200.202301161003/tools/bin/../lib/gcc/arm-none-eabi/10.3.1/../../../../arm-none-eabi/lib/thumb/v7e-m+fp/hard\libc_nano.a(lib_a-malloc.o)
                0x000000000800fb78                malloc
 .text.free     0x000000000800fb88       0x10 c:/st/stm32cubeide_1.12.1/stm32cubeide/plugins/com.st.stm32cube.ide.mcu.externaltools.gnu-tools-for-stm32.10.3-2021.10.win32_1.0.200.202301161003/tools/bin/../lib/gcc/arm-none-eabi/10.3.1/../../../../arm-none-eabi/lib/thumb/v7e-m+fp/hard\libc_nano.a(lib_a-malloc.o)
                0x000000000800fb88                free
 .text.memcpy   0x000000000800fb98       0x1c c:/st/stm32cubeide_1.12.1/stm32cubeide/plugins/com.st.stm32cube.ide.mcu.externaltools.gnu-tools-for-stm32.10.3-2021.10.win32_1.0.200.202301161003/tools/bin/../lib/gcc/arm-none-eabi/10.3.1/../../../../arm-none-eabi/lib/thumb/v7e-m+fp/hard\libc_nano.a(lib_a-memcpy-stub.o)
                0x000000000800fb98                memcpy
 .text.memset   0x000000000800fbb4       0x10 c:/st/stm32cubeide_1.12.1/stm32cubeide/plugins/com.st.stm32cube.ide.mcu.externaltools.gnu-tools-for-stm32.10.3-2021.10.win32_1.0.200.202301161003/tools/bin/../lib/gcc/arm-none-eabi/10.3.1/../../../../arm-none-eabi/lib/thumb/v7e-m+fp/hard\libc_nano.a(lib_a-memset.o)
                0x000000000800fbb4                memset
 .text.validate_structure
                0x000000000800fbc4      0x1b0 c:/st/stm32cubeide_1.12.1/stm32cubeide/plugins/com.st.stm32cube.ide.mcu.externaltools.gnu-tools-for-stm32.10.3-2021.10.win32_1.0.200.202301161003/tools/bin/../lib/gcc/arm-none-eabi/10.3.1/../../../../arm-none-eabi/lib/thumb/v7e-m+fp/hard\libc_nano.a(lib_a-mktime.o)
 .text.mktime   0x000000000800fd74      0x334 c:/st/stm32cubeide_1.12.1/stm32cubeide/plugins/com.st.stm32cube.ide.mcu.externaltools.gnu-tools-for-stm32.10.3-2021.10.win32_1.0.200.202301161003/tools/bin/../lib/gcc/arm-none-eabi/10.3.1/../../../../arm-none-eabi/lib/thumb/v7e-m+fp/hard\libc_nano.a(lib_a-mktime.o)
                0x000000000800fd74                mktime
 .text._free_r  0x00000000080100a8       0x98 c:/st/stm32cubeide_1.12.1/stm32cubeide/plugins/com.st.stm32cube.ide.mcu.externaltools.gnu-tools-for-stm32.10.3-2021.10.win32_1.0.200.202301161003/tools/bin/../lib/gcc/arm-none-eabi/10.3.1/../../../../arm-none-eabi/lib/thumb/v7e-m+fp/hard\libc_nano.a(lib_a-nano-freer.o)
                0x00000000080100a8                _free_r
 .text.sbrk_aligned
                0x0000000008010140       0x40 c:/st/stm32cubeide_1.12.1/stm32cubeide/plugins/com.st.stm32cube.ide.mcu.externaltools.gnu-tools-for-stm32.10.3-2021.10.win32_1.0.200.202301161003/tools/bin/../lib/gcc/arm-none-eabi/10.3.1/../../../../arm-none-eabi/lib/thumb/v7e-m+fp/hard\libc_nano.a(lib_a-nano-mallocr.o)
 .text._malloc_r
                0x0000000008010180       0xe8 c:/st/stm32cubeide_1.12.1/stm32cubeide/plugins/com.st.stm32cube.ide.mcu.externaltools.gnu-tools-for-stm32.10.3-2021.10.win32_1.0.200.202301161003/tools/bin/../lib/gcc/arm-none-eabi/10.3.1/../../../../arm-none-eabi/lib/thumb/v7e-m+fp/hard\libc_nano.a(lib_a-nano-mallocr.o)
                0x0000000008010180                _malloc_r
 .text.__cvt    0x0000000008010268       0xc4 c:/st/stm32cubeide_1.12.1/stm32cubeide/plugins/com.st.stm32cube.ide.mcu.externaltools.gnu-tools-for-stm32.10.3-2021.10.win32_1.0.200.202301161003/tools/bin/../lib/gcc/arm-none-eabi/10.3.1/../../../../arm-none-eabi/lib/thumb/v7e-m+fp/hard\libc_nano.a(lib_a-nano-vfprintf_float.o)
                0x0000000008010268                __cvt
 .text.__exponent
                0x000000000801032c       0x7c c:/st/stm32cubeide_1.12.1/stm32cubeide/plugins/com.st.stm32cube.ide.mcu.externaltools.gnu-tools-for-stm32.10.3-2021.10.win32_1.0.200.202301161003/tools/bin/../lib/gcc/arm-none-eabi/10.3.1/../../../../arm-none-eabi/lib/thumb/v7e-m+fp/hard\libc_nano.a(lib_a-nano-vfprintf_float.o)
                0x000000000801032c                __exponent
 .text._printf_float
                0x00000000080103a8      0x46c c:/st/stm32cubeide_1.12.1/stm32cubeide/plugins/com.st.stm32cube.ide.mcu.externaltools.gnu-tools-for-stm32.10.3-2021.10.win32_1.0.200.202301161003/tools/bin/../lib/gcc/arm-none-eabi/10.3.1/../../../../arm-none-eabi/lib/thumb/v7e-m+fp/hard\libc_nano.a(lib_a-nano-vfprintf_float.o)
                0x00000000080103a8                _printf_float
 .text._printf_common
                0x0000000008010814       0xda c:/st/stm32cubeide_1.12.1/stm32cubeide/plugins/com.st.stm32cube.ide.mcu.externaltools.gnu-tools-for-stm32.10.3-2021.10.win32_1.0.200.202301161003/tools/bin/../lib/gcc/arm-none-eabi/10.3.1/../../../../arm-none-eabi/lib/thumb/v7e-m+fp/hard\libc_nano.a(lib_a-nano-vfprintf_i.o)
                0x0000000008010814                _printf_common
 *fill*         0x00000000080108ee        0x2 
 .text._printf_i
                0x00000000080108f0      0x24c c:/st/stm32cubeide_1.12.1/stm32cubeide/plugins/com.st.stm32cube.ide.mcu.externaltools.gnu-tools-for-stm32.10.3-2021.10.win32_1.0.200.202301161003/tools/bin/../lib/gcc/arm-none-eabi/10.3.1/../../../../arm-none-eabi/lib/thumb/v7e-m+fp/hard\libc_nano.a(lib_a-nano-vfprintf_i.o)
                0x00000000080108f0                _printf_i
 .text.rand     0x0000000008010b3c       0x7c c:/st/stm32cubeide_1.12.1/stm32cubeide/plugins/com.st.stm32cube.ide.mcu.externaltools.gnu-tools-for-stm32.10.3-2021.10.win32_1.0.200.202301161003/tools/bin/../lib/gcc/arm-none-eabi/10.3.1/../../../../arm-none-eabi/lib/thumb/v7e-m+fp/hard\libc_nano.a(lib_a-rand.o)
                0x0000000008010b3c                rand
 .text._sbrk_r  0x0000000008010bb8       0x20 c:/st/stm32cubeide_1.12.1/stm32cubeide/plugins/com.st.stm32cube.ide.mcu.externaltools.gnu-tools-for-stm32.10.3-2021.10.win32_1.0.200.202301161003/tools/bin/../lib/gcc/arm-none-eabi/10.3.1/../../../../arm-none-eabi/lib/thumb/v7e-m+fp/hard\libc_nano.a(lib_a-sbrkr.o)
                0x0000000008010bb8                _sbrk_r
 .text.sprintf  0x0000000008010bd8       0x40 c:/st/stm32cubeide_1.12.1/stm32cubeide/plugins/com.st.stm32cube.ide.mcu.externaltools.gnu-tools-for-stm32.10.3-2021.10.win32_1.0.200.202301161003/tools/bin/../lib/gcc/arm-none-eabi/10.3.1/../../../../arm-none-eabi/lib/thumb/v7e-m+fp/hard\libc_nano.a(lib_a-sprintf.o)
                0x0000000008010bd8                siprintf
                0x0000000008010bd8                sprintf
 .text.__tzcalc_limits
                0x0000000008010c18      0x154 c:/st/stm32cubeide_1.12.1/stm32cubeide/plugins/com.st.stm32cube.ide.mcu.externaltools.gnu-tools-for-stm32.10.3-2021.10.win32_1.0.200.202301161003/tools/bin/../lib/gcc/arm-none-eabi/10.3.1/../../../../arm-none-eabi/lib/thumb/v7e-m+fp/hard\libc_nano.a(lib_a-tzcalc_limits.o)
                0x0000000008010c18                __tzcalc_limits
 .text.__tz_lock
                0x0000000008010d6c        0xc c:/st/stm32cubeide_1.12.1/stm32cubeide/plugins/com.st.stm32cube.ide.mcu.externaltools.gnu-tools-for-stm32.10.3-2021.10.win32_1.0.200.202301161003/tools/bin/../lib/gcc/arm-none-eabi/10.3.1/../../../../arm-none-eabi/lib/thumb/v7e-m+fp/hard\libc_nano.a(lib_a-tzlock.o)
                0x0000000008010d6c                __tz_lock
 .text.__tz_unlock
                0x0000000008010d78        0xc c:/st/stm32cubeide_1.12.1/stm32cubeide/plugins/com.st.stm32cube.ide.mcu.externaltools.gnu-tools-for-stm32.10.3-2021.10.win32_1.0.200.202301161003/tools/bin/../lib/gcc/arm-none-eabi/10.3.1/../../../../arm-none-eabi/lib/thumb/v7e-m+fp/hard\libc_nano.a(lib_a-tzlock.o)
                0x0000000008010d78                __tz_unlock
 .text._tzset_unlocked
                0x0000000008010d84        0xc c:/st/stm32cubeide_1.12.1/stm32cubeide/plugins/com.st.stm32cube.ide.mcu.externaltools.gnu-tools-for-stm32.10.3-2021.10.win32_1.0.200.202301161003/tools/bin/../lib/gcc/arm-none-eabi/10.3.1/../../../../arm-none-eabi/lib/thumb/v7e-m+fp/hard\libc_nano.a(lib_a-tzset.o)
                0x0000000008010d84                _tzset_unlocked
 .text._tzset_unlocked_r
                0x0000000008010d90      0x300 c:/st/stm32cubeide_1.12.1/stm32cubeide/plugins/com.st.stm32cube.ide.mcu.externaltools.gnu-tools-for-stm32.10.3-2021.10.win32_1.0.200.202301161003/tools/bin/../lib/gcc/arm-none-eabi/10.3.1/../../../../arm-none-eabi/lib/thumb/v7e-m+fp/hard\libc_nano.a(lib_a-tzset_r.o)
                0x0000000008010d90                _tzset_unlocked_r
 .text.__assert_func
                0x0000000008011090       0x3c c:/st/stm32cubeide_1.12.1/stm32cubeide/plugins/com.st.stm32cube.ide.mcu.externaltools.gnu-tools-for-stm32.10.3-2021.10.win32_1.0.200.202301161003/tools/bin/../lib/gcc/arm-none-eabi/10.3.1/../../../../arm-none-eabi/lib/thumb/v7e-m+fp/hard\libc_nano.a(lib_a-assert.o)
                0x0000000008011090                __assert_func
 .text.div      0x00000000080110cc       0x28 c:/st/stm32cubeide_1.12.1/stm32cubeide/plugins/com.st.stm32cube.ide.mcu.externaltools.gnu-tools-for-stm32.10.3-2021.10.win32_1.0.200.202301161003/tools/bin/../lib/gcc/arm-none-eabi/10.3.1/../../../../arm-none-eabi/lib/thumb/v7e-m+fp/hard\libc_nano.a(lib_a-div.o)
                0x00000000080110cc                div
 .text.quorem   0x00000000080110f4      0x116 c:/st/stm32cubeide_1.12.1/stm32cubeide/plugins/com.st.stm32cube.ide.mcu.externaltools.gnu-tools-for-stm32.10.3-2021.10.win32_1.0.200.202301161003/tools/bin/../lib/gcc/arm-none-eabi/10.3.1/../../../../arm-none-eabi/lib/thumb/v7e-m+fp/hard\libc_nano.a(lib_a-dtoa.o)
 *fill*         0x000000000801120a        0x6 
 .text._dtoa_r  0x0000000008011210      0xbdc c:/st/stm32cubeide_1.12.1/stm32cubeide/plugins/com.st.stm32cube.ide.mcu.externaltools.gnu-tools-for-stm32.10.3-2021.10.win32_1.0.200.202301161003/tools/bin/../lib/gcc/arm-none-eabi/10.3.1/../../../../arm-none-eabi/lib/thumb/v7e-m+fp/hard\libc_nano.a(lib_a-dtoa.o)
                0x0000000008011210                _dtoa_r
 .text.fprintf  0x0000000008011dec       0x24 c:/st/stm32cubeide_1.12.1/stm32cubeide/plugins/com.st.stm32cube.ide.mcu.externaltools.gnu-tools-for-stm32.10.3-2021.10.win32_1.0.200.202301161003/tools/bin/../lib/gcc/arm-none-eabi/10.3.1/../../../../arm-none-eabi/lib/thumb/v7e-m+fp/hard\libc_nano.a(lib_a-fprintf.o)
                0x0000000008011dec                fiprintf
                0x0000000008011dec                fprintf
 .text._findenv_r
                0x0000000008011e10       0x78 c:/st/stm32cubeide_1.12.1/stm32cubeide/plugins/com.st.stm32cube.ide.mcu.externaltools.gnu-tools-for-stm32.10.3-2021.10.win32_1.0.200.202301161003/tools/bin/../lib/gcc/arm-none-eabi/10.3.1/../../../../arm-none-eabi/lib/thumb/v7e-m+fp/hard\libc_nano.a(lib_a-getenv_r.o)
                0x0000000008011e10                _findenv_r
 .text._getenv_r
                0x0000000008011e88        0xe c:/st/stm32cubeide_1.12.1/stm32cubeide/plugins/com.st.stm32cube.ide.mcu.externaltools.gnu-tools-for-stm32.10.3-2021.10.win32_1.0.200.202301161003/tools/bin/../lib/gcc/arm-none-eabi/10.3.1/../../../../arm-none-eabi/lib/thumb/v7e-m+fp/hard\libc_nano.a(lib_a-getenv_r.o)
                0x0000000008011e88                _getenv_r
 *fill*         0x0000000008011e96        0x2 
 .text.__gettzinfo
                0x0000000008011e98        0x8 c:/st/stm32cubeide_1.12.1/stm32cubeide/plugins/com.st.stm32cube.ide.mcu.externaltools.gnu-tools-for-stm32.10.3-2021.10.win32_1.0.200.202301161003/tools/bin/../lib/gcc/arm-none-eabi/10.3.1/../../../../arm-none-eabi/lib/thumb/v7e-m+fp/hard\libc_nano.a(lib_a-gettzinfo.o)
                0x0000000008011e98                __gettzinfo
 .text.gmtime_r
                0x0000000008011ea0      0x158 c:/st/stm32cubeide_1.12.1/stm32cubeide/plugins/com.st.stm32cube.ide.mcu.externaltools.gnu-tools-for-stm32.10.3-2021.10.win32_1.0.200.202301161003/tools/bin/../lib/gcc/arm-none-eabi/10.3.1/../../../../arm-none-eabi/lib/thumb/v7e-m+fp/hard\libc_nano.a(lib_a-gmtime_r.o)
                0x0000000008011ea0                gmtime_r
 .text._localeconv_r
                0x0000000008011ff8        0x8 c:/st/stm32cubeide_1.12.1/stm32cubeide/plugins/com.st.stm32cube.ide.mcu.externaltools.gnu-tools-for-stm32.10.3-2021.10.win32_1.0.200.202301161003/tools/bin/../lib/gcc/arm-none-eabi/10.3.1/../../../../arm-none-eabi/lib/thumb/v7e-m+fp/hard\libc_nano.a(lib_a-localeconv.o)
                0x0000000008011ff8                _localeconv_r
 .text.__retarget_lock_init_recursive
                0x0000000008012000        0x2 c:/st/stm32cubeide_1.12.1/stm32cubeide/plugins/com.st.stm32cube.ide.mcu.externaltools.gnu-tools-for-stm32.10.3-2021.10.win32_1.0.200.202301161003/tools/bin/../lib/gcc/arm-none-eabi/10.3.1/../../../../arm-none-eabi/lib/thumb/v7e-m+fp/hard\libc_nano.a(lib_a-lock.o)
                0x0000000008012000                __retarget_lock_init_recursive
 .text.__retarget_lock_acquire
                0x0000000008012002        0x2 c:/st/stm32cubeide_1.12.1/stm32cubeide/plugins/com.st.stm32cube.ide.mcu.externaltools.gnu-tools-for-stm32.10.3-2021.10.win32_1.0.200.202301161003/tools/bin/../lib/gcc/arm-none-eabi/10.3.1/../../../../arm-none-eabi/lib/thumb/v7e-m+fp/hard\libc_nano.a(lib_a-lock.o)
                0x0000000008012002                __retarget_lock_acquire
 .text.__retarget_lock_acquire_recursive
                0x0000000008012004        0x2 c:/st/stm32cubeide_1.12.1/stm32cubeide/plugins/com.st.stm32cube.ide.mcu.externaltools.gnu-tools-for-stm32.10.3-2021.10.win32_1.0.200.202301161003/tools/bin/../lib/gcc/arm-none-eabi/10.3.1/../../../../arm-none-eabi/lib/thumb/v7e-m+fp/hard\libc_nano.a(lib_a-lock.o)
                0x0000000008012004                __retarget_lock_acquire_recursive
 .text.__retarget_lock_release
                0x0000000008012006        0x2 c:/st/stm32cubeide_1.12.1/stm32cubeide/plugins/com.st.stm32cube.ide.mcu.externaltools.gnu-tools-for-stm32.10.3-2021.10.win32_1.0.200.202301161003/tools/bin/../lib/gcc/arm-none-eabi/10.3.1/../../../../arm-none-eabi/lib/thumb/v7e-m+fp/hard\libc_nano.a(lib_a-lock.o)
                0x0000000008012006                __retarget_lock_release
 .text.__retarget_lock_release_recursive
                0x0000000008012008        0x2 c:/st/stm32cubeide_1.12.1/stm32cubeide/plugins/com.st.stm32cube.ide.mcu.externaltools.gnu-tools-for-stm32.10.3-2021.10.win32_1.0.200.202301161003/tools/bin/../lib/gcc/arm-none-eabi/10.3.1/../../../../arm-none-eabi/lib/thumb/v7e-m+fp/hard\libc_nano.a(lib_a-lock.o)
                0x0000000008012008                __retarget_lock_release_recursive
 *fill*         0x000000000801200a        0x2 
 .text.__malloc_lock
                0x000000000801200c        0xc c:/st/stm32cubeide_1.12.1/stm32cubeide/plugins/com.st.stm32cube.ide.mcu.externaltools.gnu-tools-for-stm32.10.3-2021.10.win32_1.0.200.202301161003/tools/bin/../lib/gcc/arm-none-eabi/10.3.1/../../../../arm-none-eabi/lib/thumb/v7e-m+fp/hard\libc_nano.a(lib_a-mlock.o)
                0x000000000801200c                __malloc_lock
 .text.__malloc_unlock
                0x0000000008012018        0xc c:/st/stm32cubeide_1.12.1/stm32cubeide/plugins/com.st.stm32cube.ide.mcu.externaltools.gnu-tools-for-stm32.10.3-2021.10.win32_1.0.200.202301161003/tools/bin/../lib/gcc/arm-none-eabi/10.3.1/../../../../arm-none-eabi/lib/thumb/v7e-m+fp/hard\libc_nano.a(lib_a-mlock.o)
                0x0000000008012018                __malloc_unlock
 .text._Balloc  0x0000000008012024       0x80 c:/st/stm32cubeide_1.12.1/stm32cubeide/plugins/com.st.stm32cube.ide.mcu.externaltools.gnu-tools-for-stm32.10.3-2021.10.win32_1.0.200.202301161003/tools/bin/../lib/gcc/arm-none-eabi/10.3.1/../../../../arm-none-eabi/lib/thumb/v7e-m+fp/hard\libc_nano.a(lib_a-mprec.o)
                0x0000000008012024                _Balloc
 .text._Bfree   0x00000000080120a4       0x44 c:/st/stm32cubeide_1.12.1/stm32cubeide/plugins/com.st.stm32cube.ide.mcu.externaltools.gnu-tools-for-stm32.10.3-2021.10.win32_1.0.200.202301161003/tools/bin/../lib/gcc/arm-none-eabi/10.3.1/../../../../arm-none-eabi/lib/thumb/v7e-m+fp/hard\libc_nano.a(lib_a-mprec.o)
                0x00000000080120a4                _Bfree
 .text.__multadd
                0x00000000080120e8       0x8c c:/st/stm32cubeide_1.12.1/stm32cubeide/plugins/com.st.stm32cube.ide.mcu.externaltools.gnu-tools-for-stm32.10.3-2021.10.win32_1.0.200.202301161003/tools/bin/../lib/gcc/arm-none-eabi/10.3.1/../../../../arm-none-eabi/lib/thumb/v7e-m+fp/hard\libc_nano.a(lib_a-mprec.o)
                0x00000000080120e8                __multadd
 .text.__hi0bits
                0x0000000008012174       0x40 c:/st/stm32cubeide_1.12.1/stm32cubeide/plugins/com.st.stm32cube.ide.mcu.externaltools.gnu-tools-for-stm32.10.3-2021.10.win32_1.0.200.202301161003/tools/bin/../lib/gcc/arm-none-eabi/10.3.1/../../../../arm-none-eabi/lib/thumb/v7e-m+fp/hard\libc_nano.a(lib_a-mprec.o)
                0x0000000008012174                __hi0bits
 .text.__lo0bits
                0x00000000080121b4       0x5e c:/st/stm32cubeide_1.12.1/stm32cubeide/plugins/com.st.stm32cube.ide.mcu.externaltools.gnu-tools-for-stm32.10.3-2021.10.win32_1.0.200.202301161003/tools/bin/../lib/gcc/arm-none-eabi/10.3.1/../../../../arm-none-eabi/lib/thumb/v7e-m+fp/hard\libc_nano.a(lib_a-mprec.o)
                0x00000000080121b4                __lo0bits
 *fill*         0x0000000008012212        0x2 
 .text.__i2b    0x0000000008012214       0x2c c:/st/stm32cubeide_1.12.1/stm32cubeide/plugins/com.st.stm32cube.ide.mcu.externaltools.gnu-tools-for-stm32.10.3-2021.10.win32_1.0.200.202301161003/tools/bin/../lib/gcc/arm-none-eabi/10.3.1/../../../../arm-none-eabi/lib/thumb/v7e-m+fp/hard\libc_nano.a(lib_a-mprec.o)
                0x0000000008012214                __i2b
 .text.__multiply
                0x0000000008012240      0x154 c:/st/stm32cubeide_1.12.1/stm32cubeide/plugins/com.st.stm32cube.ide.mcu.externaltools.gnu-tools-for-stm32.10.3-2021.10.win32_1.0.200.202301161003/tools/bin/../lib/gcc/arm-none-eabi/10.3.1/../../../../arm-none-eabi/lib/thumb/v7e-m+fp/hard\libc_nano.a(lib_a-mprec.o)
                0x0000000008012240                __multiply
 .text.__pow5mult
                0x0000000008012394       0xb4 c:/st/stm32cubeide_1.12.1/stm32cubeide/plugins/com.st.stm32cube.ide.mcu.externaltools.gnu-tools-for-stm32.10.3-2021.10.win32_1.0.200.202301161003/tools/bin/../lib/gcc/arm-none-eabi/10.3.1/../../../../arm-none-eabi/lib/thumb/v7e-m+fp/hard\libc_nano.a(lib_a-mprec.o)
                0x0000000008012394                __pow5mult
 .text.__lshift
                0x0000000008012448       0xe0 c:/st/stm32cubeide_1.12.1/stm32cubeide/plugins/com.st.stm32cube.ide.mcu.externaltools.gnu-tools-for-stm32.10.3-2021.10.win32_1.0.200.202301161003/tools/bin/../lib/gcc/arm-none-eabi/10.3.1/../../../../arm-none-eabi/lib/thumb/v7e-m+fp/hard\libc_nano.a(lib_a-mprec.o)
                0x0000000008012448                __lshift
 .text.__mcmp   0x0000000008012528       0x38 c:/st/stm32cubeide_1.12.1/stm32cubeide/plugins/com.st.stm32cube.ide.mcu.externaltools.gnu-tools-for-stm32.10.3-2021.10.win32_1.0.200.202301161003/tools/bin/../lib/gcc/arm-none-eabi/10.3.1/../../../../arm-none-eabi/lib/thumb/v7e-m+fp/hard\libc_nano.a(lib_a-mprec.o)
                0x0000000008012528                __mcmp
 .text.__mdiff  0x0000000008012560      0x114 c:/st/stm32cubeide_1.12.1/stm32cubeide/plugins/com.st.stm32cube.ide.mcu.externaltools.gnu-tools-for-stm32.10.3-2021.10.win32_1.0.200.202301161003/tools/bin/../lib/gcc/arm-none-eabi/10.3.1/../../../../arm-none-eabi/lib/thumb/v7e-m+fp/hard\libc_nano.a(lib_a-mprec.o)
                0x0000000008012560                __mdiff
 .text.__d2b    0x0000000008012674       0xb8 c:/st/stm32cubeide_1.12.1/stm32cubeide/plugins/com.st.stm32cube.ide.mcu.externaltools.gnu-tools-for-stm32.10.3-2021.10.win32_1.0.200.202301161003/tools/bin/../lib/gcc/arm-none-eabi/10.3.1/../../../../arm-none-eabi/lib/thumb/v7e-m+fp/hard\libc_nano.a(lib_a-mprec.o)
                0x0000000008012674                __d2b
 .text._calloc_r