../Drivers/STM32WBxx_HAL_Driver/Inc/stm32wbxx_ll_rcc.h:1679:22:LL_RCC_LSE_SetDriveCapability	16	static
../Drivers/STM32WBxx_HAL_Driver/Inc/stm32wbxx_ll_bus.h:539:22:LL_AHB2_GRP1_EnableClock	24	static
../Core/Src/main.c:208:6:serialOut	16	static
../Core/Src/main.c:221:6:getTimeBCD	48	static
../Core/Src/main.c:237:6:writeRTC	88	static
../Core/Src/main.c:274:8:readRTC	88	static
../Core/Src/main.c:314:8:testTime	80	static
../Core/Src/main.c:349:11:LoadAllEEPROM	16	static
../Core/Src/main.c:367:11:LoadFromEEPROM	24	static
../Core/Src/main.c:377:11:StoreEEPROM	24	static
../Core/Src/main.c:445:6:switchLedOn	16	static
../Core/Src/main.c:464:6:switchLedOff	16	static
../Core/Src/main.c:496:6:HAL_FLASH_EndOfOperationCallback	16	static
../Core/Src/main.c:510:6:EE_EndOfCleanup_UserCallback	4	static
../Core/Src/main.c:519:6:HAL_GPIO_EXTI_Callback	16	static
../Core/Src/main.c:568:6:HAL_TIM_PeriodElapsedCallback	16	static
../Core/Src/main.c:595:11:eepromDefaults	16	static
../Core/Src/main.c:629:5:main	16	static
../Core/Src/main.c:778:6:SystemClock_Config	112	static
../Core/Src/main.c:835:6:PeriphCommonClock_Config	88	static
../Core/Src/main.c:859:13:MX_LPUART1_UART_Init	8	static
../Core/Src/main.c:907:13:MX_USART1_UART_Init	8	static
../Core/Src/main.c:955:13:MX_PKA_Init	8	static
../Core/Src/main.c:981:13:MX_RTC_Init	8	static
../Core/Src/main.c:1046:13:MX_SPI1_Init	8	static
../Core/Src/main.c:1086:13:MX_SPI2_Init	8	static
../Core/Src/main.c:1126:13:MX_TIM1_Init	120	static
../Core/Src/main.c:1207:13:MX_USB_PCD_Init	8	static
../Core/Src/main.c:1240:13:MX_GPIO_Init	32	static
../Core/Src/main.c:1586:6:Error_Handler	8	static
