../Core/Src/mcu.c:83:13:MCU_ShouldLogMessage	16	static
../Core/Src/mcu.c:123:6:PCU_Initialize	16	static
../Core/Src/mcu.c:247:6:PCU_Tasks	72	static
../Core/Src/mcu.c:654:6:DRV_CANFDSPI_Init	16	static
../Core/Src/mcu.c:724:6:MCU_UpdateStats	96	static
../Core/Src/mcu.c:915:6:MCU_ReceiveMessages	64	static
../Core/Src/mcu.c:979:6:MCU_TransmitMessageQueue	72	static,ignoring_inline_asm
../Core/Src/mcu.c:1017:6:MCU_RegisterModule	56	static
../Core/Src/mcu.c:1107:6:MCU_DeRegisterModule	24	static
../Core/Src/mcu.c:1136:6:MCU_DeRegisterAllModules	16	static
../Core/Src/mcu.c:1165:6:MCU_IsolateAllModules	16	static
../Core/Src/mcu.c:1195:6:MCU_RequestModuleAnnouncement	16	static
../Core/Src/mcu.c:1227:6:MCU_ProcessModuleTime	32	static
../Core/Src/mcu.c:1264:6:MCU_RequestHardware	24	static
../Core/Src/mcu.c:1312:6:MCU_ProcessModuleHardware	88	static
../Core/Src/mcu.c:1401:6:MCU_RequestModuleStatus	24	static
../Core/Src/mcu.c:1451:9:MCU_FindMaxVoltageModule	16	static
../Core/Src/mcu.c:1475:6:MCU_ProcessModuleStatus1	152	static
../Core/Src/mcu.c:1561:6:MCU_ProcessModuleStatus2	104	static
../Core/Src/mcu.c:1618:6:MCU_ProcessModuleStatus3	80	static
../Core/Src/mcu.c:1674:6:MCU_ProcessCellCommStatus1	88	static
../Core/Src/mcu.c:1719:6:MCU_RequestCellDetail	24	static
../Core/Src/mcu.c:1751:6:MCU_TransmitState	40	static
../Core/Src/mcu.c:1794:6:MCU_TransmitMaxState	24	static
../Core/Src/mcu.c:1837:6:MCU_ProcessCellDetail	56	static
../Core/Src/mcu.c:1894:9:MCU_ModuleIndexFromId	24	static
../Core/Src/mcu.c:1914:10:MCU_TicksSinceLastMessage	40	static
../Core/Src/mcu.c:1943:10:MCU_TicksSinceLastStateTx	40	static
../Core/Src/mcu.c:1972:10:MCU_ElapsedTicks	32	static
../Core/Src/mcu.c:1994:6:CAN_TestRegisterAccess	24	static,ignoring_inline_asm
../Core/Src/mcu.c:2039:6:CAN_TestRamAccess	24	static,ignoring_inline_asm
