../Core/Src/mcu.c:84:13:MCU_ShouldLogMessage	16	static
../Core/Src/mcu.c:124:6:PCU_Initialize	16	static
../Core/Src/mcu.c:248:6:PCU_Tasks	64	static
../Core/Src/mcu.c:663:6:DRV_CANFDSPI_Init	16	static
../Core/Src/mcu.c:733:6:MCU_UpdateStats	96	static
../Core/Src/mcu.c:925:6:MCU_ReceiveMessages	64	static
../Core/Src/mcu.c:989:6:MCU_TransmitMessageQueue	72	static,ignoring_inline_asm
../Core/Src/mcu.c:1027:6:MCU_RegisterModule	56	static
../Core/Src/mcu.c:1147:6:MCU_DeRegisterModule	24	static
../Core/Src/mcu.c:1180:6:MCU_DeRegisterAllModules	16	static
../Core/Src/mcu.c:1222:6:MCU_IsolateAllModules	16	static
../Core/Src/mcu.c:1252:6:MCU_RequestModuleAnnouncement	16	static
../Core/Src/mcu.c:1284:6:MCU_ProcessModuleTime	32	static
../Core/Src/mcu.c:1321:6:MCU_RequestHardware	24	static
../Core/Src/mcu.c:1370:6:MCU_ProcessModuleHardware	88	static
../Core/Src/mcu.c:1460:6:MCU_RequestModuleStatus	24	static
../Core/Src/mcu.c:1515:9:MCU_FindMaxVoltageModule	16	static
../Core/Src/mcu.c:1540:6:MCU_ProcessModuleStatus1	152	static
../Core/Src/mcu.c:1662:6:MCU_ProcessModuleStatus2	104	static
../Core/Src/mcu.c:1744:6:MCU_ProcessModuleStatus3	80	static
../Core/Src/mcu.c:1824:6:MCU_ProcessCellCommStatus1	88	static
../Core/Src/mcu.c:1869:6:MCU_RequestCellDetail	24	static
../Core/Src/mcu.c:1901:6:MCU_TransmitState	40	static
../Core/Src/mcu.c:1944:6:MCU_TransmitMaxState	24	static
../Core/Src/mcu.c:1987:6:MCU_ProcessCellDetail	56	static
../Core/Src/mcu.c:2052:9:MCU_ModuleIndexFromId	24	static
../Core/Src/mcu.c:2071:6:MCU_UpdateModuleCounts	16	static
../Core/Src/mcu.c:2092:10:MCU_TicksSinceLastMessage	40	static
../Core/Src/mcu.c:2121:10:MCU_TicksSinceLastStateTx	40	static
../Core/Src/mcu.c:2150:10:MCU_ElapsedTicks	32	static
../Core/Src/mcu.c:2172:6:CAN_TestRegisterAccess	24	static,ignoring_inline_asm
../Core/Src/mcu.c:2217:6:CAN_TestRamAccess	24	static,ignoring_inline_asm
