../Core/Src/vcu.c:92:6:VCU_ReceiveMessages	64	static
../Core/Src/vcu.c:133:6:VCU_TransmitMessageQueue	72	static,ignoring_inline_asm
../Core/Src/vcu.c:171:6:VCU_ProcessVcuCommand	32	static
../Core/Src/vcu.c:234:6:VCU_ProcessVcuModuleCommand	24	static
../Core/Src/vcu.c:278:6:VCU_ProcessVcuKeepAlive	16	static
../Core/Src/vcu.c:308:6:VCU_ProcessVcuTime	24	static
../Core/Src/vcu.c:339:6:VCU_ProcessReadEeprom	32	static
../Core/Src/vcu.c:402:6:VCU_ProcessWriteEeprom	32	static
../Core/Src/vcu.c:470:6:VCU_ProcessVcuRequestModuleList	4	static
../Core/Src/vcu.c:479:10:VCU_TicksSinceLastMessage	24	static
../Core/Src/vcu.c:502:6:VCU_TransmitBmsState	32	static
../Core/Src/vcu.c:552:6:VCU_TransmitBmsData1	24	static
../Core/Src/vcu.c:603:6:VCU_TransmitBmsData2	24	static
../Core/Src/vcu.c:660:6:VCU_TransmitBmsData3	24	static
../Core/Src/vcu.c:713:6:VCU_TransmitBmsData5	24	static
../Core/Src/vcu.c:767:6:VCU_TransmitBmsData8	16	static
../Core/Src/vcu.c:809:6:VCU_TransmitBmsData9	16	static
../Core/Src/vcu.c:850:6:VCU_TransmitBmsData10	16	static
../Core/Src/vcu.c:889:6:VCU_TransmitModuleState	24	static
../Core/Src/vcu.c:937:6:VCU_TransmitModulePower	32	static
../Core/Src/vcu.c:978:6:VCU_TransmitModuleCellVoltage	32	static
../Core/Src/vcu.c:1019:6:VCU_TransmitModuleCellTemp	32	static
../Core/Src/vcu.c:1059:6:VCU_TransmitModuleCellId	4	static
../Core/Src/vcu.c:1104:6:VCU_TransmitModuleLimits	32	static
../Core/Src/vcu.c:1144:6:VCU_TransmitModuleList	4	static
../Core/Src/vcu.c:1159:6:VCU_RequestTime	8	static
